Archive member included to satisfy reference by file (symbol)

/usr/lib/gcc/arm-none-eabi/13.2.1/thumb/v6-m/nofp/libgcc.a(_dvmd_tls.o)
                              CMakeFiles/test.dir/home/kedar/pico/pico-sdk/src/rp2_common/pico_divider/divider.S.obj (__aeabi_idiv0)
/usr/lib/gcc/arm-none-eabi/13.2.1/../../../arm-none-eabi/lib/thumb/v6-m/nofp/libc.a(libc_a-strtok.o)
                              CMakeFiles/test.dir/main.cpp.obj (strtok)
/usr/lib/gcc/arm-none-eabi/13.2.1/../../../arm-none-eabi/lib/thumb/v6-m/nofp/libc.a(libc_a-sscanf.o)
                              CMakeFiles/test.dir/main.cpp.obj (sscanf)
/usr/lib/gcc/arm-none-eabi/13.2.1/../../../arm-none-eabi/lib/thumb/v6-m/nofp/libc.a(libc_a-gets.o)
                              CMakeFiles/test.dir/main.cpp.obj (gets)
/usr/lib/gcc/arm-none-eabi/13.2.1/../../../arm-none-eabi/lib/thumb/v6-m/nofp/libc.a(libc_a-calloc.o)
                              CMakeFiles/test.dir/home/kedar/pico/pico-sdk/src/rp2_common/pico_malloc/pico_malloc.c.obj (calloc)
/usr/lib/gcc/arm-none-eabi/13.2.1/../../../arm-none-eabi/lib/thumb/v6-m/nofp/libc.a(libc_a-impure.o)
                              /usr/lib/gcc/arm-none-eabi/13.2.1/../../../arm-none-eabi/lib/thumb/v6-m/nofp/libc.a(libc_a-strtok.o) (_impure_ptr)
/usr/lib/gcc/arm-none-eabi/13.2.1/../../../arm-none-eabi/lib/thumb/v6-m/nofp/libc.a(libc_a-callocr.o)
                              /usr/lib/gcc/arm-none-eabi/13.2.1/../../../arm-none-eabi/lib/thumb/v6-m/nofp/libc.a(libc_a-calloc.o) (_calloc_r)
/usr/lib/gcc/arm-none-eabi/13.2.1/../../../arm-none-eabi/lib/thumb/v6-m/nofp/libc.a(libc_a-realloc.o)
                              CMakeFiles/test.dir/home/kedar/pico/pico-sdk/src/rp2_common/pico_malloc/pico_malloc.c.obj (realloc)
/usr/lib/gcc/arm-none-eabi/13.2.1/../../../arm-none-eabi/lib/thumb/v6-m/nofp/libc.a(libc_a-rget.o)
                              /usr/lib/gcc/arm-none-eabi/13.2.1/../../../arm-none-eabi/lib/thumb/v6-m/nofp/libc.a(libc_a-gets.o) (__srget_r)
/usr/lib/gcc/arm-none-eabi/13.2.1/../../../arm-none-eabi/lib/thumb/v6-m/nofp/libc.a(libc_a-mallocr.o)
                              /usr/lib/gcc/arm-none-eabi/13.2.1/../../../arm-none-eabi/lib/thumb/v6-m/nofp/libc.a(libc_a-callocr.o) (_malloc_r)
/usr/lib/gcc/arm-none-eabi/13.2.1/../../../arm-none-eabi/lib/thumb/v6-m/nofp/libc.a(libc_a-freer.o)
                              /usr/lib/gcc/arm-none-eabi/13.2.1/../../../arm-none-eabi/lib/thumb/v6-m/nofp/libc.a(libc_a-mallocr.o) (_free_r)
/usr/lib/gcc/arm-none-eabi/13.2.1/../../../arm-none-eabi/lib/thumb/v6-m/nofp/libc.a(libc_a-strtok_r.o)
                              /usr/lib/gcc/arm-none-eabi/13.2.1/../../../arm-none-eabi/lib/thumb/v6-m/nofp/libc.a(libc_a-strtok.o) (__strtok_r)
/usr/lib/gcc/arm-none-eabi/13.2.1/../../../arm-none-eabi/lib/thumb/v6-m/nofp/libc.a(libc_a-svfscanf.o)
                              /usr/lib/gcc/arm-none-eabi/13.2.1/../../../arm-none-eabi/lib/thumb/v6-m/nofp/libc.a(libc_a-sscanf.o) (__ssvfscanf_r)
/usr/lib/gcc/arm-none-eabi/13.2.1/../../../arm-none-eabi/lib/thumb/v6-m/nofp/libc.a(libc_a-strtol.o)
                              /usr/lib/gcc/arm-none-eabi/13.2.1/../../../arm-none-eabi/lib/thumb/v6-m/nofp/libc.a(libc_a-svfscanf.o) (_strtol_r)
/usr/lib/gcc/arm-none-eabi/13.2.1/../../../arm-none-eabi/lib/thumb/v6-m/nofp/libc.a(libc_a-malloc.o)
                              CMakeFiles/test.dir/home/kedar/pico/pico-sdk/src/rp2_common/pico_malloc/pico_malloc.c.obj (malloc)
/usr/lib/gcc/arm-none-eabi/13.2.1/../../../arm-none-eabi/lib/thumb/v6-m/nofp/libc.a(libc_a-sysconf.o)
                              /usr/lib/gcc/arm-none-eabi/13.2.1/../../../arm-none-eabi/lib/thumb/v6-m/nofp/libc.a(libc_a-mallocr.o) (sysconf)
/usr/lib/gcc/arm-none-eabi/13.2.1/../../../arm-none-eabi/lib/thumb/v6-m/nofp/libc.a(libc_a-stdio.o)
                              /usr/lib/gcc/arm-none-eabi/13.2.1/../../../arm-none-eabi/lib/thumb/v6-m/nofp/libc.a(libc_a-sscanf.o) (__seofread)
/usr/lib/gcc/arm-none-eabi/13.2.1/../../../arm-none-eabi/lib/thumb/v6-m/nofp/libc.a(libc_a-iswspace.o)
                              /usr/lib/gcc/arm-none-eabi/13.2.1/../../../arm-none-eabi/lib/thumb/v6-m/nofp/libc.a(libc_a-svfscanf.o) (iswspace)
/usr/lib/gcc/arm-none-eabi/13.2.1/../../../arm-none-eabi/lib/thumb/v6-m/nofp/libc.a(libc_a-mbrtowc.o)
                              /usr/lib/gcc/arm-none-eabi/13.2.1/../../../arm-none-eabi/lib/thumb/v6-m/nofp/libc.a(libc_a-svfscanf.o) (_mbrtowc_r)
/usr/lib/gcc/arm-none-eabi/13.2.1/../../../arm-none-eabi/lib/thumb/v6-m/nofp/libc.a(libc_a-init.o)
                              /usr/lib/gcc/arm-none-eabi/13.2.1/../../../arm-none-eabi/lib/thumb/v6-m/nofp/crt0.o (__libc_init_array)
/usr/lib/gcc/arm-none-eabi/13.2.1/../../../arm-none-eabi/lib/thumb/v6-m/nofp/libc.a(libc_a-refill.o)
                              /usr/lib/gcc/arm-none-eabi/13.2.1/../../../arm-none-eabi/lib/thumb/v6-m/nofp/libc.a(libc_a-rget.o) (__srefill_r)
/usr/lib/gcc/arm-none-eabi/13.2.1/../../../arm-none-eabi/lib/thumb/v6-m/nofp/libc.a(libc_a-reallocr.o)
[...]
Memory Configuration

Name             Origin             Length             Attributes
FLASH            0x10000000         0x00200000         xr
RAM              0x20000000         0x00040000         xrw
SCRATCH_X        0x20040000         0x00001000         xrw
SCRATCH_Y        0x20041000         0x00001000         xrw
*default*        0x00000000         0xffffffff

Linker script and memory map

LOAD /usr/lib/gcc/arm-none-eabi/13.2.1/thumb/v6-m/nofp/crti.o
LOAD /usr/lib/gcc/arm-none-eabi/13.2.1/thumb/v6-m/nofp/crtbegin.o
LOAD /usr/lib/gcc/arm-none-eabi/13.2.1/../../../arm-none-eabi/lib/thumb/v6-m/nofp/crt0.o

.flash_begin    0x10000000        0x0
                0x10000000                        __flash_binary_start = .

.boot2          0x10000000      0x100
                0x10000000                        __boot2_start__ = .
 *(.boot2)
 .boot2         0x10000000      0x100 /tmp/ccg2soU5.o
                0x10000100                        __boot2_end__ = .
                0x00000001                        ASSERT (((__boot2_end__ - __boot2_start__) == 0x100), ERROR: Pico second stage bootloader must be 256 bytes in size)

.text           0x10000100     0xee18
                0x10000100                        __logical_binary_start = .
 *(.vectors)
 .vectors       0x10000100       0xd4 CMakeFiles/test.dir/home/kedar/pico/pico-sdk/src/rp2_common/pico_standard_link/crt0.S.obj
                0x10000100                __vectors
                0x10000100                __VECTOR_TABLE
                0x100001c0                isr_invalid
                0x100001c0                __default_isrs_start
                0x100001c2                isr_nmi
                0x100001c4                isr_hardfault
                0x100001c6                isr_svcall
                0x100001c8                isr_pendsv
                0x100001ca                isr_systick
                0x100001cc                isr_irq30
                0x100001cc                __unhandled_user_irq
                0x100001cc                isr_irq13
                0x100001cc                isr_irq27
                0x100001cc                isr_irq31
                0x100001cc                isr_irq5
                0x100001cc                isr_irq11
                0x100001cc                isr_irq23
                0x100001cc                isr_irq18
                0x100001cc                isr_irq28
                0x100001cc                isr_irq19
                0x100001cc                isr_irq0
                0x100001cc                isr_irq6
                0x100001cc                isr_irq22
                0x100001cc                isr_irq17
                0x100001cc                isr_irq14
                0x100001cc                isr_irq2
                0x100001cc                isr_irq10
                0x100001cc                isr_irq8
                0x100001cc                isr_irq24
                0x100001cc                isr_irq1
                0x100001cc                isr_irq7
                0x100001cc                isr_irq21
                0x100001cc                isr_irq20
                0x100001cc                isr_irq15
                0x100001cc                isr_irq25
                0x100001cc                isr_irq4
                0x100001cc                isr_irq16
                0x100001cc                isr_irq29
                0x100001cc                isr_irq26
                0x100001cc                __default_isrs_end
                0x100001cc                isr_irq3
                0x100001cc                isr_irq12
                0x100001cc                isr_irq9
                0x100001d2                unhandled_user_irq_num_in_r0
 *(.binary_info_header)
 .binary_info_header
                0x100001d4       0x14 CMakeFiles/test.dir/home/kedar/pico/pico-sdk/src/rp2_common/pico_standard_link/crt0.S.obj
                0x100001e8                        __binary_info_header_end = .
 *(.reset)
 .reset         0x100001e8       0xa0 CMakeFiles/test.dir/home/kedar/pico/pico-sdk/src/rp2_common/pico_standard_link/crt0.S.obj
                0x100001e8                _entry_point
 .reset         0x10000288       0x30 CMakeFiles/test.dir/home/kedar/pico/pico-sdk/src/rp2_common/pico_standard_link/binary_info.c.obj
 *(.init)
 .init          0x100002b8        0x4 /usr/lib/gcc/arm-none-eabi/13.2.1/thumb/v6-m/nofp/crti.o
                0x100002b8                _init
 *(EXCLUDE_FILE(*libm.a: *libc.a:*lib_a-mem*.o *libgcc.a:) .text*)
 .text          0x100002bc       0x98 /usr/lib/gcc/arm-none-eabi/13.2.1/thumb/v6-m/nofp/crtbegin.o
 .text._Z16large_con_rotate8Rotationj.part.0
                0x10000354       0xc8 CMakeFiles/test.dir/main.cpp.obj
 .text._Z27x_axis_limit_switch_handlerv
                0x1000041c       0xd4 CMakeFiles/test.dir/main.cpp.obj
                0x1000041c                x_axis_limit_switch_handler()
 .text._Z27y_axis_limit_switch_handlerv
                0x100004f0       0xd4 CMakeFiles/test.dir/main.cpp.obj
                0x100004f0                y_axis_limit_switch_handler()
 .text._Z11x_axis_initPFvvE
                0x100005c4       0xc8 CMakeFiles/test.dir/main.cpp.obj
                0x100005c4                x_axis_init(void (*)())
 .text._Z13x_axis_configv
                0x1000068c      0x108 CMakeFiles/test.dir/main.cpp.obj
                0x1000068c                x_axis_config()
 .text._Z20x_axis_pulse_counterv
                0x10000794       0x88 CMakeFiles/test.dir/main.cpp.obj
                0x10000794                x_axis_pulse_counter()
 .text._Z11y_axis_initPFvvE
                0x1000081c       0xcc CMakeFiles/test.dir/main.cpp.obj
                0x1000081c                y_axis_init(void (*)())
 .text._Z13y_axis_configv
                0x100008e8      0x108 CMakeFiles/test.dir/main.cpp.obj
                0x100008e8                y_axis_config()
 .text._Z20y_axis_pulse_counterv
                0x100009f0       0x88 CMakeFiles/test.dir/main.cpp.obj
                0x100009f0                y_axis_pulse_counter()
 .text._Z14small_con_initPFvvE
                0x10000a78       0x80 CMakeFiles/test.dir/main.cpp.obj
                0x10000a78                small_con_init(void (*)())
 .text._Z16small_con_configv
                0x10000af8      0x108 CMakeFiles/test.dir/main.cpp.obj
                0x10000af8                small_con_config()
 .text._Z23small_con_pulse_counterv
                0x10000c00       0x88 CMakeFiles/test.dir/main.cpp.obj
                0x10000c00                small_con_pulse_counter()
 .text._Z14large_con_initPFvvE
                0x10000c88       0x80 CMakeFiles/test.dir/main.cpp.obj
                0x10000c88                large_con_init(void (*)())
 .text._Z16large_con_configv
                0x10000d08      0x108 CMakeFiles/test.dir/main.cpp.obj
                0x10000d08                large_con_config()
 .text._Z23large_con_pulse_counterv
                0x10000e10       0x88 CMakeFiles/test.dir/main.cpp.obj
                0x10000e10                large_con_pulse_counter()
 .text._Z11pwm_handlerv
                0x10000e98       0x84 CMakeFiles/test.dir/main.cpp.obj
                0x10000e98                pwm_handler()
 .text._Z12digger_intitv
                0x10000f1c       0x88 CMakeFiles/test.dir/main.cpp.obj
                0x10000f1c                digger_intit()
 .text._Z12picker_intitv
                0x10000fa4       0x88 CMakeFiles/test.dir/main.cpp.obj
                0x10000fa4                picker_intit()
 .text._Z19digger_set_positionh
                0x1000102c       0x80 CMakeFiles/test.dir/main.cpp.obj
                0x1000102c                digger_set_position(unsigned char)
 .text._Z19picker_set_positionh
                0x100010ac       0x80 CMakeFiles/test.dir/main.cpp.obj
                0x100010ac                picker_set_position(unsigned char)
 .text.startup.main
                0x1000112c      0x7d0 CMakeFiles/test.dir/main.cpp.obj
                0x1000112c                main
 .text.gpio_set_function
                0x100018fc       0x30 CMakeFiles/test.dir/home/kedar/pico/pico-sdk/src/rp2_common/hardware_gpio/gpio.c.obj
                0x100018fc                gpio_set_function
 .text.gpio_set_pulls
                0x1000192c       0x24 CMakeFiles/test.dir/home/kedar/pico/pico-sdk/src/rp2_common/hardware_gpio/gpio.c.obj
                0x1000192c                gpio_set_pulls
 .text.gpio_set_irq_enabled
                0x10001950       0x54 CMakeFiles/test.dir/home/kedar/pico/pico-sdk/src/rp2_common/hardware_gpio/gpio.c.obj
                0x10001950                gpio_set_irq_enabled
 .text.gpio_add_raw_irq_handler_masked
                0x100019a4       0x38 CMakeFiles/test.dir/home/kedar/pico/pico-sdk/src/rp2_common/hardware_gpio/gpio.c.obj
                0x100019a4                gpio_add_raw_irq_handler_masked
 .text.gpio_acknowledge_irq
                0x100019dc       0x1c CMakeFiles/test.dir/home/kedar/pico/pico-sdk/src/rp2_common/hardware_gpio/gpio.c.obj
                0x100019dc                gpio_acknowledge_irq
 .text.gpio_init
                0x100019f8       0x3c CMakeFiles/test.dir/home/kedar/pico/pico-sdk/src/rp2_common/hardware_gpio/gpio.c.obj
                0x100019f8                gpio_init
 .text.running_on_fpga
                0x10001a34       0x10 CMakeFiles/test.dir/home/kedar/pico/pico-sdk/src/rp2_common/pico_platform/platform.c.obj
                0x10001a34                running_on_fpga
 .text.hw_claim_or_assert
                0x10001a44       0x44 CMakeFiles/test.dir/home/kedar/pico/pico-sdk/src/rp2_common/hardware_claim/claim.c.obj
                0x10001a44                hw_claim_or_assert
 .text.hw_claim_unused_from_range
                0x10001a88       0x9c CMakeFiles/test.dir/home/kedar/pico/pico-sdk/src/rp2_common/hardware_claim/claim.c.obj
                0x10001a88                hw_claim_unused_from_range
 .text.spin_locks_reset
                0x10001b24       0x1c CMakeFiles/test.dir/home/kedar/pico/pico-sdk/src/rp2_common/hardware_sync/sync.c.obj
                0x10001b24                spin_locks_reset
 .text.next_striped_spin_lock_num
                0x10001b40       0x18 CMakeFiles/test.dir/home/kedar/pico/pico-sdk/src/rp2_common/hardware_sync/sync.c.obj
                0x10001b40                next_striped_spin_lock_num
 .text.spin_lock_claim_unused
                0x10001b58       0x24 CMakeFiles/test.dir/home/kedar/pico/pico-sdk/src/rp2_common/hardware_sync/sync.c.obj
                0x10001b58                spin_lock_claim_unused
 .text.irq_set_enabled
                0x10001b7c       0x24 CMakeFiles/test.dir/home/kedar/pico/pico-sdk/src/rp2_common/hardware_irq/irq.c.obj
                0x10001b7c                irq_set_enabled
 .text.irq_set_pending
                0x10001ba0       0x10 CMakeFiles/test.dir/home/kedar/pico/pico-sdk/src/rp2_common/hardware_irq/irq.c.obj
                0x10001ba0                irq_set_pending
 .text.irq_has_shared_handler
                0x10001bb0       0x2c CMakeFiles/test.dir/home/kedar/pico/pico-sdk/src/rp2_common/hardware_irq/irq.c.obj
                0x10001bb0                irq_has_shared_handler
 .text.irq_get_vtable_handler
                0x10001bdc       0x10 CMakeFiles/test.dir/home/kedar/pico/pico-sdk/src/rp2_common/hardware_irq/irq.c.obj
                0x10001bdc                irq_get_vtable_handler
 .text.irq_set_exclusive_handler
                0x10001bec       0x54 CMakeFiles/test.dir/home/kedar/pico/pico-sdk/src/rp2_common/hardware_irq/irq.c.obj
                0x10001bec                irq_set_exclusive_handler
 .text.irq_add_shared_handler
                0x10001c40      0x1f4 CMakeFiles/test.dir/home/kedar/pico/pico-sdk/src/rp2_common/hardware_irq/irq.c.obj
                0x10001c40                irq_add_shared_handler
 .text.irq_remove_handler
                0x10001e34      0x1c4 CMakeFiles/test.dir/home/kedar/pico/pico-sdk/src/rp2_common/hardware_irq/irq.c.obj
                0x10001e34                irq_remove_handler
 .text.irq_add_tail_to_free_list
                0x10001ff8       0xb4 CMakeFiles/test.dir/home/kedar/pico/pico-sdk/src/rp2_common/hardware_irq/irq.c.obj
                0x10001ff8                irq_add_tail_to_free_list
 .text.irq_init_priorities
                0x100020ac       0x24 CMakeFiles/test.dir/home/kedar/pico/pico-sdk/src/rp2_common/hardware_irq/irq.c.obj
                0x100020ac                irq_init_priorities
 .text.user_irq_claim_unused
                0x100020d0       0x2c CMakeFiles/test.dir/home/kedar/pico/pico-sdk/src/rp2_common/hardware_irq/irq.c.obj
                0x100020d0                user_irq_claim_unused
 .text.lock_init
                0x100020fc       0x10 CMakeFiles/test.dir/home/kedar/pico/pico-sdk/src/common/pico_sync/lock_core.c.obj
                0x100020fc                lock_init
 .text.mutex_init
                0x1000210c       0x1c CMakeFiles/test.dir/home/kedar/pico/pico-sdk/src/common/pico_sync/mutex.c.obj
                0x1000210c                mutex_init
 .text.recursive_mutex_init
                0x10002128       0x1c CMakeFiles/test.dir/home/kedar/pico/pico-sdk/src/common/pico_sync/mutex.c.obj
                0x10002128                recursive_mutex_init
 .text.critical_section_init
                0x10002144       0x1c CMakeFiles/test.dir/home/kedar/pico/pico-sdk/src/common/pico_sync/critical_section.c.obj
                0x10002144                critical_section_init
 .text.critical_section_init_with_lock_num
                0x10002160       0x14 CMakeFiles/test.dir/home/kedar/pico/pico-sdk/src/common/pico_sync/critical_section.c.obj
                0x10002160                critical_section_init_with_lock_num
 .text.timer_pool_entry_comparator
                0x10002174       0x34 CMakeFiles/test.dir/home/kedar/pico/pico-sdk/src/common/pico_time/time.c.obj
                0x10002174                timer_pool_entry_comparator
 .text.sleep_until_callback
                0x100021a8       0x30 CMakeFiles/test.dir/home/kedar/pico/pico-sdk/src/common/pico_time/time.c.obj
 .text.add_alarm_under_lock.isra.0
                0x100021d8      0x100 CMakeFiles/test.dir/home/kedar/pico/pico-sdk/src/common/pico_time/time.c.obj
 .text.alarm_pool_alarm_callback
                0x100022d8      0x1c0 CMakeFiles/test.dir/home/kedar/pico/pico-sdk/src/common/pico_time/time.c.obj
 .text.alarm_pool_init_default
                0x10002498       0x6c CMakeFiles/test.dir/home/kedar/pico/pico-sdk/src/common/pico_time/time.c.obj
                0x10002498                alarm_pool_init_default
 .text.alarm_pool_get_default
                0x10002504        0x8 CMakeFiles/test.dir/home/kedar/pico/pico-sdk/src/common/pico_time/time.c.obj
                0x10002504                alarm_pool_get_default
 .text.alarm_pool_add_alarm_at
                0x1000250c      0x17c CMakeFiles/test.dir/home/kedar/pico/pico-sdk/src/common/pico_time/time.c.obj
                0x1000250c                alarm_pool_add_alarm_at
 .text.alarm_pool_core_num
                0x10002688        0x4 CMakeFiles/test.dir/home/kedar/pico/pico-sdk/src/common/pico_time/time.c.obj
                0x10002688                alarm_pool_core_num
 .text.sleep_until
                0x1000268c       0xc4 CMakeFiles/test.dir/home/kedar/pico/pico-sdk/src/common/pico_time/time.c.obj
                0x1000268c                sleep_until
 .text.sleep_ms
                0x10002750       0x38 CMakeFiles/test.dir/home/kedar/pico/pico-sdk/src/common/pico_time/time.c.obj
                0x10002750                sleep_ms
 .text.best_effort_wfe_or_timeout
                0x10002788       0xcc CMakeFiles/test.dir/home/kedar/pico/pico-sdk/src/common/pico_time/time.c.obj
                0x10002788                best_effort_wfe_or_timeout
 .text.hardware_alarm_irq_handler
                0x10002854       0xbc CMakeFiles/test.dir/home/kedar/pico/pico-sdk/src/rp2_common/hardware_timer/timer.c.obj
 .text.hardware_alarm_claim
                0x10002910       0x18 CMakeFiles/test.dir/home/kedar/pico/pico-sdk/src/rp2_common/hardware_timer/timer.c.obj
                0x10002910                hardware_alarm_claim
 .text.time_us_64
                0x10002928       0x14 CMakeFiles/test.dir/home/kedar/pico/pico-sdk/src/rp2_common/hardware_timer/timer.c.obj
                0x10002928                time_us_64
 .text.busy_wait_us
                0x1000293c       0x68 CMakeFiles/test.dir/home/kedar/pico/pico-sdk/src/rp2_common/hardware_timer/timer.c.obj
                0x1000293c                busy_wait_us
 .text.busy_wait_until
                0x100029a4       0x20 CMakeFiles/test.dir/home/kedar/pico/pico-sdk/src/rp2_common/hardware_timer/timer.c.obj
                0x100029a4                busy_wait_until
 .text.hardware_alarm_set_callback
                0x100029c4       0x8c CMakeFiles/test.dir/home/kedar/pico/pico-sdk/src/rp2_common/hardware_timer/timer.c.obj
                0x100029c4                hardware_alarm_set_callback
 .text.hardware_alarm_set_target
                0x10002a50       0xd0 CMakeFiles/test.dir/home/kedar/pico/pico-sdk/src/rp2_common/hardware_timer/timer.c.obj
                0x10002a50                hardware_alarm_set_target
 .text.hardware_alarm_cancel
                0x10002b20       0x3c CMakeFiles/test.dir/home/kedar/pico/pico-sdk/src/rp2_common/hardware_timer/timer.c.obj
                0x10002b20                hardware_alarm_cancel
 .text.ph_merge_nodes
                0x10002b5c       0x58 CMakeFiles/test.dir/home/kedar/pico/pico-sdk/src/common/pico_util/pheap.c.obj
 .text.ph_post_alloc_init
                0x10002bb4       0x3c CMakeFiles/test.dir/home/kedar/pico/pico-sdk/src/common/pico_util/pheap.c.obj
                0x10002bb4                ph_post_alloc_init
 .text.ph_merge_two_pass
                0x10002bf0       0x8c CMakeFiles/test.dir/home/kedar/pico/pico-sdk/src/common/pico_util/pheap.c.obj
                0x10002bf0                ph_merge_two_pass
 .text.ph_remove_any_head
                0x10002c7c      0x100 CMakeFiles/test.dir/home/kedar/pico/pico-sdk/src/common/pico_util/pheap.c.obj
 .text.ph_remove_head
                0x10002d7c      0x104 CMakeFiles/test.dir/home/kedar/pico/pico-sdk/src/common/pico_util/pheap.c.obj
                0x10002d7c                ph_remove_head
 .text.ph_remove_and_free_node
                0x10002e80       0x78 CMakeFiles/test.dir/home/kedar/pico/pico-sdk/src/common/pico_util/pheap.c.obj
                0x10002e80                ph_remove_and_free_node
 .text.clocks_init
                0x10002ef8      0x2c8 CMakeFiles/test.dir/home/kedar/pico/pico-sdk/src/rp2_common/hardware_clocks/clocks.c.obj
                0x10002ef8                clocks_init
 .text.pll_init
                0x100031c0       0xa4 CMakeFiles/test.dir/home/kedar/pico/pico-sdk/src/rp2_common/hardware_pll/pll.c.obj
                0x100031c0                pll_init
 .text.watchdog_start_tick
                0x10003264       0x10 CMakeFiles/test.dir/home/kedar/pico/pico-sdk/src/rp2_common/hardware_watchdog/watchdog.c.obj
                0x10003264                watchdog_start_tick
 .text.watchdog_reboot
                0x10003274       0x9c CMakeFiles/test.dir/home/kedar/pico/pico-sdk/src/rp2_common/hardware_watchdog/watchdog.c.obj
                0x10003274                watchdog_reboot
 .text.xosc_init
                0x10003310       0x28 CMakeFiles/test.dir/home/kedar/pico/pico-sdk/src/rp2_common/hardware_xosc/xosc.c.obj
                0x10003310                xosc_init
 .text.runtime_init
                0x10003338       0xf0 CMakeFiles/test.dir/home/kedar/pico/pico-sdk/src/rp2_common/pico_runtime/runtime.c.obj
                0x10003338                runtime_init
 .text._exit    0x10003428        0x4 CMakeFiles/test.dir/home/kedar/pico/pico-sdk/src/rp2_common/pico_runtime/runtime.c.obj
                0x10003428                _exit
 .text._sbrk    0x1000342c       0x34 CMakeFiles/test.dir/home/kedar/pico/pico-sdk/src/rp2_common/pico_runtime/runtime.c.obj
                0x1000342c                _sbrk
 .text.exit     0x10003460        0x8 CMakeFiles/test.dir/home/kedar/pico/pico-sdk/src/rp2_common/pico_runtime/runtime.c.obj
                0x10003460                exit
 .text.__assert_func
                0x10003468       0x38 CMakeFiles/test.dir/home/kedar/pico/pico-sdk/src/rp2_common/pico_runtime/runtime.c.obj
                0x10003468                __assert_func
 .text.panic    0x100034a0       0x30 CMakeFiles/test.dir/home/kedar/pico/pico-sdk/src/rp2_common/pico_runtime/runtime.c.obj
                0x100034a0                panic
 .text.hard_assertion_failure
                0x100034d0        0xc CMakeFiles/test.dir/home/kedar/pico/pico-sdk/src/rp2_common/pico_runtime/runtime.c.obj
                0x100034d0                hard_assertion_failure
 .text._out_buffer
                0x100034dc        0x8 CMakeFiles/test.dir/home/kedar/pico/pico-sdk/src/rp2_common/pico_printf/printf.c.obj
 .text._out_null
                0x100034e4        0x4 CMakeFiles/test.dir/home/kedar/pico/pico-sdk/src/rp2_common/pico_printf/printf.c.obj
 .text._out_rev
                0x100034e8       0xac CMakeFiles/test.dir/home/kedar/pico/pico-sdk/src/rp2_common/pico_printf/printf.c.obj
 .text._ntoa_format
                0x10003594      0x250 CMakeFiles/test.dir/home/kedar/pico/pico-sdk/src/rp2_common/pico_printf/printf.c.obj
 .text._out_char
                0x100037e4       0x10 CMakeFiles/test.dir/home/kedar/pico/pico-sdk/src/rp2_common/pico_printf/printf.c.obj
 .text._out_fct
                0x100037f4       0x10 CMakeFiles/test.dir/home/kedar/pico/pico-sdk/src/rp2_common/pico_printf/printf.c.obj
 .text._etoa    0x10003804      0x464 CMakeFiles/test.dir/home/kedar/pico/pico-sdk/src/rp2_common/pico_printf/printf.c.obj
 .text._ftoa    0x10003c68      0x3c0 CMakeFiles/test.dir/home/kedar/pico/pico-sdk/src/rp2_common/pico_printf/printf.c.obj
 .text._vsnprintf
                0x10004028      0xbc8 CMakeFiles/test.dir/home/kedar/pico/pico-sdk/src/rp2_common/pico_printf/printf.c.obj
 .text.__wrap_sprintf
                0x10004bf0       0x2c CMakeFiles/test.dir/home/kedar/pico/pico-sdk/src/rp2_common/pico_printf/printf.c.obj
                0x10004bf0                __wrap_sprintf
 .text.vfctprintf
                0x10004c1c       0x20 CMakeFiles/test.dir/home/kedar/pico/pico-sdk/src/rp2_common/pico_printf/printf.c.obj
                0x10004c1c                vfctprintf
 .text.weak_raw_printf
                0x10004c3c       0x40 CMakeFiles/test.dir/home/kedar/pico/pico-sdk/src/rp2_common/pico_printf/printf.c.obj
                0x10004c3c                weak_raw_printf
 .text.weak_raw_vprintf
                0x10004c7c       0x30 CMakeFiles/test.dir/home/kedar/pico/pico-sdk/src/rp2_common/pico_printf/printf.c.obj
                0x10004c7c                weak_raw_vprintf
 .text          0x10004cac       0x10 CMakeFiles/test.dir/home/kedar/pico/pico-sdk/src/rp2_common/pico_bit_ops/bit_ops_aeabi.S.obj
 .text.rom_func_lookup
                0x10004cbc       0x10 CMakeFiles/test.dir/home/kedar/pico/pico-sdk/src/rp2_common/pico_bootrom/bootrom.c.obj
                0x10004cbc                rom_func_lookup
 .text.rom_data_lookup
                0x10004ccc       0x10 CMakeFiles/test.dir/home/kedar/pico/pico-sdk/src/rp2_common/pico_bootrom/bootrom.c.obj
                0x10004ccc                rom_data_lookup
 .text.rom_funcs_lookup
                0x10004cdc       0x44 CMakeFiles/test.dir/home/kedar/pico/pico-sdk/src/rp2_common/pico_bootrom/bootrom.c.obj
                0x10004cdc                rom_funcs_lookup
 .text.__wrap___aeabi_idiv
                0x10004d20       0x50 CMakeFiles/test.dir/home/kedar/pico/pico-sdk/src/rp2_common/pico_divider/divider.S.obj
                0x10004d20                __wrap___aeabi_idivmod
                0x10004d20                divmod_s32s32
                0x10004d20                div_s32s32
                0x10004d20                __wrap___aeabi_idiv
                0x10004d28                divmod_s32s32_unsafe
                0x10004d54                divmod_s32s32_savestate
 .text.__wrap___aeabi_uidiv
                0x10004d70       0x4c CMakeFiles/test.dir/home/kedar/pico/pico-sdk/src/rp2_common/pico_divider/divider.S.obj
                0x10004d70                __wrap___aeabi_uidiv
                0x10004d70                __wrap___aeabi_uidivmod
                0x10004d70                div_u32u32
                0x10004d70                divmod_u32u32
                0x10004d78                divmod_u32u32_unsafe
                0x10004da0                divmod_u32u32_savestate
 .text.__wrap___aeabi_ldiv
                0x10004dbc      0x424 CMakeFiles/test.dir/home/kedar/pico/pico-sdk/src/rp2_common/pico_divider/divider.S.obj
                0x10004dbc                div_s64s64
                0x10004dbc                divmod_s64s64
                0x10004dbc                __wrap___aeabi_ldivmod
                0x10004dec                div_u64u64
                0x10004dec                divmod_u64u64
                0x10004dec                __wrap___aeabi_uldivmod
                0x10004dfc                divmod_u64u64_savestate
                0x10004e1c                divmod_s64s64_unsafe
                0x10004ea4                divmod_u64u64_unsafe
 .text.__wrap___aeabi_darithmetic
                0x100051e0       0x80 CMakeFiles/test.dir/home/kedar/pico/pico-sdk/src/rp2_common/pico_double/double_aeabi.S.obj
                0x100051e0                __wrap___aeabi_drsub
                0x100051e6                __wrap___aeabi_dsub
                0x100051f8                __wrap___aeabi_dadd
                0x1000520a                __wrap___aeabi_ddiv
                0x10005246                __wrap___aeabi_dmul
 .text.__wrap___aeabi_cdcmple
                0x10005260       0x6c CMakeFiles/test.dir/home/kedar/pico/pico-sdk/src/rp2_common/pico_double/double_aeabi.S.obj
                0x10005260                __wrap___aeabi_cdrcmple
                0x10005270                __wrap___aeabi_cdcmple
                0x10005270                __wrap___aeabi_cdcmpeq
 .text.__wrap___aeabi_dcmpeq
                0x100052cc       0x10 CMakeFiles/test.dir/home/kedar/pico/pico-sdk/src/rp2_common/pico_double/double_aeabi.S.obj
                0x100052cc                __wrap___aeabi_dcmpeq
 .text.__wrap___aeabi_dcmplt
                0x100052dc        0xc CMakeFiles/test.dir/home/kedar/pico/pico-sdk/src/rp2_common/pico_double/double_aeabi.S.obj
                0x100052dc                __wrap___aeabi_dcmplt
 .text.__wrap___aeabi_dcmple
                0x100052e8       0x10 CMakeFiles/test.dir/home/kedar/pico/pico-sdk/src/rp2_common/pico_double/double_aeabi.S.obj
                0x100052e8                __wrap___aeabi_dcmple
 .text.__wrap___aeabi_dcmpge
                0x100052f8       0x10 CMakeFiles/test.dir/home/kedar/pico/pico-sdk/src/rp2_common/pico_double/double_aeabi.S.obj
                0x100052f8                __wrap___aeabi_dcmpge
 .text.__wrap___aeabi_dcmpgt
                0x10005308        0xa CMakeFiles/test.dir/home/kedar/pico/pico-sdk/src/rp2_common/pico_double/double_aeabi.S.obj
                0x10005308                __wrap___aeabi_dcmpgt
 .text.__wrap___aeabi_dcmpun
                0x10005312       0x1c CMakeFiles/test.dir/home/kedar/pico/pico-sdk/src/rp2_common/pico_double/double_aeabi.S.obj
                0x10005312                __wrap___aeabi_dcmpun
 *fill*         0x1000532e        0x2 
 .text.__wrap___aeabi_i2d
                0x10005330       0x38 CMakeFiles/test.dir/home/kedar/pico/pico-sdk/src/rp2_common/pico_double/double_aeabi.S.obj
                0x10005330                __wrap___aeabi_ui2d
                0x10005338                __wrap___aeabi_i2d
 .text.__wrap___aeabi_d2iz
                0x10005368       0x48 CMakeFiles/test.dir/home/kedar/pico/pico-sdk/src/rp2_common/pico_double/double_aeabi.S.obj
                0x10005368                __wrap___aeabi_d2iz
                0x10005368                double2int_z
 .text.__wrap___aeabi_d2uiz
                0x100053b0       0x18 CMakeFiles/test.dir/home/kedar/pico/pico-sdk/src/rp2_common/pico_double/double_aeabi.S.obj
                0x100053b0                double2uint
                0x100053b0                __wrap___aeabi_d2uiz
 .text.__wrap___aeabi_l2d
                0x100053c8       0x18 CMakeFiles/test.dir/home/kedar/pico/pico-sdk/src/rp2_common/pico_double/double_aeabi.S.obj
                0x100053c8                __wrap___aeabi_l2d
 .text.__wrap___aeabi_d2lz
                0x100053e0       0x26 CMakeFiles/test.dir/home/kedar/pico/pico-sdk/src/rp2_common/pico_double/double_aeabi.S.obj
                0x100053e0                __wrap___aeabi_d2lz
                0x100053e0                double2int64_z
 *fill*         0x10005406        0x2 
 .text.double2int64
                0x10005408       0x18 CMakeFiles/test.dir/home/kedar/pico/pico-sdk/src/rp2_common/pico_double/double_aeabi.S.obj
                0x10005408                double2int64
 .text.double2ufix64
                0x10005420       0x18 CMakeFiles/test.dir/home/kedar/pico/pico-sdk/src/rp2_common/pico_double/double_aeabi.S.obj
                0x10005420                double2ufix64
 .text.__wrap___aeabi_d2f
                0x10005438       0x18 CMakeFiles/test.dir/home/kedar/pico/pico-sdk/src/rp2_common/pico_double/double_aeabi.S.obj
                0x10005438                __wrap___aeabi_d2f
 .text.__aeabi_double_init
                0x10005450       0x98 CMakeFiles/test.dir/home/kedar/pico/pico-sdk/src/rp2_common/pico_double/double_init_rom.c.obj
                0x10005450                __aeabi_double_init
 .text.double_table_shim_on_use_helper
                0x100054e8       0x2c CMakeFiles/test.dir/home/kedar/pico/pico-sdk/src/rp2_common/pico_double/double_v1_rom_shim.S.obj
                0x100054e8                double_table_shim_on_use_helper
 .text.__wrap___aeabi_dsub
                0x10005514       0x10 CMakeFiles/test.dir/home/kedar/pico/pico-sdk/src/rp2_common/pico_double/double_v1_rom_shim.S.obj
                0x10005514                drsub_shim
                0x1000551a                dsub_shim
 .text.dadd_shim
                0x10005524      0x15c CMakeFiles/test.dir/home/kedar/pico/pico-sdk/src/rp2_common/pico_double/double_v1_rom_shim.S.obj
                0x10005524                dadd_shim
 .text.dmul_shim
                0x10005680      0x15c CMakeFiles/test.dir/home/kedar/pico/pico-sdk/src/rp2_common/pico_double/double_v1_rom_shim.S.obj
                0x10005680                dmul_shim
 .text.ddiv_shim
                0x100057dc      0x1b0 CMakeFiles/test.dir/home/kedar/pico/pico-sdk/src/rp2_common/pico_double/double_v1_rom_shim.S.obj
                0x100057dc                ddiv_shim
 .text.double2uint_shim
                0x1000598c        0xe CMakeFiles/test.dir/home/kedar/pico/pico-sdk/src/rp2_common/pico_double/double_v1_rom_shim.S.obj
                0x1000598c                double2uint_shim
                0x1000598e                double2ufix_shim
 .text.double2int64_shim
                0x1000599a       0x1a CMakeFiles/test.dir/home/kedar/pico/pico-sdk/src/rp2_common/pico_double/double_v1_rom_shim.S.obj
                0x1000599a                double2int64_shim
                0x1000599c                double2fix64_shim
 .text.double2uint64_shim
                0x100059b4       0x70 CMakeFiles/test.dir/home/kedar/pico/pico-sdk/src/rp2_common/pico_double/double_v1_rom_shim.S.obj
                0x100059b4                double2uint64_shim
                0x100059b6                double2ufix64_shim
                0x100059d6                d2fix_a
 .text.double2float_shim
                0x10005a24       0x5c CMakeFiles/test.dir/home/kedar/pico/pico-sdk/src/rp2_common/pico_double/double_v1_rom_shim.S.obj
                0x10005a24                double2float_shim
 .text.x2double_shims
                0x10005a80       0x90 CMakeFiles/test.dir/home/kedar/pico/pico-sdk/src/rp2_common/pico_double/double_v1_rom_shim.S.obj
                0x10005a80                uint2double_shim
                0x10005a82                ufix2double_shim
                0x10005a88                int2double_shim
                0x10005a8a                fix2double_shim
                0x10005a90                uint642double_shim
                0x10005a92                ufix642double_shim
                0x10005a98                int642double_shim
                0x10005a9a                fix642double_shim
 .text.dunpacks
                0x10005b10       0x3c CMakeFiles/test.dir/home/kedar/pico/pico-sdk/src/rp2_common/pico_double/double_v1_rom_shim.S.obj
                0x10005b10                dunpacks
 .text.__aeabi_lmul
                0x10005b4c       0x32 CMakeFiles/test.dir/home/kedar/pico/pico-sdk/src/rp2_common/pico_int64_ops/pico_int64_ops_aeabi.S.obj
                0x10005b4c                __wrap___aeabi_lmul
 *fill*         0x10005b7e        0x2 
 .text.__wrap___aeabi_farithmetic
                0x10005b80       0x48 CMakeFiles/test.dir/home/kedar/pico/pico-sdk/src/rp2_common/pico_float/float_aeabi.S.obj
                0x10005b80                __wrap___aeabi_frsub
                0x10005b86                __wrap___aeabi_fsub
                0x10005b8c                __wrap___aeabi_fadd
                0x10005b92                __wrap___aeabi_fdiv
                0x10005bba                __wrap___aeabi_fmul
 .text.__wrap___aeabi_cfcmple
                0x10005bc8       0x50 CMakeFiles/test.dir/home/kedar/pico/pico-sdk/src/rp2_common/pico_float/float_aeabi.S.obj
                0x10005bc8                __wrap___aeabi_cfrcmple
                0x10005bd4                __wrap___aeabi_cfcmpeq
                0x10005bd4                __wrap___aeabi_cfcmple
 .text.__wrap___aeabi_fcmple
                0x10005c18       0x10 CMakeFiles/test.dir/home/kedar/pico/pico-sdk/src/rp2_common/pico_float/float_aeabi.S.obj
                0x10005c18                __wrap___aeabi_fcmple
 .text.__wrap___aeabi_fcmpun
                0x10005c28       0x18 CMakeFiles/test.dir/home/kedar/pico/pico-sdk/src/rp2_common/pico_float/float_aeabi.S.obj
                0x10005c28                __wrap___aeabi_fcmpun
 .text.__wrap___aeabi_ui2f
                0x10005c40        0xa CMakeFiles/test.dir/home/kedar/pico/pico-sdk/src/rp2_common/pico_float/float_aeabi.S.obj
                0x10005c40                __wrap___aeabi_ui2f
 *fill*         0x10005c4a        0x2 
 .text.__wrap___aeabi_i2f
                0x10005c4c       0x44 CMakeFiles/test.dir/home/kedar/pico/pico-sdk/src/rp2_common/pico_float/float_aeabi.S.obj
                0x10005c4c                __wrap___aeabi_i2f
 .text.__wrap___aeabi_f2uiz
                0x10005c90        0xc CMakeFiles/test.dir/home/kedar/pico/pico-sdk/src/rp2_common/pico_float/float_aeabi.S.obj
                0x10005c90                __wrap___aeabi_f2uiz
 .text.__aeabi_float_init
                0x10005c9c       0x64 CMakeFiles/test.dir/home/kedar/pico/pico-sdk/src/rp2_common/pico_float/float_init_rom.c.obj
                0x10005c9c                __aeabi_float_init
 .text.float_table_shim_on_use_helper
                0x10005d00       0x2c CMakeFiles/test.dir/home/kedar/pico/pico-sdk/src/rp2_common/pico_float/float_v1_rom_shim.S.obj
                0x10005d00                float_table_shim_on_use_helper
 .text          0x10005d2c       0x10 CMakeFiles/test.dir/home/kedar/pico/pico-sdk/src/rp2_common/pico_mem_ops/mem_ops_aeabi.S.obj
                0x10005d2c                __aeabi_mem_init
 .text.memset   0x10005d3c        0xc CMakeFiles/test.dir/home/kedar/pico/pico-sdk/src/rp2_common/pico_mem_ops/mem_ops_aeabi.S.obj
                0x10005d3c                __wrap_memset
 .text.memcpy   0x10005d48        0xc CMakeFiles/test.dir/home/kedar/pico/pico-sdk/src/rp2_common/pico_mem_ops/mem_ops_aeabi.S.obj
                0x10005d48                __wrap___aeabi_memcpy
                0x10005d48                __wrap_memcpy
 .text.stdio_out_chars_crlf
                0x10005d54       0x94 CMakeFiles/test.dir/home/kedar/pico/pico-sdk/src/rp2_common/pico_stdio/stdio.c.obj
 .text.stdio_buffered_printer
                0x10005de8       0x64 CMakeFiles/test.dir/home/kedar/pico/pico-sdk/src/rp2_common/pico_stdio/stdio.c.obj
 .text.__wrap_putchar
                0x10005e4c       0x98 CMakeFiles/test.dir/home/kedar/pico/pico-sdk/src/rp2_common/pico_stdio/stdio.c.obj
                0x10005e4c                __wrap_putchar
 .text.__wrap_puts
                0x10005ee4       0xe0 CMakeFiles/test.dir/home/kedar/pico/pico-sdk/src/rp2_common/pico_stdio/stdio.c.obj
                0x10005ee4                __wrap_puts
 .text._read    0x10005fc4       0x94 CMakeFiles/test.dir/home/kedar/pico/pico-sdk/src/rp2_common/pico_stdio/stdio.c.obj
                0x10005fc4                _read
 .text._write   0x10006058       0xb4 CMakeFiles/test.dir/home/kedar/pico/pico-sdk/src/rp2_common/pico_stdio/stdio.c.obj
                0x10006058                _write
 .text._close   0x1000610c        0x8 CMakeFiles/test.dir/home/kedar/pico/pico-sdk/src/rp2_common/pico_stdio/stdio.c.obj
                0x1000610c                _close
 .text._lseek   0x10006114        0x8 CMakeFiles/test.dir/home/kedar/pico/pico-sdk/src/rp2_common/pico_stdio/stdio.c.obj
                0x10006114                _lseek
 .text._fstat   0x1000611c        0x8 CMakeFiles/test.dir/home/kedar/pico/pico-sdk/src/rp2_common/pico_stdio/stdio.c.obj
                0x1000611c                _fstat
 .text._isatty  0x10006124        0xc CMakeFiles/test.dir/home/kedar/pico/pico-sdk/src/rp2_common/pico_stdio/stdio.c.obj
                0x10006124                _isatty
 .text.stdio_set_driver_enabled
                0x10006130       0x30 CMakeFiles/test.dir/home/kedar/pico/pico-sdk/src/rp2_common/pico_stdio/stdio.c.obj
                0x10006130                stdio_set_driver_enabled
 .text.__wrap_vprintf
                0x10006160       0xd4 CMakeFiles/test.dir/home/kedar/pico/pico-sdk/src/rp2_common/pico_stdio/stdio.c.obj
                0x10006160                __wrap_vprintf
 .text.__wrap_printf
                0x10006234       0x18 CMakeFiles/test.dir/home/kedar/pico/pico-sdk/src/rp2_common/pico_stdio/stdio.c.obj
                0x10006234                __wrap_printf
 .text.stdio_init_all
                0x1000624c        0x8 CMakeFiles/test.dir/home/kedar/pico/pico-sdk/src/rp2_common/pico_stdio/stdio.c.obj
                0x1000624c                stdio_init_all
 .text.resetd_init
                0x10006254        0x4 CMakeFiles/test.dir/home/kedar/pico/pico-sdk/src/rp2_common/pico_stdio_usb/reset_interface.c.obj
 .text.resetd_reset
                0x10006258        0xc CMakeFiles/test.dir/home/kedar/pico/pico-sdk/src/rp2_common/pico_stdio_usb/reset_interface.c.obj
 .text.resetd_open
                0x10006264       0x28 CMakeFiles/test.dir/home/kedar/pico/pico-sdk/src/rp2_common/pico_stdio_usb/reset_interface.c.obj
 .text.resetd_xfer_cb
                0x1000628c        0x4 CMakeFiles/test.dir/home/kedar/pico/pico-sdk/src/rp2_common/pico_stdio_usb/reset_interface.c.obj
 .text.resetd_control_xfer_cb
                0x10006290       0x60 CMakeFiles/test.dir/home/kedar/pico/pico-sdk/src/rp2_common/pico_stdio_usb/reset_interface.c.obj
 .text.usbd_app_driver_get_cb
                0x100062f0        0xc CMakeFiles/test.dir/home/kedar/pico/pico-sdk/src/rp2_common/pico_stdio_usb/reset_interface.c.obj
                0x100062f0                usbd_app_driver_get_cb
 .text.tud_cdc_line_coding_cb
                0x100062fc       0x34 CMakeFiles/test.dir/home/kedar/pico/pico-sdk/src/rp2_common/pico_stdio_usb/reset_interface.c.obj
                0x100062fc                tud_cdc_line_coding_cb
 .text.stdio_usb_set_chars_available_callback
                0x10006330       0x14 CMakeFiles/test.dir/home/kedar/pico/pico-sdk/src/rp2_common/pico_stdio_usb/stdio_usb.c.obj
                0x10006330                stdio_usb_set_chars_available_callback
 .text.usb_irq  0x10006344       0x10 CMakeFiles/test.dir/home/kedar/pico/pico-sdk/src/rp2_common/pico_stdio_usb/stdio_usb.c.obj
 .text.timer_task
                0x10006354       0x54 CMakeFiles/test.dir/home/kedar/pico/pico-sdk/src/rp2_common/pico_stdio_usb/stdio_usb.c.obj
 .text.stdio_usb_in_chars
                0x100063a8       0x90 CMakeFiles/test.dir/home/kedar/pico/pico-sdk/src/rp2_common/pico_stdio_usb/stdio_usb.c.obj
                0x100063a8                stdio_usb_in_chars
 .text.stdio_usb_out_chars
                0x10006438      0x104 CMakeFiles/test.dir/home/kedar/pico/pico-sdk/src/rp2_common/pico_stdio_usb/stdio_usb.c.obj
 .text.low_priority_worker_irq
                0x1000653c       0xa8 CMakeFiles/test.dir/home/kedar/pico/pico-sdk/src/rp2_common/pico_stdio_usb/stdio_usb.c.obj
 .text.tud_cdc_rx_cb
                0x100065e4       0x20 CMakeFiles/test.dir/home/kedar/pico/pico-sdk/src/rp2_common/pico_stdio_usb/stdio_usb.c.obj
                0x100065e4                tud_cdc_rx_cb
 .text.stdio_usb_init
                0x10006604       0xe0 CMakeFiles/test.dir/home/kedar/pico/pico-sdk/src/rp2_common/pico_stdio_usb/stdio_usb.c.obj
                0x10006604                stdio_usb_init
 .text.tud_descriptor_device_cb
                0x100066e4        0x8 CMakeFiles/test.dir/home/kedar/pico/pico-sdk/src/rp2_common/pico_stdio_usb/stdio_usb_descriptors.c.obj
                0x100066e4                tud_descriptor_device_cb
 .text.tud_descriptor_configuration_cb
                0x100066ec        0x8 CMakeFiles/test.dir/home/kedar/pico/pico-sdk/src/rp2_common/pico_stdio_usb/stdio_usb_descriptors.c.obj
                0x100066ec                tud_descriptor_configuration_cb
 .text.tud_descriptor_string_cb
                0x100066f4       0x78 CMakeFiles/test.dir/home/kedar/pico/pico-sdk/src/rp2_common/pico_stdio_usb/stdio_usb_descriptors.c.obj
                0x100066f4                tud_descriptor_string_cb
 .text.startup._retrieve_unique_id_on_boot
                0x1000676c       0x10 CMakeFiles/test.dir/home/kedar/pico/pico-sdk/src/rp2_common/pico_unique_id/unique_id.c.obj
 .text.pico_get_unique_board_id_string
                0x1000677c      0x1a8 CMakeFiles/test.dir/home/kedar/pico/pico-sdk/src/rp2_common/pico_unique_id/unique_id.c.obj
                0x1000677c                pico_get_unique_board_id_string
 .text.flash_get_unique_id
                0x10006924       0x3c CMakeFiles/test.dir/home/kedar/pico/pico-sdk/src/rp2_common/hardware_flash/flash.c.obj
                0x10006924                flash_get_unique_id
 .text.dcd_int_enable
                0x10006960        0xc CMakeFiles/test.dir/home/kedar/pico/pico-sdk/lib/tinyusb/src/portable/raspberrypi/rp2040/dcd_rp2040.c.obj
                0x10006960                dcd_int_enable
 .text.dcd_set_address
                0x1000696c       0x14 CMakeFiles/test.dir/home/kedar/pico/pico-sdk/lib/tinyusb/src/portable/raspberrypi/rp2040/dcd_rp2040.c.obj
                0x1000696c                dcd_set_address
 .text.dcd_connect
                0x10006980       0x10 CMakeFiles/test.dir/home/kedar/pico/pico-sdk/lib/tinyusb/src/portable/raspberrypi/rp2040/dcd_rp2040.c.obj
                0x10006980                dcd_connect
 .text.dcd_init
                0x10006990       0x98 CMakeFiles/test.dir/home/kedar/pico/pico-sdk/lib/tinyusb/src/portable/raspberrypi/rp2040/dcd_rp2040.c.obj
                0x10006990                dcd_init
 .text.dcd_edpt0_status_complete
                0x10006a28       0x1c CMakeFiles/test.dir/home/kedar/pico/pico-sdk/lib/tinyusb/src/portable/raspberrypi/rp2040/dcd_rp2040.c.obj
                0x10006a28                dcd_edpt0_status_complete
 .text.dcd_edpt_open
                0x10006a44      0x108 CMakeFiles/test.dir/home/kedar/pico/pico-sdk/lib/tinyusb/src/portable/raspberrypi/rp2040/dcd_rp2040.c.obj
                0x10006a44                dcd_edpt_open
 .text.dcd_edpt_close_all
                0x10006b4c        0x8 CMakeFiles/test.dir/home/kedar/pico/pico-sdk/lib/tinyusb/src/portable/raspberrypi/rp2040/dcd_rp2040.c.obj
                0x10006b4c                dcd_edpt_close_all
 .text.dcd_edpt_xfer
                0x10006b54       0x24 CMakeFiles/test.dir/home/kedar/pico/pico-sdk/lib/tinyusb/src/portable/raspberrypi/rp2040/dcd_rp2040.c.obj
                0x10006b54                dcd_edpt_xfer
 .text.dcd_edpt_stall
                0x10006b78       0x34 CMakeFiles/test.dir/home/kedar/pico/pico-sdk/lib/tinyusb/src/portable/raspberrypi/rp2040/dcd_rp2040.c.obj
                0x10006b78                dcd_edpt_stall
 .text.dcd_edpt_clear_stall
                0x10006bac       0x30 CMakeFiles/test.dir/home/kedar/pico/pico-sdk/lib/tinyusb/src/portable/raspberrypi/rp2040/dcd_rp2040.c.obj
                0x10006bac                dcd_edpt_clear_stall
 .text.rp2040_usb_init
                0x10006bdc       0x4c CMakeFiles/test.dir/home/kedar/pico/pico-sdk/lib/tinyusb/src/portable/raspberrypi/rp2040/rp2040_usb.c.obj
                0x10006bdc                rp2040_usb_init
 .text.hw_endpoint_xfer_start
                0x10006c28       0x40 CMakeFiles/test.dir/home/kedar/pico/pico-sdk/lib/tinyusb/src/portable/raspberrypi/rp2040/rp2040_usb.c.obj
                0x10006c28                hw_endpoint_xfer_start
 .text.tud_mounted
                0x10006c68       0x10 CMakeFiles/test.dir/home/kedar/pico/pico-sdk/lib/tinyusb/src/device/usbd.c.obj
                0x10006c68                tud_mounted
 .text.tud_suspended
                0x10006c78       0x10 CMakeFiles/test.dir/home/kedar/pico/pico-sdk/lib/tinyusb/src/device/usbd.c.obj
                0x10006c78                tud_suspended
 .text.tud_inited
                0x10006c88       0x14 CMakeFiles/test.dir/home/kedar/pico/pico-sdk/lib/tinyusb/src/device/usbd.c.obj
                0x10006c88                tud_inited
 .text.tud_init
                0x10006c9c       0xdc CMakeFiles/test.dir/home/kedar/pico/pico-sdk/lib/tinyusb/src/device/usbd.c.obj
                0x10006c9c                tud_init
 .text.tud_task_ext
                0x10006d78      0x850 CMakeFiles/test.dir/home/kedar/pico/pico-sdk/lib/tinyusb/src/device/usbd.c.obj
                0x10006d78                tud_task_ext
 .text.usbd_open_edpt_pair
                0x100075c8       0x9c CMakeFiles/test.dir/home/kedar/pico/pico-sdk/lib/tinyusb/src/device/usbd.c.obj
                0x100075c8                usbd_open_edpt_pair
 .text.usbd_defer_func
                0x10007664       0x48 CMakeFiles/test.dir/home/kedar/pico/pico-sdk/lib/tinyusb/src/device/usbd.c.obj
                0x10007664                usbd_defer_func
 .text.usbd_edpt_open
                0x100076ac       0x34 CMakeFiles/test.dir/home/kedar/pico/pico-sdk/lib/tinyusb/src/device/usbd.c.obj
                0x100076ac                usbd_edpt_open
 .text.usbd_edpt_claim
                0x100076e0       0x28 CMakeFiles/test.dir/home/kedar/pico/pico-sdk/lib/tinyusb/src/device/usbd.c.obj
                0x100076e0                usbd_edpt_claim
 .text.usbd_edpt_release
                0x10007708       0x28 CMakeFiles/test.dir/home/kedar/pico/pico-sdk/lib/tinyusb/src/device/usbd.c.obj
                0x10007708                usbd_edpt_release
 .text.usbd_edpt_xfer
                0x10007730       0x4c CMakeFiles/test.dir/home/kedar/pico/pico-sdk/lib/tinyusb/src/device/usbd.c.obj
                0x10007730                usbd_edpt_xfer
 .text.tud_control_status
                0x1000777c       0x2c CMakeFiles/test.dir/home/kedar/pico/pico-sdk/lib/tinyusb/src/device/usbd_control.c.obj
                0x1000777c                tud_control_status
 .text.tud_control_xfer
                0x100077a8       0xac CMakeFiles/test.dir/home/kedar/pico/pico-sdk/lib/tinyusb/src/device/usbd_control.c.obj
                0x100077a8                tud_control_xfer
 .text.usbd_control_reset
                0x10007854       0x14 CMakeFiles/test.dir/home/kedar/pico/pico-sdk/lib/tinyusb/src/device/usbd_control.c.obj
                0x10007854                usbd_control_reset
 .text.usbd_control_set_complete_callback
                0x10007868        0xc CMakeFiles/test.dir/home/kedar/pico/pico-sdk/lib/tinyusb/src/device/usbd_control.c.obj
                0x10007868                usbd_control_set_complete_callback
 .text.usbd_control_set_request
                0x10007874       0x1c CMakeFiles/test.dir/home/kedar/pico/pico-sdk/lib/tinyusb/src/device/usbd_control.c.obj
                0x10007874                usbd_control_set_request
 .text.usbd_control_xfer_cb
                0x10007890       0xf4 CMakeFiles/test.dir/home/kedar/pico/pico-sdk/lib/tinyusb/src/device/usbd_control.c.obj
                0x10007890                usbd_control_xfer_cb
 .text.tud_cdc_n_connected
                0x10007984       0x30 CMakeFiles/test.dir/home/kedar/pico/pico-sdk/lib/tinyusb/src/class/cdc/cdc_device.c.obj
                0x10007984                tud_cdc_n_connected
 .text.tud_cdc_n_available
                0x100079b4       0x18 CMakeFiles/test.dir/home/kedar/pico/pico-sdk/lib/tinyusb/src/class/cdc/cdc_device.c.obj
                0x100079b4                tud_cdc_n_available
 .text.tud_cdc_n_read
                0x100079cc       0x70 CMakeFiles/test.dir/home/kedar/pico/pico-sdk/lib/tinyusb/src/class/cdc/cdc_device.c.obj
                0x100079cc                tud_cdc_n_read
 .text.tud_cdc_n_write_flush
                0x10007a3c       0x78 CMakeFiles/test.dir/home/kedar/pico/pico-sdk/lib/tinyusb/src/class/cdc/cdc_device.c.obj
                0x10007a3c                tud_cdc_n_write_flush
 .text.tud_cdc_n_write
                0x10007ab4       0x34 CMakeFiles/test.dir/home/kedar/pico/pico-sdk/lib/tinyusb/src/class/cdc/cdc_device.c.obj
                0x10007ab4                tud_cdc_n_write
 .text.tud_cdc_n_write_available
                0x10007ae8       0x18 CMakeFiles/test.dir/home/kedar/pico/pico-sdk/lib/tinyusb/src/class/cdc/cdc_device.c.obj
                0x10007ae8                tud_cdc_n_write_available
 .text.cdcd_init
                0x10007b00       0x7c CMakeFiles/test.dir/home/kedar/pico/pico-sdk/lib/tinyusb/src/class/cdc/cdc_device.c.obj
                0x10007b00                cdcd_init
 .text.cdcd_reset
                0x10007b7c       0x2c CMakeFiles/test.dir/home/kedar/pico/pico-sdk/lib/tinyusb/src/class/cdc/cdc_device.c.obj
                0x10007b7c                cdcd_reset
 .text.cdcd_open
                0x10007ba8       0xe4 CMakeFiles/test.dir/home/kedar/pico/pico-sdk/lib/tinyusb/src/class/cdc/cdc_device.c.obj
                0x10007ba8                cdcd_open
 .text.cdcd_control_xfer_cb
                0x10007c8c       0xe4 CMakeFiles/test.dir/home/kedar/pico/pico-sdk/lib/tinyusb/src/class/cdc/cdc_device.c.obj
                0x10007c8c                cdcd_control_xfer_cb
 .text.cdcd_xfer_cb
                0x10007d70      0x13c CMakeFiles/test.dir/home/kedar/pico/pico-sdk/lib/tinyusb/src/class/cdc/cdc_device.c.obj
                0x10007d70                cdcd_xfer_cb
 .text.tusb_init
                0x10007eac        0xc CMakeFiles/test.dir/home/kedar/pico/pico-sdk/lib/tinyusb/src/tusb.c.obj
                0x10007eac                tusb_init
 .text.tusb_inited
                0x10007eb8        0x8 CMakeFiles/test.dir/home/kedar/pico/pico-sdk/lib/tinyusb/src/tusb.c.obj
                0x10007eb8                tusb_inited
 .text.tu_edpt_claim
                0x10007ec0       0x50 CMakeFiles/test.dir/home/kedar/pico/pico-sdk/lib/tinyusb/src/tusb.c.obj
                0x10007ec0                tu_edpt_claim
 .text.tu_edpt_release
                0x10007f10       0x38 CMakeFiles/test.dir/home/kedar/pico/pico-sdk/lib/tinyusb/src/tusb.c.obj
                0x10007f10                tu_edpt_release
 .text.tu_edpt_validate
                0x10007f48       0x7c CMakeFiles/test.dir/home/kedar/pico/pico-sdk/lib/tinyusb/src/tusb.c.obj
                0x10007f48                tu_edpt_validate
 .text.tu_edpt_bind_driver
                0x10007fc4       0x34 CMakeFiles/test.dir/home/kedar/pico/pico-sdk/lib/tinyusb/src/tusb.c.obj
                0x10007fc4                tu_edpt_bind_driver
 .text.tu_fifo_config
                0x10007ff8       0x6c CMakeFiles/test.dir/home/kedar/pico/pico-sdk/lib/tinyusb/src/common/tusb_fifo.c.obj
                0x10007ff8                tu_fifo_config
 .text.tu_fifo_count
                0x10008064       0x2c CMakeFiles/test.dir/home/kedar/pico/pico-sdk/lib/tinyusb/src/common/tusb_fifo.c.obj
                0x10008064                tu_fifo_count
 .text.tu_fifo_empty
                0x10008090       0x10 CMakeFiles/test.dir/home/kedar/pico/pico-sdk/lib/tinyusb/src/common/tusb_fifo.c.obj
                0x10008090                tu_fifo_empty
 .text.tu_fifo_remaining
                0x100080a0       0x2c CMakeFiles/test.dir/home/kedar/pico/pico-sdk/lib/tinyusb/src/common/tusb_fifo.c.obj
                0x100080a0                tu_fifo_remaining
 .text.tu_fifo_read
                0x100080cc       0x9c CMakeFiles/test.dir/home/kedar/pico/pico-sdk/lib/tinyusb/src/common/tusb_fifo.c.obj
                0x100080cc                tu_fifo_read
 .text.tu_fifo_read_n
                0x10008168       0xe8 CMakeFiles/test.dir/home/kedar/pico/pico-sdk/lib/tinyusb/src/common/tusb_fifo.c.obj
                0x10008168                tu_fifo_read_n
 .text.tu_fifo_write
                0x10008250       0xa8 CMakeFiles/test.dir/home/kedar/pico/pico-sdk/lib/tinyusb/src/common/tusb_fifo.c.obj
                0x10008250                tu_fifo_write
 .text.tu_fifo_write_n
                0x100082f8      0x178 CMakeFiles/test.dir/home/kedar/pico/pico-sdk/lib/tinyusb/src/common/tusb_fifo.c.obj
                0x100082f8                tu_fifo_write_n
 .text.tu_fifo_clear
                0x10008470       0x40 CMakeFiles/test.dir/home/kedar/pico/pico-sdk/lib/tinyusb/src/common/tusb_fifo.c.obj
                0x10008470                tu_fifo_clear
 .text.tu_fifo_set_overwritable
                0x100084b0       0x48 CMakeFiles/test.dir/home/kedar/pico/pico-sdk/lib/tinyusb/src/common/tusb_fifo.c.obj
                0x100084b0                tu_fifo_set_overwritable
 .text          0x100084f8       0x14 /usr/lib/gcc/arm-none-eabi/13.2.1/../../../arm-none-eabi/lib/thumb/v6-m/nofp/libc.a(libc_a-strtok.o)
                0x100084f8                strtok
 .text          0x1000850c       0xa8 /usr/lib/gcc/arm-none-eabi/13.2.1/../../../arm-none-eabi/lib/thumb/v6-m/nofp/libc.a(libc_a-sscanf.o)
                0x1000850c                sscanf
                0x10008560                _sscanf_r
 .text          0x100085b4       0x6c /usr/lib/gcc/arm-none-eabi/13.2.1/../../../arm-none-eabi/lib/thumb/v6-m/nofp/libc.a(libc_a-gets.o)
                0x100085b4                _gets_r
                0x1000860c                gets
 .text          0x10008620       0xa8 /usr/lib/gcc/arm-none-eabi/13.2.1/../../../arm-none-eabi/lib/thumb/v6-m/nofp/libc.a(libc_a-callocr.o)
                0x10008620                _calloc_r
 .text          0x100086c8       0xb8 /usr/lib/gcc/arm-none-eabi/13.2.1/../../../arm-none-eabi/lib/thumb/v6-m/nofp/libc.a(libc_a-rget.o)
                0x100086c8                __srget_r
                0x10008720                __srget
 .text          0x10008780      0x5b4 /usr/lib/gcc/arm-none-eabi/13.2.1/../../../arm-none-eabi/lib/thumb/v6-m/nofp/libc.a(libc_a-mallocr.o)
                0x10008780                _malloc_r
 .text          0x10008d34      0x288 /usr/lib/gcc/arm-none-eabi/13.2.1/../../../arm-none-eabi/lib/thumb/v6-m/nofp/libc.a(libc_a-freer.o)
                0x10008d34                _malloc_trim_r
                0x10008de8                _free_r
 .text          0x10008fbc       0x70 /usr/lib/gcc/arm-none-eabi/13.2.1/../../../arm-none-eabi/lib/thumb/v6-m/nofp/libc.a(libc_a-strtok_r.o)
                0x10008fbc                __strtok_r
                0x10009020                strtok_r
 .text          0x1000902c      0xfe0 /usr/lib/gcc/arm-none-eabi/13.2.1/../../../arm-none-eabi/lib/thumb/v6-m/nofp/libc.a(libc_a-svfscanf.o)
                0x1000902c                __ssvfscanf_r
 .text          0x1000a00c      0x190 /usr/lib/gcc/arm-none-eabi/13.2.1/../../../arm-none-eabi/lib/thumb/v6-m/nofp/libc.a(libc_a-strtol.o)
                0x1000a164                _strtol_r
                0x1000a16c                strtol_l
                0x1000a184                strtol
 .text          0x1000a19c       0x1c /usr/lib/gcc/arm-none-eabi/13.2.1/../../../arm-none-eabi/lib/thumb/v6-m/nofp/libc.a(libc_a-sysconf.o)
                0x1000a19c                sysconf
 .text          0x1000a1b8       0xa8 /usr/lib/gcc/arm-none-eabi/13.2.1/../../../arm-none-eabi/lib/thumb/v6-m/nofp/libc.a(libc_a-stdio.o)
                0x1000a1b8                __sread
                0x1000a1e0                __seofread
                0x1000a1e4                __swrite
                0x1000a224                __sseek
                0x1000a254                __sclose
 .text          0x1000a260        0xc /usr/lib/gcc/arm-none-eabi/13.2.1/../../../arm-none-eabi/lib/thumb/v6-m/nofp/libc.a(libc_a-iswspace.o)
                0x1000a260                iswspace
 .text          0x1000a26c       0x94 /usr/lib/gcc/arm-none-eabi/13.2.1/../../../arm-none-eabi/lib/thumb/v6-m/nofp/libc.a(libc_a-mbrtowc.o)
                0x1000a26c                _mbrtowc_r
                0x1000a2b4                mbrtowc
 .text          0x1000a300      0x120 /usr/lib/gcc/arm-none-eabi/13.2.1/../../../arm-none-eabi/lib/thumb/v6-m/nofp/libc.a(libc_a-refill.o)
                0x1000a320                __srefill_r
 .text          0x1000a420      0x350 /usr/lib/gcc/arm-none-eabi/13.2.1/../../../arm-none-eabi/lib/thumb/v6-m/nofp/libc.a(libc_a-reallocr.o)
                0x1000a420                _realloc_r
 .text          0x1000a770       0x28 /usr/lib/gcc/arm-none-eabi/13.2.1/../../../arm-none-eabi/lib/thumb/v6-m/nofp/libc.a(libc_a-writer.o)
                0x1000a770                _write_r
 .text          0x1000a798        0x8 /usr/lib/gcc/arm-none-eabi/13.2.1/../../../arm-none-eabi/lib/thumb/v6-m/nofp/libc.a(libc_a-mlock.o)
                0x1000a798                __malloc_lock
                0x1000a79c                __malloc_unlock
 .text          0x1000a7a0      0x258 /usr/lib/gcc/arm-none-eabi/13.2.1/../../../arm-none-eabi/lib/thumb/v6-m/nofp/libc.a(libc_a-findfp.o)
                0x1000a8fc                __sfp
                0x1000a99c                __sinit
                0x1000a9c0                __sfp_lock_acquire
                0x1000a9c4                __sfp_lock_release
                0x1000a9c8                __fp_lock_all
                0x1000a9e0                __fp_unlock_all
 .text          0x1000a9f8       0x10 /usr/lib/gcc/arm-none-eabi/13.2.1/../../../arm-none-eabi/lib/thumb/v6-m/nofp/libc.a(libc_a-atexit.o)
                0x1000a9f8                atexit
 .text          0x1000aa08       0x5c /usr/lib/gcc/arm-none-eabi/13.2.1/../../../arm-none-eabi/lib/thumb/v6-m/nofp/libc.a(libc_a-strlen-stub.o)
                0x1000aa08                strlen
 .text          0x1000aa64      0xfe0 /usr/lib/gcc/arm-none-eabi/13.2.1/../../../arm-none-eabi/lib/thumb/v6-m/nofp/libc.a(libc_a-svfiscanf.o)
                0x1000aa64                _sungetc_r
                0x1000aae4                __ssrefill_r
                0x1000ab24                _sfread_r
                0x1000abe0                __ssvfiscanf_r
 .text          0x1000ba44       0x24 /usr/lib/gcc/arm-none-eabi/13.2.1/../../../arm-none-eabi/lib/thumb/v6-m/nofp/libc.a(libc_a-sbrkr.o)
                0x1000ba44                _sbrk_r
 .text          0x1000ba68      0x164 /usr/lib/gcc/arm-none-eabi/13.2.1/../../../arm-none-eabi/lib/thumb/v6-m/nofp/libc.a(libc_a-ungetc.o)
                0x1000ba68                __submore
                0x1000baec                _ungetc_r
                0x1000bbb4                ungetc
 .text          0x1000bbcc       0x24 /usr/lib/gcc/arm-none-eabi/13.2.1/../../../arm-none-eabi/lib/thumb/v6-m/nofp/libc.a(libc_a-closer.o)
                0x1000bbcc                _close_r
 .text          0x1000bbf0       0x28 /usr/lib/gcc/arm-none-eabi/13.2.1/../../../arm-none-eabi/lib/thumb/v6-m/nofp/libc.a(libc_a-fini.o)
                0x1000bbf0                __libc_fini_array
 .text          0x1000bc18        0x8 /usr/lib/gcc/arm-none-eabi/13.2.1/../../../arm-none-eabi/lib/thumb/v6-m/nofp/libc.a(libm_a-sf_nan.o)
                0x1000bc18                nanf
 .text          0x1000bc20      0x1d8 /usr/lib/gcc/arm-none-eabi/13.2.1/../../../arm-none-eabi/lib/thumb/v6-m/nofp/libc.a(libc_a-strtoll.o)
                0x1000bdc0                _strtoll_r
                0x1000bdc8                strtoll_l
                0x1000bde0                strtoll
 .text          0x1000bdf8       0x80 /usr/lib/gcc/arm-none-eabi/13.2.1/../../../arm-none-eabi/lib/thumb/v6-m/nofp/libc.a(libc_a-sccl.o)
                0x1000bdf8                __sccl
 .text          0x1000be78       0x44 /usr/lib/gcc/arm-none-eabi/13.2.1/../../../arm-none-eabi/lib/thumb/v6-m/nofp/libc.a(libc_a-fwalk.o)
                0x1000be78                _fwalk_sglue
 .text          0x1000bebc       0x14 /usr/lib/gcc/arm-none-eabi/13.2.1/../../../arm-none-eabi/lib/thumb/v6-m/nofp/libc.a(libc_a-localeconv.o)
                0x1000bebc                __localeconv_l
                0x1000bec0                _localeconv_r
                0x1000bec8                localeconv
 .text          0x1000bed0     0x10b8 /usr/lib/gcc/arm-none-eabi/13.2.1/../../../arm-none-eabi/lib/thumb/v6-m/nofp/libc.a(libc_a-strtod.o)
                0x1000bf00                _strtod_l
                0x1000cdb8                _strtod_r
                0x1000cdc8                strtod_l
                0x1000cde0                strtod
                0x1000cdfc                strtof_l
                0x1000ceb4                strtof
 .text          0x1000cf88      0x138 /usr/lib/gcc/arm-none-eabi/13.2.1/../../../arm-none-eabi/lib/thumb/v6-m/nofp/libc.a(libc_a-makebuf.o)
                0x1000cf88                __smakebuf_r
                0x1000d068                __swhatbuf_r
 .text          0x1000d0c0       0x98 /usr/lib/gcc/arm-none-eabi/13.2.1/../../../arm-none-eabi/lib/thumb/v6-m/nofp/libc.a(libc_a-locale.o)
                0x1000d0c0                _setlocale_r
                0x1000d104                __locale_mb_cur_max
                0x1000d114                setlocale
 .text          0x1000d158       0x88 /usr/lib/gcc/arm-none-eabi/13.2.1/../../../arm-none-eabi/lib/thumb/v6-m/nofp/libc.a(libc_a-strcmp.o)
                0x1000d158                strcmp
 .text          0x1000d1e0      0x658 /usr/lib/gcc/arm-none-eabi/13.2.1/../../../arm-none-eabi/lib/thumb/v6-m/nofp/libc.a(libc_a-gdtoa-gethex.o)
                0x1000d290                __gethex
 .text          0x1000d838      0x17c /usr/lib/gcc/arm-none-eabi/13.2.1/../../../arm-none-eabi/lib/thumb/v6-m/nofp/libc.a(libc_a-strtoul.o)
                0x1000d97c                _strtoul_r
                0x1000d984                strtoul_l
                0x1000d99c                strtoul
 .text          0x1000d9b4       0x44 /usr/lib/gcc/arm-none-eabi/13.2.1/../../../arm-none-eabi/lib/thumb/v6-m/nofp/libc.a(libc_a-mbtowc_r.o)
                0x1000d9b4                _mbtowc_r
                0x1000d9cc                __ascii_mbtowc
 .text          0x1000d9f8      0x1c4 /usr/lib/gcc/arm-none-eabi/13.2.1/../../../arm-none-eabi/lib/thumb/v6-m/nofp/libc.a(libc_a-fflush.o)
                0x1000d9f8                __sflush_r
                0x1000db40                _fflush_r
                0x1000db6c                fflush
 .text          0x1000dbbc       0x74 /usr/lib/gcc/arm-none-eabi/13.2.1/../../../arm-none-eabi/lib/thumb/v6-m/nofp/libc.a(libc_a-strncmp.o)
                0x1000dbbc                strncmp
 .text          0x1000dc30       0xb0 /usr/lib/gcc/arm-none-eabi/13.2.1/../../../arm-none-eabi/lib/thumb/v6-m/nofp/libc.a(libc_a-memmove.o)
                0x1000dc30                memmove
 .text          0x1000dce0        0xc /usr/lib/gcc/arm-none-eabi/13.2.1/../../../arm-none-eabi/lib/thumb/v6-m/nofp/libc.a(libc_a-errno.o)
                0x1000dce0                __errno
 .text          0x1000dcec       0x18 /usr/lib/gcc/arm-none-eabi/13.2.1/../../../arm-none-eabi/lib/thumb/v6-m/nofp/libc.a(libc_a-iswspace_l.o)
                0x1000dcec                iswspace_l
 .text          0x1000dd04      0x1fc /usr/lib/gcc/arm-none-eabi/13.2.1/../../../arm-none-eabi/lib/thumb/v6-m/nofp/libc.a(libc_a-strtoull.o)
                0x1000dec8                _strtoull_r
                0x1000ded0                strtoull_l
                0x1000dee8                strtoull
 .text          0x1000df00       0x28 /usr/lib/gcc/arm-none-eabi/13.2.1/../../../arm-none-eabi/lib/thumb/v6-m/nofp/libc.a(libc_a-readr.o)
                0x1000df00                _read_r
 .text          0x1000df28       0xa4 /usr/lib/gcc/arm-none-eabi/13.2.1/../../../arm-none-eabi/lib/thumb/v6-m/nofp/libc.a(libc_a-fclose.o)
                0x1000df28                _fclose_r
                0x1000dfb8                fclose
 .text          0x1000dfcc       0x2c /usr/lib/gcc/arm-none-eabi/13.2.1/../../../arm-none-eabi/lib/thumb/v6-m/nofp/libc.a(libc_a-wctomb_r.o)
                0x1000dfcc                _wctomb_r
                0x1000dfdc                __ascii_wctomb
 .text          0x1000dff8       0x28 /usr/lib/gcc/arm-none-eabi/13.2.1/../../../arm-none-eabi/lib/thumb/v6-m/nofp/libc.a(libc_a-lseekr.o)
                0x1000dff8                _lseek_r
 .text          0x1000e020       0x78 /usr/lib/gcc/arm-none-eabi/13.2.1/../../../arm-none-eabi/lib/thumb/v6-m/nofp/libc.a(libc_a-__atexit.o)
                0x1000e020                __register_exitproc
 .text          0x1000e098       0x28 /usr/lib/gcc/arm-none-eabi/13.2.1/../../../arm-none-eabi/lib/thumb/v6-m/nofp/libc.a(libc_a-fstatr.o)
                0x1000e098                _fstat_r
 .text          0x1000e0c0       0x24 /usr/lib/gcc/arm-none-eabi/13.2.1/../../../arm-none-eabi/lib/thumb/v6-m/nofp/libc.a(libc_a-isattyr.o)
                0x1000e0c0                _isatty_r
 .text          0x1000e0e4      0x230 /usr/lib/gcc/arm-none-eabi/13.2.1/../../../arm-none-eabi/lib/thumb/v6-m/nofp/libc.a(libc_a-gdtoa-hexnan.o)
                0x1000e0e4                __match
                0x1000e110                __hexnan
 .text          0x1000e314        0xc /usr/lib/gcc/arm-none-eabi/13.2.1/../../../arm-none-eabi/lib/thumb/v6-m/nofp/libc.a(libm_a-s_nan.o)
                0x1000e314                nan
 .text          0x1000e320      0xb18 /usr/lib/gcc/arm-none-eabi/13.2.1/../../../arm-none-eabi/lib/thumb/v6-m/nofp/libc.a(libc_a-mprec.o)
                0x1000e320                _Balloc
                0x1000e370                _Bfree
                0x1000e384                __multadd
                0x1000e42c                __s2b
                0x1000e4dc                __hi0bits
                0x1000e528                __lo0bits
                0x1000e584                __i2b
                0x1000e5e4                __multiply
                0x1000e790                __pow5mult
                0x1000e860                __lshift
                0x1000e95c                __mcmp
                0x1000e998                __mdiff
                0x1000eb4c                __ulp
                0x1000eb8c                __b2d
                0x1000ec44                __d2b
                0x1000ed10                __ratio
                0x1000ed78                _mprec_log10
                0x1000edac                __copybits
                0x1000edec                __any_on
 .text.startup  0x1000ee38       0x18 /usr/lib/gcc/arm-none-eabi/13.2.1/../../../arm-none-eabi/lib/thumb/v6-m/nofp/libc.a(libc_a-__call_atexit.o)
 *(.fini)
 .fini          0x1000ee50        0x4 /usr/lib/gcc/arm-none-eabi/13.2.1/thumb/v6-m/nofp/crti.o
                0x1000ee50                _fini
 *fill*         0x1000ee54        0x4 
 .fini.__stub   0x1000ee58       0xc0 linker stubs
 *crtbegin.o(.ctors)
 *crtbegin?.o(.ctors)
 *(EXCLUDE_FILE(*crtend.o *crtend?.o) .ctors)
 *(SORT_BY_NAME(.ctors.*))
 *(.ctors)
 *crtbegin.o(.dtors)
 *crtbegin?.o(.dtors)
 *(EXCLUDE_FILE(*crtend.o *crtend?.o) .dtors)
 *(SORT_BY_NAME(.dtors.*))
 *(.dtors)
 *(.eh_frame*)
 .eh_frame      0x1000ef18        0x0 /usr/lib/gcc/arm-none-eabi/13.2.1/thumb/v6-m/nofp/crtbegin.o
                0x1000ef18                        . = ALIGN (0x4)

.glue_7         0x1000ef18        0x0
 .glue_7        0x1000ef18        0x0 linker stubs

.glue_7t        0x1000ef18        0x0
 .glue_7t       0x1000ef18        0x0 linker stubs

.vfp11_veneer   0x1000ef18        0x0
 .vfp11_veneer  0x1000ef18        0x0 linker stubs

.v4_bx          0x1000ef18        0x0
 .v4_bx         0x1000ef18        0x0 linker stubs

.iplt           0x1000ef18        0x0
 .iplt          0x1000ef18        0x0 /usr/lib/gcc/arm-none-eabi/13.2.1/thumb/v6-m/nofp/crtbegin.o

.rodata         0x1000ef18     0x1368
 *(EXCLUDE_FILE(*libm.a: *libc.a:*lib_a-mem*.o *libgcc.a:) .rodata*)
 .rodata._Z16large_con_rotate8Rotationj.part.0.str1.4
                0x1000ef18      0x51d CMakeFiles/test.dir/main.cpp.obj
                                 0x5a (size before relaxing)
 .rodata._Z27x_axis_limit_switch_handlerv.str1.4
                0x1000f435       0x21 CMakeFiles/test.dir/main.cpp.obj
 .rodata._Z27y_axis_limit_switch_handlerv.str1.4
                0x1000f435       0x15 CMakeFiles/test.dir/main.cpp.obj
 .rodata._Z11x_axis_initPFvvE.str1.4
                0x1000f435       0x67 CMakeFiles/test.dir/main.cpp.obj
 .rodata._Z13x_axis_configv.str1.4
                0x1000f435       0x6b CMakeFiles/test.dir/main.cpp.obj
 .rodata._Z13x_axis_rotate8Rotationj.str1.4
                0x1000f435        0xe CMakeFiles/test.dir/main.cpp.obj
 .rodata._Z11y_axis_initPFvvE.str1.4
                0x1000f435       0x3b CMakeFiles/test.dir/main.cpp.obj
 .rodata._Z13y_axis_rotate8Rotationj.str1.4
                0x1000f435        0xe CMakeFiles/test.dir/main.cpp.obj
 .rodata._Z14small_con_initPFvvE.str1.4
                0x1000f435       0x44 CMakeFiles/test.dir/main.cpp.obj
 .rodata._Z16small_con_rotate8Rotationj.str1.4
                0x1000f435       0x18 CMakeFiles/test.dir/main.cpp.obj
 .rodata._Z14large_con_initPFvvE.str1.4
                0x1000f435       0x44 CMakeFiles/test.dir/main.cpp.obj
 .rodata.main.str1.4
                0x1000f435       0x71 CMakeFiles/test.dir/main.cpp.obj
 .rodata.spin_lock_claim_unused.str1.4
                0x1000f435       0x1b CMakeFiles/test.dir/home/kedar/pico/pico-sdk/src/rp2_common/hardware_sync/sync.c.obj
 .rodata.user_irq_claim_unused.str1.4
                0x1000f435       0x1b CMakeFiles/test.dir/home/kedar/pico/pico-sdk/src/rp2_common/hardware_irq/irq.c.obj
 *fill*         0x1000f435        0x3 
 .rodata.at_the_end_of_time
                0x1000f438        0x8 CMakeFiles/test.dir/home/kedar/pico/pico-sdk/src/common/pico_time/time.c.obj
                0x1000f438                at_the_end_of_time
 .rodata.hardware_alarm_claim.str1.4
                0x1000f440       0x22 CMakeFiles/test.dir/home/kedar/pico/pico-sdk/src/rp2_common/hardware_timer/timer.c.obj
 .rodata.__assert_func.str1.4
                0x1000f440       0x43 CMakeFiles/test.dir/home/kedar/pico/pico-sdk/src/rp2_common/pico_runtime/runtime.c.obj
 .rodata.panic.str1.4
                0x1000f440       0x12 CMakeFiles/test.dir/home/kedar/pico/pico-sdk/src/rp2_common/pico_runtime/runtime.c.obj
 .rodata.hard_assertion_failure.str1.4
                0x1000f440        0xc CMakeFiles/test.dir/home/kedar/pico/pico-sdk/src/rp2_common/pico_runtime/runtime.c.obj
 .rodata._ftoa.str1.4
                0x1000f440       0x15 CMakeFiles/test.dir/home/kedar/pico/pico-sdk/src/rp2_common/pico_printf/printf.c.obj
 .rodata._vsnprintf
                0x1000f440      0x19c CMakeFiles/test.dir/home/kedar/pico/pico-sdk/src/rp2_common/pico_printf/printf.c.obj
 *fill*         0x1000f5dc        0x4 
 .rodata.pow10.0
                0x1000f5e0       0x50 CMakeFiles/test.dir/home/kedar/pico/pico-sdk/src/rp2_common/pico_printf/printf.c.obj
 .rodata.str1.4
                0x1000f630       0x3c CMakeFiles/test.dir/home/kedar/pico/pico-sdk/src/rp2_common/pico_standard_link/binary_info.c.obj
 .rodata.__bi_81
                0x1000f630        0xc CMakeFiles/test.dir/home/kedar/pico/pico-sdk/src/rp2_common/pico_standard_link/binary_info.c.obj
 .rodata.__bi_75
                0x1000f63c        0xc CMakeFiles/test.dir/home/kedar/pico/pico-sdk/src/rp2_common/pico_standard_link/binary_info.c.obj
 .rodata.__bi_44
                0x1000f648        0xc CMakeFiles/test.dir/home/kedar/pico/pico-sdk/src/rp2_common/pico_standard_link/binary_info.c.obj
 .rodata.crlf_str.0
                0x1000f654        0x2 CMakeFiles/test.dir/home/kedar/pico/pico-sdk/src/rp2_common/pico_stdio/stdio.c.obj
 *fill*         0x1000f656        0x2 
 .rodata._resetd_driver
                0x1000f658       0x18 CMakeFiles/test.dir/home/kedar/pico/pico-sdk/src/rp2_common/pico_stdio_usb/reset_interface.c.obj
 .rodata.str1.4
                0x1000f670       0x13 CMakeFiles/test.dir/home/kedar/pico/pico-sdk/src/rp2_common/pico_stdio_usb/stdio_usb.c.obj
 .rodata.__bi_182.0
                0x1000f670        0xc CMakeFiles/test.dir/home/kedar/pico/pico-sdk/src/rp2_common/pico_stdio_usb/stdio_usb.c.obj
 .rodata.str1.4
                0x1000f67c       0x2a CMakeFiles/test.dir/home/kedar/pico/pico-sdk/src/rp2_common/pico_stdio_usb/stdio_usb_descriptors.c.obj
 .rodata.usbd_desc_str
                0x1000f67c       0x18 CMakeFiles/test.dir/home/kedar/pico/pico-sdk/src/rp2_common/pico_stdio_usb/stdio_usb_descriptors.c.obj
 .rodata.usbd_desc_cfg
                0x1000f694       0x54 CMakeFiles/test.dir/home/kedar/pico/pico-sdk/src/rp2_common/pico_stdio_usb/stdio_usb_descriptors.c.obj
 .rodata.usbd_desc_device
                0x1000f6e8       0x12 CMakeFiles/test.dir/home/kedar/pico/pico-sdk/src/rp2_common/pico_stdio_usb/stdio_usb_descriptors.c.obj
 .rodata.str1.4
                0x1000f6fa       0x14 CMakeFiles/test.dir/home/kedar/pico/pico-sdk/lib/tinyusb/src/portable/raspberrypi/rp2040/dcd_rp2040.c.obj
 .rodata.str1.4
                0x1000f6fa       0x53 CMakeFiles/test.dir/home/kedar/pico/pico-sdk/lib/tinyusb/src/portable/raspberrypi/rp2040/rp2040_usb.c.obj
 *fill*         0x1000f6fa        0x2 
 .rodata.tud_task_ext
                0x1000f6fc       0x8c CMakeFiles/test.dir/home/kedar/pico/pico-sdk/lib/tinyusb/src/device/usbd.c.obj
 .rodata._usbd_driver
                0x1000f788       0x18 CMakeFiles/test.dir/home/kedar/pico/pico-sdk/lib/tinyusb/src/device/usbd.c.obj
 .rodata.str1.4
                0x1000f7a0        0x9 /usr/lib/gcc/arm-none-eabi/13.2.1/../../../arm-none-eabi/lib/thumb/v6-m/nofp/libc.a(libc_a-svfscanf.o)
 .rodata        0x1000f7a0      0x3e6 /usr/lib/gcc/arm-none-eabi/13.2.1/../../../arm-none-eabi/lib/thumb/v6-m/nofp/libc.a(libc_a-svfscanf.o)
 .rodata.str1.4
                0x1000fb86        0x1 /usr/lib/gcc/arm-none-eabi/13.2.1/../../../arm-none-eabi/lib/thumb/v6-m/nofp/libc.a(libc_a-mbrtowc.o)
 *fill*         0x1000fb86        0x2 
 .rodata        0x1000fb88      0x101 /usr/lib/gcc/arm-none-eabi/13.2.1/../../../arm-none-eabi/lib/thumb/v6-m/nofp/libc.a(libc_a-ctype_.o)
                0x1000fb88                _ctype_
 *fill*         0x1000fc89        0x3 
 .rodata        0x1000fc8c      0x2aa /usr/lib/gcc/arm-none-eabi/13.2.1/../../../arm-none-eabi/lib/thumb/v6-m/nofp/libc.a(libc_a-svfiscanf.o)
 .rodata.str1.4
                0x1000ff36       0x15 /usr/lib/gcc/arm-none-eabi/13.2.1/../../../arm-none-eabi/lib/thumb/v6-m/nofp/libc.a(libc_a-strtod.o)
 *fill*         0x1000ff36        0x2 
 .rodata        0x1000ff38      0x120 /usr/lib/gcc/arm-none-eabi/13.2.1/../../../arm-none-eabi/lib/thumb/v6-m/nofp/libc.a(libc_a-strtod.o)
 .rodata.str1.4
                0x10010058       0x12 /usr/lib/gcc/arm-none-eabi/13.2.1/../../../arm-none-eabi/lib/thumb/v6-m/nofp/libc.a(libc_a-locale.o)
 .rodata.str1.4
                0x10010058       0x4c /usr/lib/gcc/arm-none-eabi/13.2.1/../../../arm-none-eabi/lib/thumb/v6-m/nofp/libc.a(libc_a-gdtoa-gethex.o)
 .rodata        0x10010058      0x100 /usr/lib/gcc/arm-none-eabi/13.2.1/../../../arm-none-eabi/lib/thumb/v6-m/nofp/libc.a(libc_a-gdtoa-gethex.o)
                0x10010058                __hexdig
 .rodata.str1.4
                0x10010158       0x41 /usr/lib/gcc/arm-none-eabi/13.2.1/../../../arm-none-eabi/lib/thumb/v6-m/nofp/libc.a(libc_a-mprec.o)
 .rodata        0x10010158      0x128 /usr/lib/gcc/arm-none-eabi/13.2.1/../../../arm-none-eabi/lib/thumb/v6-m/nofp/libc.a(libc_a-mprec.o)
                0x10010168                __mprec_tinytens
                0x10010190                __mprec_bigtens
                0x100101b8                __mprec_tens
                0x10010280                        . = ALIGN (0x4)
 *(SORT_BY_ALIGNMENT(SORT_BY_NAME(.flashdata*)))
                0x10010280                        . = ALIGN (0x4)

.ARM.extab
 *(.ARM.extab* .gnu.linkonce.armextab.*)
                0x10010280                        __exidx_start = .

.ARM.exidx
 *(.ARM.exidx* .gnu.linkonce.armexidx.*)
                0x10010280                        __exidx_end = .
                0x10010280                        . = ALIGN (0x4)
                0x10010280                        __binary_info_start = .

.binary_info    0x10010280       0x20
 *(.binary_info.keep.*)
 .binary_info.keep.__bi_ptr81
                0x10010280        0x4 CMakeFiles/test.dir/home/kedar/pico/pico-sdk/src/rp2_common/pico_standard_link/binary_info.c.obj
 .binary_info.keep.__bi_ptr75
                0x10010284        0x4 CMakeFiles/test.dir/home/kedar/pico/pico-sdk/src/rp2_common/pico_standard_link/binary_info.c.obj
 .binary_info.keep.__bi_ptr50
                0x10010288        0x4 CMakeFiles/test.dir/home/kedar/pico/pico-sdk/src/rp2_common/pico_standard_link/binary_info.c.obj
 .binary_info.keep.__bi_ptr44
                0x1001028c        0x4 CMakeFiles/test.dir/home/kedar/pico/pico-sdk/src/rp2_common/pico_standard_link/binary_info.c.obj
 .binary_info.keep.__bi_ptr38
                0x10010290        0x4 CMakeFiles/test.dir/home/kedar/pico/pico-sdk/src/rp2_common/pico_standard_link/binary_info.c.obj
 .binary_info.keep.__bi_ptr30
                0x10010294        0x4 CMakeFiles/test.dir/home/kedar/pico/pico-sdk/src/rp2_common/pico_standard_link/binary_info.c.obj
 .binary_info.keep.__bi_ptr22
                0x10010298        0x4 CMakeFiles/test.dir/home/kedar/pico/pico-sdk/src/rp2_common/pico_standard_link/binary_info.c.obj
 *(.binary_info.*)
 .binary_info.__bi_ptr182
                0x1001029c        0x4 CMakeFiles/test.dir/home/kedar/pico/pico-sdk/src/rp2_common/pico_stdio_usb/stdio_usb.c.obj
                0x100102a0                        __binary_info_end = .

.rel.dyn        0x100102a0        0x0
 .rel.iplt      0x100102a0        0x0 /usr/lib/gcc/arm-none-eabi/13.2.1/thumb/v6-m/nofp/crtbegin.o
                0x100102a0                        . = ALIGN (0x4)

.ram_vector_table
                0x20000000       0xc0
 *(.ram_vector_table)
 .ram_vector_table
                0x20000000       0xc0 CMakeFiles/test.dir/home/kedar/pico/pico-sdk/src/rp2_common/pico_runtime/runtime.c.obj
                0x20000000                ram_vector_table

.data           0x200000c0     0x14f4 load address 0x100102a0
                0x200000c0                        __data_start__ = .
 *(vtable)
 *(.time_critical*)
 .time_critical.mutex_try_enter
                0x200000c0       0x40 CMakeFiles/test.dir/home/kedar/pico/pico-sdk/src/common/pico_sync/mutex.c.obj
                0x200000c0                mutex_try_enter
 .time_critical.mutex_try_enter_block_until
                0x20000100       0x9c CMakeFiles/test.dir/home/kedar/pico/pico-sdk/src/common/pico_sync/mutex.c.obj
                0x20000100                mutex_try_enter_block_until
 .time_critical.mutex_enter_timeout_ms
                0x2000019c       0x90 CMakeFiles/test.dir/home/kedar/pico/pico-sdk/src/common/pico_sync/mutex.c.obj
                0x2000019c                mutex_enter_timeout_ms
 .time_critical.mutex_exit
                0x2000022c       0x28 CMakeFiles/test.dir/home/kedar/pico/pico-sdk/src/common/pico_sync/mutex.c.obj
                0x2000022c                mutex_exit
 .time_critical.flash_init_boot2_copyout
                0x20000254       0x30 CMakeFiles/test.dir/home/kedar/pico/pico-sdk/src/rp2_common/hardware_flash/flash.c.obj
 .time_critical.flash_enable_xip_via_boot2
                0x20000284        0xc CMakeFiles/test.dir/home/kedar/pico/pico-sdk/src/rp2_common/hardware_flash/flash.c.obj
 .time_critical.flash_cs_force
                0x20000290       0x38 CMakeFiles/test.dir/home/kedar/pico/pico-sdk/src/rp2_common/hardware_flash/flash.c.obj
 .time_critical.flash_do_cmd
                0x200002c8       0xc0 CMakeFiles/test.dir/home/kedar/pico/pico-sdk/src/rp2_common/hardware_flash/flash.c.obj
                0x200002c8                flash_do_cmd
 .time_critical.reset_non_control_endpoints
                0x20000388       0x68 CMakeFiles/test.dir/home/kedar/pico/pico-sdk/lib/tinyusb/src/portable/raspberrypi/rp2040/dcd_rp2040.c.obj
 .time_critical.hw_handle_buff_status
                0x200003f0       0xb0 CMakeFiles/test.dir/home/kedar/pico/pico-sdk/lib/tinyusb/src/portable/raspberrypi/rp2040/dcd_rp2040.c.obj
 .time_critical.dcd_rp2040_irq
                0x200004a0      0x510 CMakeFiles/test.dir/home/kedar/pico/pico-sdk/lib/tinyusb/src/portable/raspberrypi/rp2040/dcd_rp2040.c.obj
 .time_critical.e15_is_bulkin_ep
                0x200009b0       0x28 CMakeFiles/test.dir/home/kedar/pico/pico-sdk/lib/tinyusb/src/portable/raspberrypi/rp2040/rp2040_usb.c.obj
 .time_critical.e15_is_critical_frame_period
                0x200009d8       0x34 CMakeFiles/test.dir/home/kedar/pico/pico-sdk/lib/tinyusb/src/portable/raspberrypi/rp2040/rp2040_usb.c.obj
 .time_critical.prepare_ep_buffer
                0x20000a0c       0x6c CMakeFiles/test.dir/home/kedar/pico/pico-sdk/lib/tinyusb/src/portable/raspberrypi/rp2040/rp2040_usb.c.obj
 .time_critical.sync_ep_buffer
                0x20000a78       0x48 CMakeFiles/test.dir/home/kedar/pico/pico-sdk/lib/tinyusb/src/portable/raspberrypi/rp2040/rp2040_usb.c.obj
 .time_critical._hw_endpoint_xfer_sync
                0x20000ac0       0x28 CMakeFiles/test.dir/home/kedar/pico/pico-sdk/lib/tinyusb/src/portable/raspberrypi/rp2040/rp2040_usb.c.obj
 .time_critical.hw_endpoint_reset_transfer
                0x20000ae8        0xc CMakeFiles/test.dir/home/kedar/pico/pico-sdk/lib/tinyusb/src/portable/raspberrypi/rp2040/rp2040_usb.c.obj
                0x20000ae8                hw_endpoint_reset_transfer
 .time_critical._hw_endpoint_buffer_control_update32
                0x20000af4       0x58 CMakeFiles/test.dir/home/kedar/pico/pico-sdk/lib/tinyusb/src/portable/raspberrypi/rp2040/rp2040_usb.c.obj
                0x20000af4                _hw_endpoint_buffer_control_update32
 .time_critical.hw_endpoint_start_next_buffer
                0x20000b4c       0x6c CMakeFiles/test.dir/home/kedar/pico/pico-sdk/lib/tinyusb/src/portable/raspberrypi/rp2040/rp2040_usb.c.obj
                0x20000b4c                hw_endpoint_start_next_buffer
 .time_critical.hw_endpoint_xfer_continue
                0x20000bb8       0x50 CMakeFiles/test.dir/home/kedar/pico/pico-sdk/lib/tinyusb/src/portable/raspberrypi/rp2040/rp2040_usb.c.obj
                0x20000bb8                hw_endpoint_xfer_continue
 .time_critical.tinyusb
                0x20000c08      0x16c CMakeFiles/test.dir/home/kedar/pico/pico-sdk/lib/tinyusb/src/device/usbd.c.obj
                0x20000c08                dcd_event_handler
 *(.text*)
 .text          0x20000d74        0x4 /usr/lib/gcc/arm-none-eabi/13.2.1/thumb/v6-m/nofp/libgcc.a(_dvmd_tls.o)
                0x20000d74                __aeabi_ldiv0
                0x20000d74                __aeabi_idiv0
 .text.__stub   0x20000d78       0x70 linker stubs
                0x20000de8                        . = ALIGN (0x4)
 *(.rodata*)
                0x20000de8                        . = ALIGN (0x4)
 *(.data*)
 .data.picker_servo_freq_ms
                0x20000de8        0x4 CMakeFiles/test.dir/main.cpp.obj
                0x20000de8                picker_servo_freq_ms
 .data.picker_src_freq
                0x20000dec        0x4 CMakeFiles/test.dir/main.cpp.obj
                0x20000dec                picker_src_freq
 .data.digger_servo_freq_ms
                0x20000df0        0x4 CMakeFiles/test.dir/main.cpp.obj
                0x20000df0                digger_servo_freq_ms
 .data.digger_src_freq
                0x20000df4        0x4 CMakeFiles/test.dir/main.cpp.obj
                0x20000df4                digger_src_freq
 .data.picker_servo_pin
                0x20000df8        0x1 CMakeFiles/test.dir/main.cpp.obj
                0x20000df8                picker_servo_pin
 .data.digger_servo_pin
                0x20000df9        0x1 CMakeFiles/test.dir/main.cpp.obj
                0x20000df9                digger_servo_pin
 *fill*         0x20000dfa        0x2 
 .data.large_con_steps_per_sec
                0x20000dfc        0x4 CMakeFiles/test.dir/main.cpp.obj
                0x20000dfc                large_con_steps_per_sec
 .data.small_con_steps_per_sec
                0x20000e00        0x4 CMakeFiles/test.dir/main.cpp.obj
                0x20000e00                small_con_steps_per_sec
 .data.y_axis_steps_per_sec
                0x20000e04        0x4 CMakeFiles/test.dir/main.cpp.obj
                0x20000e04                y_axis_steps_per_sec
 .data.x_axis_steps_per_sec
                0x20000e08        0x4 CMakeFiles/test.dir/main.cpp.obj
                0x20000e08                x_axis_steps_per_sec
 .data.striped_spin_lock_num
                0x20000e0c        0x1 CMakeFiles/test.dir/home/kedar/pico/pico-sdk/src/rp2_common/hardware_sync/sync.c.obj
 *fill*         0x20000e0d        0x3 
 .data          0x20000e10       0x48 CMakeFiles/test.dir/home/kedar/pico/pico-sdk/src/rp2_common/hardware_irq/irq_handler_chain.S.obj
                0x20000e10                irq_handler_chain_slots
                0x20000e40                irq_handler_chain_first_slot
                0x20000e4a                irq_handler_chain_remove_tail
 .data.default_alarm_pool
                0x20000e58       0x18 CMakeFiles/test.dir/home/kedar/pico/pico-sdk/src/common/pico_time/time.c.obj
 .data.default_alarm_pool_heap
                0x20000e70       0x10 CMakeFiles/test.dir/home/kedar/pico/pico-sdk/src/common/pico_time/time.c.obj
 .data.aeabi_bits_funcs
                0x20000e80       0x10 CMakeFiles/test.dir/home/kedar/pico/pico-sdk/src/rp2_common/pico_bit_ops/bit_ops_aeabi.S.obj
                0x20000e80                aeabi_bits_funcs
                0x20000e90                aeabi_bits_funcs_end
 .data.aeabi_mem_funcs
                0x20000e90       0x10 CMakeFiles/test.dir/home/kedar/pico/pico-sdk/src/rp2_common/pico_mem_ops/mem_ops_aeabi.S.obj
                0x20000e90                aeabi_mem_funcs
                0x20000ea0                aeabi_mem_funcs_end
 .data.stdio_usb
                0x20000ea0       0x18 CMakeFiles/test.dir/home/kedar/pico/pico-sdk/src/rp2_common/pico_stdio_usb/stdio_usb.c.obj
                0x20000ea0                stdio_usb
 .data.ep_dir_string
                0x20000eb8        0x8 CMakeFiles/test.dir/home/kedar/pico/pico-sdk/lib/tinyusb/src/portable/raspberrypi/rp2040/rp2040_usb.c.obj
                0x20000eb8                ep_dir_string
 .data._usbd_qdef
                0x20000ec0       0x1c CMakeFiles/test.dir/home/kedar/pico/pico-sdk/lib/tinyusb/src/device/usbd.c.obj
                0x20000ec0                _usbd_qdef
 .data._usbd_rhport
                0x20000edc        0x1 CMakeFiles/test.dir/home/kedar/pico/pico-sdk/lib/tinyusb/src/device/usbd.c.obj
 *fill*         0x20000edd        0x3 
 .data          0x20000ee0      0x128 /usr/lib/gcc/arm-none-eabi/13.2.1/../../../arm-none-eabi/lib/thumb/v6-m/nofp/libc.a(libc_a-impure.o)
                0x20000ee0                _impure_ptr
                0x20000ee8                _impure_data
 .data          0x20001008      0x410 /usr/lib/gcc/arm-none-eabi/13.2.1/../../../arm-none-eabi/lib/thumb/v6-m/nofp/libc.a(libc_a-mallocr.o)
                0x20001008                __malloc_sbrk_base
                0x2000100c                __malloc_trim_threshold
                0x20001010                __malloc_av_
 .data          0x20001418        0xc /usr/lib/gcc/arm-none-eabi/13.2.1/../../../arm-none-eabi/lib/thumb/v6-m/nofp/libc.a(libc_a-findfp.o)
                0x20001418                __sglue
 .data          0x20001424      0x16c /usr/lib/gcc/arm-none-eabi/13.2.1/../../../arm-none-eabi/lib/thumb/v6-m/nofp/libc.a(libc_a-locale.o)
                0x20001424                __global_locale
                0x20001590                        . = ALIGN (0x4)
 *(.after_data.*)
                0x20001590                        . = ALIGN (0x4)
                0x20001590                        PROVIDE (__mutex_array_start = .)
 *(SORT_BY_NAME(.mutex_array.*))
 *(.mutex_array)
 .mutex_array   0x20001590        0x8 CMakeFiles/test.dir/home/kedar/pico/pico-sdk/src/rp2_common/pico_stdio/stdio.c.obj
                0x20001598                        PROVIDE (__mutex_array_end = .)
                0x20001598                        . = ALIGN (0x4)
                0x20001598                        PROVIDE (__preinit_array_start = .)
 *(SORT_BY_NAME(.preinit_array.*))
 .preinit_array.00001
                0x20001598        0x4 CMakeFiles/test.dir/home/kedar/pico/pico-sdk/src/rp2_common/pico_mem_ops/mem_ops_aeabi.S.obj
 .preinit_array.00010
                0x2000159c        0x4 CMakeFiles/test.dir/home/kedar/pico/pico-sdk/src/rp2_common/pico_bit_ops/bit_ops_aeabi.S.obj
 .preinit_array.00020
                0x200015a0        0x4 CMakeFiles/test.dir/home/kedar/pico/pico-sdk/src/rp2_common/pico_double/double_aeabi.S.obj
 .preinit_array.00020
                0x200015a4        0x4 CMakeFiles/test.dir/home/kedar/pico/pico-sdk/src/rp2_common/pico_float/float_aeabi.S.obj
 *(.preinit_array)
                0x200015a8                        PROVIDE (__preinit_array_end = .)
                0x200015a8                        . = ALIGN (0x4)
                0x200015a8                        PROVIDE (__init_array_start = .)
 *(SORT_BY_NAME(.init_array.*))
 .init_array.00000
                0x200015a8        0x4 /usr/lib/gcc/arm-none-eabi/13.2.1/../../../arm-none-eabi/lib/thumb/v6-m/nofp/libc.a(libc_a-__call_atexit.o)
 *(.init_array)
 .init_array    0x200015ac        0x4 /usr/lib/gcc/arm-none-eabi/13.2.1/thumb/v6-m/nofp/crtbegin.o
 .init_array    0x200015b0        0x4 CMakeFiles/test.dir/home/kedar/pico/pico-sdk/src/rp2_common/pico_unique_id/unique_id.c.obj
                0x200015b4                        PROVIDE (__init_array_end = .)
                0x200015b4                        . = ALIGN (0x4)
                0x200015b4                        PROVIDE (__fini_array_start = .)
 *(SORT_BY_NAME(.fini_array.*))
 *(.fini_array)
                0x200015b4                        PROVIDE (__fini_array_end = .)
 *(.jcr)
                0x200015b4                        . = ALIGN (0x4)
                0x200015b4                        __data_end__ = .
                0x100102a0                        __etext = LOADADDR (.data)

.tm_clone_table
                0x200015b4        0x0 load address 0x10011794
 .tm_clone_table
                0x200015b4        0x0 /usr/lib/gcc/arm-none-eabi/13.2.1/thumb/v6-m/nofp/crtbegin.o
 .tm_clone_table
                0x200015b4        0x0 /usr/lib/gcc/arm-none-eabi/13.2.1/thumb/v6-m/nofp/crtend.o

.igot.plt       0x200015b4        0x0 load address 0x10011794
 .igot.plt      0x200015b4        0x0 /usr/lib/gcc/arm-none-eabi/13.2.1/thumb/v6-m/nofp/crtbegin.o

.uninitialized_data
                0x200015b4        0x0 load address 0x10011794
                0x200015b4                        . = ALIGN (0x4)
 *(.uninitialized_data*)

.scratch_x      0x20040000        0x0 load address 0x10011794
                0x20040000                        __scratch_x_start__ = .
 *(.scratch_x.*)
                0x20040000                        . = ALIGN (0x4)
                0x20040000                        __scratch_x_end__ = .
                0x10011794                        __scratch_x_source__ = LOADADDR (.scratch_x)

.scratch_y      0x20041000        0x0 load address 0x10011794
                0x20041000                        __scratch_y_start__ = .
 *(.scratch_y.*)
                0x20041000                        . = ALIGN (0x4)
                0x20041000                        __scratch_y_end__ = .
                0x10011794                        __scratch_y_source__ = LOADADDR (.scratch_y)

.bss            0x200015b8     0x115c
                0x200015b8                        . = ALIGN (0x4)
                0x200015b8                        __bss_start__ = .
 *(SORT_BY_ALIGNMENT(SORT_BY_NAME(.bss*)))
 .bss.configured_freq
                0x200015b8       0x28 CMakeFiles/test.dir/home/kedar/pico/pico-sdk/src/rp2_common/hardware_clocks/clocks.c.obj
 .bss.default_alarm_pool_entries
                0x200015e0      0x100 CMakeFiles/test.dir/home/kedar/pico/pico-sdk/src/common/pico_time/time.c.obj
 .bss.large_con_pwm_config
                0x200016e0        0xc CMakeFiles/test.dir/main.cpp.obj
                0x200016e0                large_con_pwm_config
 *fill*         0x200016ec        0x4 
 .bss.last_avail_time.1
                0x200016f0        0x8 CMakeFiles/test.dir/home/kedar/pico/pico-sdk/src/rp2_common/pico_stdio_usb/stdio_usb.c.obj
 .bss.sd_table  0x200016f8      0x100 CMakeFiles/test.dir/home/kedar/pico/pico-sdk/src/rp2_common/pico_double/double_init_rom.c.obj
                0x200016f8                sd_table
 .bss.sf_table  0x200017f8      0x100 CMakeFiles/test.dir/home/kedar/pico/pico-sdk/src/rp2_common/pico_float/float_init_rom.c.obj
                0x200017f8                sf_table
 .bss.small_con_pwm_config
                0x200018f8        0xc CMakeFiles/test.dir/main.cpp.obj
                0x200018f8                small_con_pwm_config
 *fill*         0x20001904        0x4 
 .bss.x_pwm_config
                0x20001908        0xc CMakeFiles/test.dir/main.cpp.obj
                0x20001908                x_pwm_config