Archive member included to satisfy reference by file (symbol)

/usr/lib/gcc/arm-none-eabi/13.2.1/thumb/v6-m/nofp/libgcc.a(_dvmd_tls.o)
                              CMakeFiles/test.dir/home/kedar/pico/pico-sdk/src/rp2_common/pico_divider/divider.S.obj (__aeabi_idiv0)
/usr/lib/gcc/arm-none-eabi/13.2.1/../../../arm-none-eabi/lib/thumb/v6-m/nofp/libc.a(libc_a-calloc.o)
                              CMakeFiles/test.dir/home/kedar/pico/pico-sdk/src/rp2_common/pico_malloc/pico_malloc.c.obj (calloc)
/usr/lib/gcc/arm-none-eabi/13.2.1/../../../arm-none-eabi/lib/thumb/v6-m/nofp/libc.a(libc_a-impure.o)
                              /usr/lib/gcc/arm-none-eabi/13.2.1/../../../arm-none-eabi/lib/thumb/v6-m/nofp/libc.a(libc_a-calloc.o) (_impure_ptr)
/usr/lib/gcc/arm-none-eabi/13.2.1/../../../arm-none-eabi/lib/thumb/v6-m/nofp/libc.a(libc_a-callocr.o)
                              /usr/lib/gcc/arm-none-eabi/13.2.1/../../../arm-none-eabi/lib/thumb/v6-m/nofp/libc.a(libc_a-calloc.o) (_calloc_r)
/usr/lib/gcc/arm-none-eabi/13.2.1/../../../arm-none-eabi/lib/thumb/v6-m/nofp/libc.a(libc_a-realloc.o)
                              CMakeFiles/test.dir/home/kedar/pico/pico-sdk/src/rp2_common/pico_malloc/pico_malloc.c.obj (realloc)
/usr/lib/gcc/arm-none-eabi/13.2.1/../../../arm-none-eabi/lib/thumb/v6-m/nofp/libc.a(libc_a-mallocr.o)
                              /usr/lib/gcc/arm-none-eabi/13.2.1/../../../arm-none-eabi/lib/thumb/v6-m/nofp/libc.a(libc_a-callocr.o) (_malloc_r)
/usr/lib/gcc/arm-none-eabi/13.2.1/../../../arm-none-eabi/lib/thumb/v6-m/nofp/libc.a(libc_a-freer.o)
                              /usr/lib/gcc/arm-none-eabi/13.2.1/../../../arm-none-eabi/lib/thumb/v6-m/nofp/libc.a(libc_a-mallocr.o) (_free_r)
/usr/lib/gcc/arm-none-eabi/13.2.1/../../../arm-none-eabi/lib/thumb/v6-m/nofp/libc.a(libc_a-malloc.o)
                              CMakeFiles/test.dir/home/kedar/pico/pico-sdk/src/rp2_common/pico_malloc/pico_malloc.c.obj (malloc)
/usr/lib/gcc/arm-none-eabi/13.2.1/../../../arm-none-eabi/lib/thumb/v6-m/nofp/libc.a(libc_a-sysconf.o)
                              /usr/lib/gcc/arm-none-eabi/13.2.1/../../../arm-none-eabi/lib/thumb/v6-m/nofp/libc.a(libc_a-mallocr.o) (sysconf)
/usr/lib/gcc/arm-none-eabi/13.2.1/../../../arm-none-eabi/lib/thumb/v6-m/nofp/libc.a(libc_a-init.o)
                              /usr/lib/gcc/arm-none-eabi/13.2.1/../../../arm-none-eabi/lib/thumb/v6-m/nofp/crt0.o (__libc_init_array)
/usr/lib/gcc/arm-none-eabi/13.2.1/../../../arm-none-eabi/lib/thumb/v6-m/nofp/libc.a(libc_a-reallocr.o)
                              /usr/lib/gcc/arm-none-eabi/13.2.1/../../../arm-none-eabi/lib/thumb/v6-m/nofp/libc.a(libc_a-realloc.o) (_realloc_r)
/usr/lib/gcc/arm-none-eabi/13.2.1/../../../arm-none-eabi/lib/thumb/v6-m/nofp/libc.a(libc_a-mlock.o)
                              /usr/lib/gcc/arm-none-eabi/13.2.1/../../../arm-none-eabi/lib/thumb/v6-m/nofp/libc.a(libc_a-mallocr.o) (__malloc_lock)
/usr/lib/gcc/arm-none-eabi/13.2.1/../../../arm-none-eabi/lib/thumb/v6-m/nofp/libc.a(libc_a-findfp.o)
                              /usr/lib/gcc/arm-none-eabi/13.2.1/../../../arm-none-eabi/lib/thumb/v6-m/nofp/libc.a(libc_a-impure.o) (__sf)
/usr/lib/gcc/arm-none-eabi/13.2.1/../../../arm-none-eabi/lib/thumb/v6-m/nofp/libc.a(libc_a-atexit.o)
                              /usr/lib/gcc/arm-none-eabi/13.2.1/../../../arm-none-eabi/lib/thumb/v6-m/nofp/crt0.o (atexit)
/usr/lib/gcc/arm-none-eabi/13.2.1/../../../arm-none-eabi/lib/thumb/v6-m/nofp/libc.a(libc_a-strlen-stub.o)
                              CMakeFiles/test.dir/home/kedar/pico/pico-sdk/src/rp2_common/pico_stdio/stdio.c.obj (strlen)
/usr/lib/gcc/arm-none-eabi/13.2.1/../../../arm-none-eabi/lib/thumb/v6-m/nofp/libc.a(libc_a-sbrkr.o)
                              /usr/lib/gcc/arm-none-eabi/13.2.1/../../../arm-none-eabi/lib/thumb/v6-m/nofp/libc.a(libc_a-mallocr.o) (_sbrk_r)
/usr/lib/gcc/arm-none-eabi/13.2.1/../../../arm-none-eabi/lib/thumb/v6-m/nofp/libc.a(libc_a-fini.o)
                              /usr/lib/gcc/arm-none-eabi/13.2.1/../../../arm-none-eabi/lib/thumb/v6-m/nofp/crt0.o (__libc_fini_array)
/usr/lib/gcc/arm-none-eabi/13.2.1/../../../arm-none-eabi/lib/thumb/v6-m/nofp/libc.a(libc_a-fwalk.o)
                              /usr/lib/gcc/arm-none-eabi/13.2.1/../../../arm-none-eabi/lib/thumb/v6-m/nofp/libc.a(libc_a-findfp.o) (_fwalk_sglue)
/usr/lib/gcc/arm-none-eabi/13.2.1/../../../arm-none-eabi/lib/thumb/v6-m/nofp/libc.a(libc_a-memmove.o)
                              /usr/lib/gcc/arm-none-eabi/13.2.1/../../../arm-none-eabi/lib/thumb/v6-m/nofp/libc.a(libc_a-reallocr.o) (memmove)
/usr/lib/gcc/arm-none-eabi/13.2.1/../../../arm-none-eabi/lib/thumb/v6-m/nofp/libc.a(libc_a-errno.o)
                              /usr/lib/gcc/arm-none-eabi/13.2.1/../../../arm-none-eabi/lib/thumb/v6-m/nofp/libc.a(libc_a-callocr.o) (__errno)
/usr/lib/gcc/arm-none-eabi/13.2.1/../../../arm-none-eabi/lib/thumb/v6-m/nofp/libc.a(libc_a-fclose.o)
[...]
Memory Configuration

Name             Origin             Length             Attributes
FLASH            0x10000000         0x00200000         xr
RAM              0x20000000         0x00040000         xrw
SCRATCH_X        0x20040000         0x00001000         xrw
SCRATCH_Y        0x20041000         0x00001000         xrw
*default*        0x00000000         0xffffffff

Linker script and memory map

LOAD /usr/lib/gcc/arm-none-eabi/13.2.1/thumb/v6-m/nofp/crti.o
LOAD /usr/lib/gcc/arm-none-eabi/13.2.1/thumb/v6-m/nofp/crtbegin.o
LOAD /usr/lib/gcc/arm-none-eabi/13.2.1/../../../arm-none-eabi/lib/thumb/v6-m/nofp/crt0.o

.flash_begin    0x10000000        0x0
                0x10000000                        __flash_binary_start = .

.boot2          0x10000000      0x100
                0x10000000                        __boot2_start__ = .
 *(.boot2)
 .boot2         0x10000000      0x100 /tmp/ccsrEJHN.o
                0x10000100                        __boot2_end__ = .
                0x00000001                        ASSERT (((__boot2_end__ - __boot2_start__) == 0x100), ERROR: Pico second stage bootloader must be 256 bytes in size)

.text           0x10000100     0x7fc0
                0x10000100                        __logical_binary_start = .
 *(.vectors)
 .vectors       0x10000100       0xd4 CMakeFiles/test.dir/home/kedar/pico/pico-sdk/src/rp2_common/pico_standard_link/crt0.S.obj
                0x10000100                __vectors
                0x10000100                __VECTOR_TABLE
                0x100001c0                isr_invalid
                0x100001c0                __default_isrs_start
                0x100001c2                isr_nmi
                0x100001c4                isr_hardfault
                0x100001c6                isr_svcall
                0x100001c8                isr_pendsv
                0x100001ca                isr_systick
                0x100001cc                isr_irq30
                0x100001cc                __unhandled_user_irq
                0x100001cc                isr_irq13
                0x100001cc                isr_irq27
                0x100001cc                isr_irq31
                0x100001cc                isr_irq5
                0x100001cc                isr_irq11
                0x100001cc                isr_irq23
                0x100001cc                isr_irq18
                0x100001cc                isr_irq28
                0x100001cc                isr_irq19
                0x100001cc                isr_irq0
                0x100001cc                isr_irq6
                0x100001cc                isr_irq22
                0x100001cc                isr_irq17
                0x100001cc                isr_irq14
                0x100001cc                isr_irq2
                0x100001cc                isr_irq10
                0x100001cc                isr_irq8
                0x100001cc                isr_irq24
                0x100001cc                isr_irq1
                0x100001cc                isr_irq7
                0x100001cc                isr_irq21
                0x100001cc                isr_irq20
                0x100001cc                isr_irq15
                0x100001cc                isr_irq25
                0x100001cc                isr_irq4
                0x100001cc                isr_irq16
                0x100001cc                isr_irq29
                0x100001cc                isr_irq26
                0x100001cc                __default_isrs_end
                0x100001cc                isr_irq3
                0x100001cc                isr_irq12
                0x100001cc                isr_irq9
                0x100001d2                unhandled_user_irq_num_in_r0
 *(.binary_info_header)
 .binary_info_header
                0x100001d4       0x14 CMakeFiles/test.dir/home/kedar/pico/pico-sdk/src/rp2_common/pico_standard_link/crt0.S.obj
                0x100001e8                        __binary_info_header_end = .
 *(.reset)
 .reset         0x100001e8       0xa0 CMakeFiles/test.dir/home/kedar/pico/pico-sdk/src/rp2_common/pico_standard_link/crt0.S.obj
                0x100001e8                _entry_point
 .reset         0x10000288       0x30 CMakeFiles/test.dir/home/kedar/pico/pico-sdk/src/rp2_common/pico_standard_link/binary_info.c.obj
 *(.init)
 .init          0x100002b8        0x4 /usr/lib/gcc/arm-none-eabi/13.2.1/thumb/v6-m/nofp/crti.o
                0x100002b8                _init
 *(EXCLUDE_FILE(*libm.a: *libc.a:*lib_a-mem*.o *libgcc.a:) .text*)
 .text          0x100002bc       0x98 /usr/lib/gcc/arm-none-eabi/13.2.1/thumb/v6-m/nofp/crtbegin.o
 .text._Z27y_axis_limit_switch_handlerv
                0x10000354       0xd4 CMakeFiles/test.dir/main.cpp.obj
                0x10000354                y_axis_limit_switch_handler()
 .text._Z27x_axis_limit_switch_handlerv
                0x10000428       0xd4 CMakeFiles/test.dir/main.cpp.obj
                0x10000428                x_axis_limit_switch_handler()
 .text._Z11x_axis_initPFvvE
                0x100004fc       0xc8 CMakeFiles/test.dir/main.cpp.obj
                0x100004fc                x_axis_init(void (*)())
 .text._Z13x_axis_configv
                0x100005c4      0x108 CMakeFiles/test.dir/main.cpp.obj
                0x100005c4                x_axis_config()
 .text._Z20x_axis_pulse_counterv
                0x100006cc       0x88 CMakeFiles/test.dir/main.cpp.obj
                0x100006cc                x_axis_pulse_counter()
 .text._Z11x_axis_homev
                0x10000754      0x3dc CMakeFiles/test.dir/main.cpp.obj
                0x10000754                x_axis_home()
 .text._Z11y_axis_initPFvvE
                0x10000b30       0xcc CMakeFiles/test.dir/main.cpp.obj
                0x10000b30                y_axis_init(void (*)())
 .text._Z13y_axis_configv
                0x10000bfc      0x108 CMakeFiles/test.dir/main.cpp.obj
                0x10000bfc                y_axis_config()
 .text._Z20y_axis_pulse_counterv
                0x10000d04       0x88 CMakeFiles/test.dir/main.cpp.obj
                0x10000d04                y_axis_pulse_counter()
 .text._Z11y_axis_homev
                0x10000d8c      0x3ec CMakeFiles/test.dir/main.cpp.obj
                0x10000d8c                y_axis_home()
 .text._Z14small_con_initPFvvE
                0x10001178       0x80 CMakeFiles/test.dir/main.cpp.obj
                0x10001178                small_con_init(void (*)())
 .text._Z16small_con_configv
                0x100011f8      0x108 CMakeFiles/test.dir/main.cpp.obj
                0x100011f8                small_con_config()
 .text._Z23small_con_pulse_counterv
                0x10001300       0x88 CMakeFiles/test.dir/main.cpp.obj
                0x10001300                small_con_pulse_counter()
 .text._Z14large_con_initPFvvE
                0x10001388       0x80 CMakeFiles/test.dir/main.cpp.obj
                0x10001388                large_con_init(void (*)())
 .text._Z16large_con_configv
                0x10001408      0x108 CMakeFiles/test.dir/main.cpp.obj
                0x10001408                large_con_config()
 .text._Z23large_con_pulse_counterv
                0x10001510       0x88 CMakeFiles/test.dir/main.cpp.obj
                0x10001510                large_con_pulse_counter()
 .text._Z11pwm_handlerv
                0x10001598       0x84 CMakeFiles/test.dir/main.cpp.obj
                0x10001598                pwm_handler()
 .text.startup.main
                0x1000161c      0x198 CMakeFiles/test.dir/main.cpp.obj
                0x1000161c                main
 .text.gpio_set_function
                0x100017b4       0x30 CMakeFiles/test.dir/home/kedar/pico/pico-sdk/src/rp2_common/hardware_gpio/gpio.c.obj
                0x100017b4                gpio_set_function
 .text.gpio_set_pulls
                0x100017e4       0x24 CMakeFiles/test.dir/home/kedar/pico/pico-sdk/src/rp2_common/hardware_gpio/gpio.c.obj
                0x100017e4                gpio_set_pulls
 .text.gpio_set_irq_enabled
                0x10001808       0x54 CMakeFiles/test.dir/home/kedar/pico/pico-sdk/src/rp2_common/hardware_gpio/gpio.c.obj
                0x10001808                gpio_set_irq_enabled
 .text.gpio_add_raw_irq_handler_masked
                0x1000185c       0x38 CMakeFiles/test.dir/home/kedar/pico/pico-sdk/src/rp2_common/hardware_gpio/gpio.c.obj
                0x1000185c                gpio_add_raw_irq_handler_masked
 .text.gpio_acknowledge_irq
                0x10001894       0x1c CMakeFiles/test.dir/home/kedar/pico/pico-sdk/src/rp2_common/hardware_gpio/gpio.c.obj
                0x10001894                gpio_acknowledge_irq
 .text.gpio_init
                0x100018b0       0x3c CMakeFiles/test.dir/home/kedar/pico/pico-sdk/src/rp2_common/hardware_gpio/gpio.c.obj
                0x100018b0                gpio_init
 .text.running_on_fpga
                0x100018ec       0x10 CMakeFiles/test.dir/home/kedar/pico/pico-sdk/src/rp2_common/pico_platform/platform.c.obj
                0x100018ec                running_on_fpga
 .text.hw_claim_or_assert
                0x100018fc       0x44 CMakeFiles/test.dir/home/kedar/pico/pico-sdk/src/rp2_common/hardware_claim/claim.c.obj
                0x100018fc                hw_claim_or_assert
 .text.hw_claim_unused_from_range
                0x10001940       0x9c CMakeFiles/test.dir/home/kedar/pico/pico-sdk/src/rp2_common/hardware_claim/claim.c.obj
                0x10001940                hw_claim_unused_from_range
 .text.spin_locks_reset
                0x100019dc       0x1c CMakeFiles/test.dir/home/kedar/pico/pico-sdk/src/rp2_common/hardware_sync/sync.c.obj
                0x100019dc                spin_locks_reset
 .text.next_striped_spin_lock_num
                0x100019f8       0x18 CMakeFiles/test.dir/home/kedar/pico/pico-sdk/src/rp2_common/hardware_sync/sync.c.obj
                0x100019f8                next_striped_spin_lock_num
 .text.spin_lock_claim_unused
                0x10001a10       0x24 CMakeFiles/test.dir/home/kedar/pico/pico-sdk/src/rp2_common/hardware_sync/sync.c.obj
                0x10001a10                spin_lock_claim_unused
 .text.irq_set_enabled
                0x10001a34       0x24 CMakeFiles/test.dir/home/kedar/pico/pico-sdk/src/rp2_common/hardware_irq/irq.c.obj
                0x10001a34                irq_set_enabled
 .text.irq_set_pending
                0x10001a58       0x10 CMakeFiles/test.dir/home/kedar/pico/pico-sdk/src/rp2_common/hardware_irq/irq.c.obj
                0x10001a58                irq_set_pending
 .text.irq_has_shared_handler
                0x10001a68       0x2c CMakeFiles/test.dir/home/kedar/pico/pico-sdk/src/rp2_common/hardware_irq/irq.c.obj
                0x10001a68                irq_has_shared_handler
 .text.irq_get_vtable_handler
                0x10001a94       0x10 CMakeFiles/test.dir/home/kedar/pico/pico-sdk/src/rp2_common/hardware_irq/irq.c.obj
                0x10001a94                irq_get_vtable_handler
 .text.irq_set_exclusive_handler
                0x10001aa4       0x54 CMakeFiles/test.dir/home/kedar/pico/pico-sdk/src/rp2_common/hardware_irq/irq.c.obj
                0x10001aa4                irq_set_exclusive_handler
 .text.irq_add_shared_handler
                0x10001af8      0x1f4 CMakeFiles/test.dir/home/kedar/pico/pico-sdk/src/rp2_common/hardware_irq/irq.c.obj
                0x10001af8                irq_add_shared_handler
 .text.irq_remove_handler
                0x10001cec      0x1c4 CMakeFiles/test.dir/home/kedar/pico/pico-sdk/src/rp2_common/hardware_irq/irq.c.obj
                0x10001cec                irq_remove_handler
 .text.irq_add_tail_to_free_list
                0x10001eb0       0xb4 CMakeFiles/test.dir/home/kedar/pico/pico-sdk/src/rp2_common/hardware_irq/irq.c.obj
                0x10001eb0                irq_add_tail_to_free_list
 .text.irq_init_priorities
                0x10001f64       0x24 CMakeFiles/test.dir/home/kedar/pico/pico-sdk/src/rp2_common/hardware_irq/irq.c.obj
                0x10001f64                irq_init_priorities
 .text.user_irq_claim_unused
                0x10001f88       0x2c CMakeFiles/test.dir/home/kedar/pico/pico-sdk/src/rp2_common/hardware_irq/irq.c.obj
                0x10001f88                user_irq_claim_unused
 .text.lock_init
                0x10001fb4       0x10 CMakeFiles/test.dir/home/kedar/pico/pico-sdk/src/common/pico_sync/lock_core.c.obj
                0x10001fb4                lock_init
 .text.mutex_init
                0x10001fc4       0x1c CMakeFiles/test.dir/home/kedar/pico/pico-sdk/src/common/pico_sync/mutex.c.obj
                0x10001fc4                mutex_init
 .text.recursive_mutex_init
                0x10001fe0       0x1c CMakeFiles/test.dir/home/kedar/pico/pico-sdk/src/common/pico_sync/mutex.c.obj
                0x10001fe0                recursive_mutex_init
 .text.critical_section_init
                0x10001ffc       0x1c CMakeFiles/test.dir/home/kedar/pico/pico-sdk/src/common/pico_sync/critical_section.c.obj
                0x10001ffc                critical_section_init
 .text.critical_section_init_with_lock_num
                0x10002018       0x14 CMakeFiles/test.dir/home/kedar/pico/pico-sdk/src/common/pico_sync/critical_section.c.obj
                0x10002018                critical_section_init_with_lock_num
 .text.timer_pool_entry_comparator
                0x1000202c       0x34 CMakeFiles/test.dir/home/kedar/pico/pico-sdk/src/common/pico_time/time.c.obj
                0x1000202c                timer_pool_entry_comparator
 .text.sleep_until_callback
                0x10002060       0x30 CMakeFiles/test.dir/home/kedar/pico/pico-sdk/src/common/pico_time/time.c.obj
 .text.add_alarm_under_lock.isra.0
                0x10002090      0x100 CMakeFiles/test.dir/home/kedar/pico/pico-sdk/src/common/pico_time/time.c.obj
 .text.alarm_pool_alarm_callback
                0x10002190      0x1c0 CMakeFiles/test.dir/home/kedar/pico/pico-sdk/src/common/pico_time/time.c.obj
 .text.alarm_pool_init_default
                0x10002350       0x6c CMakeFiles/test.dir/home/kedar/pico/pico-sdk/src/common/pico_time/time.c.obj
                0x10002350                alarm_pool_init_default
 .text.alarm_pool_get_default
                0x100023bc        0x8 CMakeFiles/test.dir/home/kedar/pico/pico-sdk/src/common/pico_time/time.c.obj
                0x100023bc                alarm_pool_get_default
 .text.alarm_pool_add_alarm_at
                0x100023c4      0x17c CMakeFiles/test.dir/home/kedar/pico/pico-sdk/src/common/pico_time/time.c.obj
                0x100023c4                alarm_pool_add_alarm_at
 .text.alarm_pool_core_num
                0x10002540        0x4 CMakeFiles/test.dir/home/kedar/pico/pico-sdk/src/common/pico_time/time.c.obj
                0x10002540                alarm_pool_core_num
 .text.sleep_until
                0x10002544       0xc4 CMakeFiles/test.dir/home/kedar/pico/pico-sdk/src/common/pico_time/time.c.obj
                0x10002544                sleep_until
 .text.sleep_ms
                0x10002608       0x38 CMakeFiles/test.dir/home/kedar/pico/pico-sdk/src/common/pico_time/time.c.obj
                0x10002608                sleep_ms
 .text.best_effort_wfe_or_timeout
                0x10002640       0xcc CMakeFiles/test.dir/home/kedar/pico/pico-sdk/src/common/pico_time/time.c.obj
                0x10002640                best_effort_wfe_or_timeout
 .text.hardware_alarm_irq_handler
                0x1000270c       0xbc CMakeFiles/test.dir/home/kedar/pico/pico-sdk/src/rp2_common/hardware_timer/timer.c.obj
 .text.hardware_alarm_claim
                0x100027c8       0x18 CMakeFiles/test.dir/home/kedar/pico/pico-sdk/src/rp2_common/hardware_timer/timer.c.obj
                0x100027c8                hardware_alarm_claim
 .text.time_us_64
                0x100027e0       0x14 CMakeFiles/test.dir/home/kedar/pico/pico-sdk/src/rp2_common/hardware_timer/timer.c.obj
                0x100027e0                time_us_64
 .text.busy_wait_until
                0x100027f4       0x20 CMakeFiles/test.dir/home/kedar/pico/pico-sdk/src/rp2_common/hardware_timer/timer.c.obj
                0x100027f4                busy_wait_until
 .text.hardware_alarm_set_callback
                0x10002814       0x8c CMakeFiles/test.dir/home/kedar/pico/pico-sdk/src/rp2_common/hardware_timer/timer.c.obj
                0x10002814                hardware_alarm_set_callback
 .text.hardware_alarm_set_target
                0x100028a0       0xd0 CMakeFiles/test.dir/home/kedar/pico/pico-sdk/src/rp2_common/hardware_timer/timer.c.obj
                0x100028a0                hardware_alarm_set_target
 .text.hardware_alarm_cancel
                0x10002970       0x3c CMakeFiles/test.dir/home/kedar/pico/pico-sdk/src/rp2_common/hardware_timer/timer.c.obj
                0x10002970                hardware_alarm_cancel
 .text.ph_merge_nodes
                0x100029ac       0x58 CMakeFiles/test.dir/home/kedar/pico/pico-sdk/src/common/pico_util/pheap.c.obj
 .text.ph_post_alloc_init
                0x10002a04       0x3c CMakeFiles/test.dir/home/kedar/pico/pico-sdk/src/common/pico_util/pheap.c.obj
                0x10002a04                ph_post_alloc_init
 .text.ph_merge_two_pass
                0x10002a40       0x8c CMakeFiles/test.dir/home/kedar/pico/pico-sdk/src/common/pico_util/pheap.c.obj
                0x10002a40                ph_merge_two_pass
 .text.ph_remove_any_head
                0x10002acc      0x100 CMakeFiles/test.dir/home/kedar/pico/pico-sdk/src/common/pico_util/pheap.c.obj
 .text.ph_remove_head
                0x10002bcc      0x104 CMakeFiles/test.dir/home/kedar/pico/pico-sdk/src/common/pico_util/pheap.c.obj
                0x10002bcc                ph_remove_head
 .text.ph_remove_and_free_node
                0x10002cd0       0x78 CMakeFiles/test.dir/home/kedar/pico/pico-sdk/src/common/pico_util/pheap.c.obj
                0x10002cd0                ph_remove_and_free_node
 .text.clocks_init
                0x10002d48      0x2c8 CMakeFiles/test.dir/home/kedar/pico/pico-sdk/src/rp2_common/hardware_clocks/clocks.c.obj
                0x10002d48                clocks_init
 .text.pll_init
                0x10003010       0xa4 CMakeFiles/test.dir/home/kedar/pico/pico-sdk/src/rp2_common/hardware_pll/pll.c.obj
                0x10003010                pll_init
 .text.watchdog_start_tick
                0x100030b4       0x10 CMakeFiles/test.dir/home/kedar/pico/pico-sdk/src/rp2_common/hardware_watchdog/watchdog.c.obj
                0x100030b4                watchdog_start_tick
 .text.watchdog_reboot
                0x100030c4       0x9c CMakeFiles/test.dir/home/kedar/pico/pico-sdk/src/rp2_common/hardware_watchdog/watchdog.c.obj
                0x100030c4                watchdog_reboot
 .text.xosc_init
                0x10003160       0x28 CMakeFiles/test.dir/home/kedar/pico/pico-sdk/src/rp2_common/hardware_xosc/xosc.c.obj
                0x10003160                xosc_init
 .text.runtime_init
                0x10003188       0xf0 CMakeFiles/test.dir/home/kedar/pico/pico-sdk/src/rp2_common/pico_runtime/runtime.c.obj
                0x10003188                runtime_init
 .text._exit    0x10003278        0x4 CMakeFiles/test.dir/home/kedar/pico/pico-sdk/src/rp2_common/pico_runtime/runtime.c.obj
                0x10003278                _exit
 .text.exit     0x1000327c        0x8 CMakeFiles/test.dir/home/kedar/pico/pico-sdk/src/rp2_common/pico_runtime/runtime.c.obj
                0x1000327c                exit
 .text.panic    0x10003284       0x30 CMakeFiles/test.dir/home/kedar/pico/pico-sdk/src/rp2_common/pico_runtime/runtime.c.obj
                0x10003284                panic
 .text.hard_assertion_failure
                0x100032b4        0xc CMakeFiles/test.dir/home/kedar/pico/pico-sdk/src/rp2_common/pico_runtime/runtime.c.obj
                0x100032b4                hard_assertion_failure
 .text._out_null
                0x100032c0        0x4 CMakeFiles/test.dir/home/kedar/pico/pico-sdk/src/rp2_common/pico_printf/printf.c.obj
 .text._out_rev
                0x100032c4       0xac CMakeFiles/test.dir/home/kedar/pico/pico-sdk/src/rp2_common/pico_printf/printf.c.obj
 .text._ntoa_format
                0x10003370      0x250 CMakeFiles/test.dir/home/kedar/pico/pico-sdk/src/rp2_common/pico_printf/printf.c.obj
 .text._out_char
                0x100035c0       0x10 CMakeFiles/test.dir/home/kedar/pico/pico-sdk/src/rp2_common/pico_printf/printf.c.obj
 .text._out_fct
                0x100035d0       0x10 CMakeFiles/test.dir/home/kedar/pico/pico-sdk/src/rp2_common/pico_printf/printf.c.obj
 .text._etoa    0x100035e0      0x464 CMakeFiles/test.dir/home/kedar/pico/pico-sdk/src/rp2_common/pico_printf/printf.c.obj
 .text._ftoa    0x10003a44      0x3c0 CMakeFiles/test.dir/home/kedar/pico/pico-sdk/src/rp2_common/pico_printf/printf.c.obj
 .text._vsnprintf
                0x10003e04      0xbc8 CMakeFiles/test.dir/home/kedar/pico/pico-sdk/src/rp2_common/pico_printf/printf.c.obj
 .text.vfctprintf
                0x100049cc       0x20 CMakeFiles/test.dir/home/kedar/pico/pico-sdk/src/rp2_common/pico_printf/printf.c.obj
                0x100049cc                vfctprintf
 .text.weak_raw_vprintf
                0x100049ec       0x30 CMakeFiles/test.dir/home/kedar/pico/pico-sdk/src/rp2_common/pico_printf/printf.c.obj
                0x100049ec                weak_raw_vprintf
 .text          0x10004a1c       0x10 CMakeFiles/test.dir/home/kedar/pico/pico-sdk/src/rp2_common/pico_bit_ops/bit_ops_aeabi.S.obj
 .text.rom_func_lookup
                0x10004a2c       0x10 CMakeFiles/test.dir/home/kedar/pico/pico-sdk/src/rp2_common/pico_bootrom/bootrom.c.obj
                0x10004a2c                rom_func_lookup
 .text.rom_data_lookup
                0x10004a3c       0x10 CMakeFiles/test.dir/home/kedar/pico/pico-sdk/src/rp2_common/pico_bootrom/bootrom.c.obj
                0x10004a3c                rom_data_lookup
 .text.rom_funcs_lookup
                0x10004a4c       0x44 CMakeFiles/test.dir/home/kedar/pico/pico-sdk/src/rp2_common/pico_bootrom/bootrom.c.obj
                0x10004a4c                rom_funcs_lookup
 .text.__wrap___aeabi_idiv
                0x10004a90       0x50 CMakeFiles/test.dir/home/kedar/pico/pico-sdk/src/rp2_common/pico_divider/divider.S.obj
                0x10004a90                __wrap___aeabi_idivmod
                0x10004a90                divmod_s32s32
                0x10004a90                div_s32s32
                0x10004a90                __wrap___aeabi_idiv
                0x10004a98                divmod_s32s32_unsafe
                0x10004ac4                divmod_s32s32_savestate
 .text.__wrap___aeabi_uidiv
                0x10004ae0       0x4c CMakeFiles/test.dir/home/kedar/pico/pico-sdk/src/rp2_common/pico_divider/divider.S.obj
                0x10004ae0                __wrap___aeabi_uidiv
                0x10004ae0                __wrap___aeabi_uidivmod
                0x10004ae0                div_u32u32
                0x10004ae0                divmod_u32u32
                0x10004ae8                divmod_u32u32_unsafe
                0x10004b10                divmod_u32u32_savestate
 .text.__wrap___aeabi_ldiv
                0x10004b2c      0x424 CMakeFiles/test.dir/home/kedar/pico/pico-sdk/src/rp2_common/pico_divider/divider.S.obj
                0x10004b2c                div_s64s64
                0x10004b2c                divmod_s64s64
                0x10004b2c                __wrap___aeabi_ldivmod
                0x10004b5c                div_u64u64
                0x10004b5c                divmod_u64u64
                0x10004b5c                __wrap___aeabi_uldivmod
                0x10004b6c                divmod_u64u64_savestate
                0x10004b8c                divmod_s64s64_unsafe
                0x10004c14                divmod_u64u64_unsafe
 .text.__wrap___aeabi_darithmetic
                0x10004f50       0x80 CMakeFiles/test.dir/home/kedar/pico/pico-sdk/src/rp2_common/pico_double/double_aeabi.S.obj
                0x10004f50                __wrap___aeabi_drsub
                0x10004f56                __wrap___aeabi_dsub
                0x10004f68                __wrap___aeabi_dadd
                0x10004f7a                __wrap___aeabi_ddiv
                0x10004fb6                __wrap___aeabi_dmul
 .text.__wrap___aeabi_cdcmple
                0x10004fd0       0x6c CMakeFiles/test.dir/home/kedar/pico/pico-sdk/src/rp2_common/pico_double/double_aeabi.S.obj
                0x10004fd0                __wrap___aeabi_cdrcmple
                0x10004fe0                __wrap___aeabi_cdcmple
                0x10004fe0                __wrap___aeabi_cdcmpeq
 .text.__wrap___aeabi_dcmplt
                0x1000503c        0xc CMakeFiles/test.dir/home/kedar/pico/pico-sdk/src/rp2_common/pico_double/double_aeabi.S.obj
                0x1000503c                __wrap___aeabi_dcmplt
 .text.__wrap___aeabi_dcmpge
                0x10005048       0x10 CMakeFiles/test.dir/home/kedar/pico/pico-sdk/src/rp2_common/pico_double/double_aeabi.S.obj
                0x10005048                __wrap___aeabi_dcmpge
 .text.__wrap___aeabi_dcmpgt
                0x10005058        0xa CMakeFiles/test.dir/home/kedar/pico/pico-sdk/src/rp2_common/pico_double/double_aeabi.S.obj
                0x10005058                __wrap___aeabi_dcmpgt
 .text.__wrap___aeabi_dcmpun
                0x10005062       0x1c CMakeFiles/test.dir/home/kedar/pico/pico-sdk/src/rp2_common/pico_double/double_aeabi.S.obj
                0x10005062                __wrap___aeabi_dcmpun
 *fill*         0x1000507e        0x2 
 .text.__wrap___aeabi_i2d
                0x10005080       0x38 CMakeFiles/test.dir/home/kedar/pico/pico-sdk/src/rp2_common/pico_double/double_aeabi.S.obj
                0x10005080                __wrap___aeabi_ui2d
                0x10005088                __wrap___aeabi_i2d
 .text.__wrap___aeabi_d2iz
                0x100050b8       0x48 CMakeFiles/test.dir/home/kedar/pico/pico-sdk/src/rp2_common/pico_double/double_aeabi.S.obj
                0x100050b8                __wrap___aeabi_d2iz
                0x100050b8                double2int_z
 .text.__wrap___aeabi_d2uiz
                0x10005100       0x18 CMakeFiles/test.dir/home/kedar/pico/pico-sdk/src/rp2_common/pico_double/double_aeabi.S.obj
                0x10005100                double2uint
                0x10005100                __wrap___aeabi_d2uiz
 .text.__aeabi_double_init
                0x10005118       0x98 CMakeFiles/test.dir/home/kedar/pico/pico-sdk/src/rp2_common/pico_double/double_init_rom.c.obj
                0x10005118                __aeabi_double_init
 .text.double_table_shim_on_use_helper
                0x100051b0       0x2c CMakeFiles/test.dir/home/kedar/pico/pico-sdk/src/rp2_common/pico_double/double_v1_rom_shim.S.obj
                0x100051b0                double_table_shim_on_use_helper
 .text.__wrap___aeabi_dsub
                0x100051dc       0x10 CMakeFiles/test.dir/home/kedar/pico/pico-sdk/src/rp2_common/pico_double/double_v1_rom_shim.S.obj
                0x100051dc                drsub_shim
                0x100051e2                dsub_shim
 .text.dadd_shim
                0x100051ec      0x15c CMakeFiles/test.dir/home/kedar/pico/pico-sdk/src/rp2_common/pico_double/double_v1_rom_shim.S.obj
                0x100051ec                dadd_shim
 .text.dmul_shim
                0x10005348      0x15c CMakeFiles/test.dir/home/kedar/pico/pico-sdk/src/rp2_common/pico_double/double_v1_rom_shim.S.obj
                0x10005348                dmul_shim
 .text.ddiv_shim
                0x100054a4      0x1b0 CMakeFiles/test.dir/home/kedar/pico/pico-sdk/src/rp2_common/pico_double/double_v1_rom_shim.S.obj
                0x100054a4                ddiv_shim
 .text.double2uint_shim
                0x10005654        0xe CMakeFiles/test.dir/home/kedar/pico/pico-sdk/src/rp2_common/pico_double/double_v1_rom_shim.S.obj
                0x10005654                double2uint_shim
                0x10005656                double2ufix_shim
 *fill*         0x10005662        0x2 
 .text.double2uint64_shim
                0x10005664       0x70 CMakeFiles/test.dir/home/kedar/pico/pico-sdk/src/rp2_common/pico_double/double_v1_rom_shim.S.obj
                0x10005664                double2uint64_shim
                0x10005666                double2ufix64_shim
                0x10005686                d2fix_a
 .text.dunpacks
                0x100056d4       0x3c CMakeFiles/test.dir/home/kedar/pico/pico-sdk/src/rp2_common/pico_double/double_v1_rom_shim.S.obj
                0x100056d4                dunpacks
 .text.__aeabi_lmul
                0x10005710       0x32 CMakeFiles/test.dir/home/kedar/pico/pico-sdk/src/rp2_common/pico_int64_ops/pico_int64_ops_aeabi.S.obj
                0x10005710                __wrap___aeabi_lmul
 *fill*         0x10005742        0x2 
 .text.__wrap___aeabi_farithmetic
                0x10005744       0x48 CMakeFiles/test.dir/home/kedar/pico/pico-sdk/src/rp2_common/pico_float/float_aeabi.S.obj
                0x10005744                __wrap___aeabi_frsub
                0x1000574a                __wrap___aeabi_fsub
                0x10005750                __wrap___aeabi_fadd
                0x10005756                __wrap___aeabi_fdiv
                0x1000577e                __wrap___aeabi_fmul
 .text.__wrap___aeabi_ui2f
                0x1000578c        0xa CMakeFiles/test.dir/home/kedar/pico/pico-sdk/src/rp2_common/pico_float/float_aeabi.S.obj
                0x1000578c                __wrap___aeabi_ui2f
 *fill*         0x10005796        0x2 
 .text.__wrap___aeabi_i2f
                0x10005798       0x44 CMakeFiles/test.dir/home/kedar/pico/pico-sdk/src/rp2_common/pico_float/float_aeabi.S.obj
                0x10005798                __wrap___aeabi_i2f
 .text.__wrap___aeabi_f2uiz
                0x100057dc        0xc CMakeFiles/test.dir/home/kedar/pico/pico-sdk/src/rp2_common/pico_float/float_aeabi.S.obj
                0x100057dc                __wrap___aeabi_f2uiz
 .text.__aeabi_float_init
                0x100057e8       0x64 CMakeFiles/test.dir/home/kedar/pico/pico-sdk/src/rp2_common/pico_float/float_init_rom.c.obj
                0x100057e8                __aeabi_float_init
 .text.float_table_shim_on_use_helper
                0x1000584c       0x2c CMakeFiles/test.dir/home/kedar/pico/pico-sdk/src/rp2_common/pico_float/float_v1_rom_shim.S.obj
                0x1000584c                float_table_shim_on_use_helper
 .text          0x10005878       0x10 CMakeFiles/test.dir/home/kedar/pico/pico-sdk/src/rp2_common/pico_mem_ops/mem_ops_aeabi.S.obj
                0x10005878                __aeabi_mem_init
 .text.memset   0x10005888        0xc CMakeFiles/test.dir/home/kedar/pico/pico-sdk/src/rp2_common/pico_mem_ops/mem_ops_aeabi.S.obj
                0x10005888                __wrap_memset
 .text.memcpy   0x10005894        0xc CMakeFiles/test.dir/home/kedar/pico/pico-sdk/src/rp2_common/pico_mem_ops/mem_ops_aeabi.S.obj
                0x10005894                __wrap___aeabi_memcpy
                0x10005894                __wrap_memcpy
 .text.stdio_out_chars_crlf
                0x100058a0       0x94 CMakeFiles/test.dir/home/kedar/pico/pico-sdk/src/rp2_common/pico_stdio/stdio.c.obj
 .text.stdio_buffered_printer
                0x10005934       0x64 CMakeFiles/test.dir/home/kedar/pico/pico-sdk/src/rp2_common/pico_stdio/stdio.c.obj
 .text.__wrap_putchar
                0x10005998       0x98 CMakeFiles/test.dir/home/kedar/pico/pico-sdk/src/rp2_common/pico_stdio/stdio.c.obj
                0x10005998                __wrap_putchar
 .text.__wrap_puts
                0x10005a30       0xe0 CMakeFiles/test.dir/home/kedar/pico/pico-sdk/src/rp2_common/pico_stdio/stdio.c.obj
                0x10005a30                __wrap_puts
 .text.stdio_set_driver_enabled
                0x10005b10       0x30 CMakeFiles/test.dir/home/kedar/pico/pico-sdk/src/rp2_common/pico_stdio/stdio.c.obj
                0x10005b10                stdio_set_driver_enabled
 .text.__wrap_vprintf
                0x10005b40       0xd4 CMakeFiles/test.dir/home/kedar/pico/pico-sdk/src/rp2_common/pico_stdio/stdio.c.obj
                0x10005b40                __wrap_vprintf
 .text.__wrap_printf
                0x10005c14       0x18 CMakeFiles/test.dir/home/kedar/pico/pico-sdk/src/rp2_common/pico_stdio/stdio.c.obj
                0x10005c14                __wrap_printf
 .text.stdio_init_all
                0x10005c2c        0x8 CMakeFiles/test.dir/home/kedar/pico/pico-sdk/src/rp2_common/pico_stdio/stdio.c.obj
                0x10005c2c                stdio_init_all
 .text.resetd_init
                0x10005c34        0x4 CMakeFiles/test.dir/home/kedar/pico/pico-sdk/src/rp2_common/pico_stdio_usb/reset_interface.c.obj
 .text.resetd_reset
                0x10005c38        0xc CMakeFiles/test.dir/home/kedar/pico/pico-sdk/src/rp2_common/pico_stdio_usb/reset_interface.c.obj
 .text.resetd_open
                0x10005c44       0x28 CMakeFiles/test.dir/home/kedar/pico/pico-sdk/src/rp2_common/pico_stdio_usb/reset_interface.c.obj
 .text.resetd_xfer_cb
                0x10005c6c        0x4 CMakeFiles/test.dir/home/kedar/pico/pico-sdk/src/rp2_common/pico_stdio_usb/reset_interface.c.obj
 .text.resetd_control_xfer_cb
                0x10005c70       0x60 CMakeFiles/test.dir/home/kedar/pico/pico-sdk/src/rp2_common/pico_stdio_usb/reset_interface.c.obj
 .text.usbd_app_driver_get_cb
                0x10005cd0        0xc CMakeFiles/test.dir/home/kedar/pico/pico-sdk/src/rp2_common/pico_stdio_usb/reset_interface.c.obj
                0x10005cd0                usbd_app_driver_get_cb
 .text.tud_cdc_line_coding_cb
                0x10005cdc       0x34 CMakeFiles/test.dir/home/kedar/pico/pico-sdk/src/rp2_common/pico_stdio_usb/reset_interface.c.obj
                0x10005cdc                tud_cdc_line_coding_cb
 .text.stdio_usb_set_chars_available_callback
                0x10005d10       0x14 CMakeFiles/test.dir/home/kedar/pico/pico-sdk/src/rp2_common/pico_stdio_usb/stdio_usb.c.obj
                0x10005d10                stdio_usb_set_chars_available_callback
 .text.usb_irq  0x10005d24       0x10 CMakeFiles/test.dir/home/kedar/pico/pico-sdk/src/rp2_common/pico_stdio_usb/stdio_usb.c.obj
 .text.timer_task
                0x10005d34       0x54 CMakeFiles/test.dir/home/kedar/pico/pico-sdk/src/rp2_common/pico_stdio_usb/stdio_usb.c.obj
 .text.stdio_usb_in_chars
                0x10005d88       0x90 CMakeFiles/test.dir/home/kedar/pico/pico-sdk/src/rp2_common/pico_stdio_usb/stdio_usb.c.obj
                0x10005d88                stdio_usb_in_chars
 .text.stdio_usb_out_chars
                0x10005e18      0x104 CMakeFiles/test.dir/home/kedar/pico/pico-sdk/src/rp2_common/pico_stdio_usb/stdio_usb.c.obj
 .text.low_priority_worker_irq
                0x10005f1c       0xa8 CMakeFiles/test.dir/home/kedar/pico/pico-sdk/src/rp2_common/pico_stdio_usb/stdio_usb.c.obj
 .text.tud_cdc_rx_cb
                0x10005fc4       0x20 CMakeFiles/test.dir/home/kedar/pico/pico-sdk/src/rp2_common/pico_stdio_usb/stdio_usb.c.obj
                0x10005fc4                tud_cdc_rx_cb
 .text.stdio_usb_init
                0x10005fe4       0xe0 CMakeFiles/test.dir/home/kedar/pico/pico-sdk/src/rp2_common/pico_stdio_usb/stdio_usb.c.obj
                0x10005fe4                stdio_usb_init
 .text.tud_descriptor_device_cb
                0x100060c4        0x8 CMakeFiles/test.dir/home/kedar/pico/pico-sdk/src/rp2_common/pico_stdio_usb/stdio_usb_descriptors.c.obj
                0x100060c4                tud_descriptor_device_cb
 .text.tud_descriptor_configuration_cb
                0x100060cc        0x8 CMakeFiles/test.dir/home/kedar/pico/pico-sdk/src/rp2_common/pico_stdio_usb/stdio_usb_descriptors.c.obj
                0x100060cc                tud_descriptor_configuration_cb
 .text.tud_descriptor_string_cb
                0x100060d4       0x78 CMakeFiles/test.dir/home/kedar/pico/pico-sdk/src/rp2_common/pico_stdio_usb/stdio_usb_descriptors.c.obj
                0x100060d4                tud_descriptor_string_cb
 .text.startup._retrieve_unique_id_on_boot
                0x1000614c       0x10 CMakeFiles/test.dir/home/kedar/pico/pico-sdk/src/rp2_common/pico_unique_id/unique_id.c.obj
 .text.pico_get_unique_board_id_string
                0x1000615c      0x1a8 CMakeFiles/test.dir/home/kedar/pico/pico-sdk/src/rp2_common/pico_unique_id/unique_id.c.obj
                0x1000615c                pico_get_unique_board_id_string
 .text.flash_get_unique_id
                0x10006304       0x3c CMakeFiles/test.dir/home/kedar/pico/pico-sdk/src/rp2_common/hardware_flash/flash.c.obj
                0x10006304                flash_get_unique_id
 .text.dcd_int_enable
                0x10006340        0xc CMakeFiles/test.dir/home/kedar/pico/pico-sdk/lib/tinyusb/src/portable/raspberrypi/rp2040/dcd_rp2040.c.obj
                0x10006340                dcd_int_enable
 .text.dcd_set_address
                0x1000634c       0x14 CMakeFiles/test.dir/home/kedar/pico/pico-sdk/lib/tinyusb/src/portable/raspberrypi/rp2040/dcd_rp2040.c.obj
                0x1000634c                dcd_set_address
 .text.dcd_connect
                0x10006360       0x10 CMakeFiles/test.dir/home/kedar/pico/pico-sdk/lib/tinyusb/src/portable/raspberrypi/rp2040/dcd_rp2040.c.obj
                0x10006360                dcd_connect
 .text.dcd_init
                0x10006370       0x98 CMakeFiles/test.dir/home/kedar/pico/pico-sdk/lib/tinyusb/src/portable/raspberrypi/rp2040/dcd_rp2040.c.obj
                0x10006370                dcd_init
 .text.dcd_edpt0_status_complete
                0x10006408       0x1c CMakeFiles/test.dir/home/kedar/pico/pico-sdk/lib/tinyusb/src/portable/raspberrypi/rp2040/dcd_rp2040.c.obj
                0x10006408                dcd_edpt0_status_complete
 .text.dcd_edpt_open
                0x10006424      0x108 CMakeFiles/test.dir/home/kedar/pico/pico-sdk/lib/tinyusb/src/portable/raspberrypi/rp2040/dcd_rp2040.c.obj
                0x10006424                dcd_edpt_open
 .text.dcd_edpt_close_all
                0x1000652c        0x8 CMakeFiles/test.dir/home/kedar/pico/pico-sdk/lib/tinyusb/src/portable/raspberrypi/rp2040/dcd_rp2040.c.obj
                0x1000652c                dcd_edpt_close_all
 .text.dcd_edpt_xfer
                0x10006534       0x24 CMakeFiles/test.dir/home/kedar/pico/pico-sdk/lib/tinyusb/src/portable/raspberrypi/rp2040/dcd_rp2040.c.obj
                0x10006534                dcd_edpt_xfer
 .text.dcd_edpt_stall
                0x10006558       0x34 CMakeFiles/test.dir/home/kedar/pico/pico-sdk/lib/tinyusb/src/portable/raspberrypi/rp2040/dcd_rp2040.c.obj
                0x10006558                dcd_edpt_stall
 .text.dcd_edpt_clear_stall
                0x1000658c       0x30 CMakeFiles/test.dir/home/kedar/pico/pico-sdk/lib/tinyusb/src/portable/raspberrypi/rp2040/dcd_rp2040.c.obj
                0x1000658c                dcd_edpt_clear_stall
 .text.rp2040_usb_init
                0x100065bc       0x4c CMakeFiles/test.dir/home/kedar/pico/pico-sdk/lib/tinyusb/src/portable/raspberrypi/rp2040/rp2040_usb.c.obj
                0x100065bc                rp2040_usb_init
 .text.hw_endpoint_xfer_start
                0x10006608       0x40 CMakeFiles/test.dir/home/kedar/pico/pico-sdk/lib/tinyusb/src/portable/raspberrypi/rp2040/rp2040_usb.c.obj
                0x10006608                hw_endpoint_xfer_start
 .text.tud_mounted
                0x10006648       0x10 CMakeFiles/test.dir/home/kedar/pico/pico-sdk/lib/tinyusb/src/device/usbd.c.obj
                0x10006648                tud_mounted
 .text.tud_suspended
                0x10006658       0x10 CMakeFiles/test.dir/home/kedar/pico/pico-sdk/lib/tinyusb/src/device/usbd.c.obj
                0x10006658                tud_suspended
 .text.tud_inited
                0x10006668       0x14 CMakeFiles/test.dir/home/kedar/pico/pico-sdk/lib/tinyusb/src/device/usbd.c.obj
                0x10006668                tud_inited
 .text.tud_init
                0x1000667c       0xdc CMakeFiles/test.dir/home/kedar/pico/pico-sdk/lib/tinyusb/src/device/usbd.c.obj
                0x1000667c                tud_init
 .text.tud_task_ext
                0x10006758      0x850 CMakeFiles/test.dir/home/kedar/pico/pico-sdk/lib/tinyusb/src/device/usbd.c.obj
                0x10006758                tud_task_ext
 .text.usbd_open_edpt_pair
                0x10006fa8       0x9c CMakeFiles/test.dir/home/kedar/pico/pico-sdk/lib/tinyusb/src/device/usbd.c.obj
                0x10006fa8                usbd_open_edpt_pair
 .text.usbd_defer_func
                0x10007044       0x48 CMakeFiles/test.dir/home/kedar/pico/pico-sdk/lib/tinyusb/src/device/usbd.c.obj
                0x10007044                usbd_defer_func
 .text.usbd_edpt_open
                0x1000708c       0x34 CMakeFiles/test.dir/home/kedar/pico/pico-sdk/lib/tinyusb/src/device/usbd.c.obj
                0x1000708c                usbd_edpt_open
 .text.usbd_edpt_claim
                0x100070c0       0x28 CMakeFiles/test.dir/home/kedar/pico/pico-sdk/lib/tinyusb/src/device/usbd.c.obj
                0x100070c0                usbd_edpt_claim
 .text.usbd_edpt_release
                0x100070e8       0x28 CMakeFiles/test.dir/home/kedar/pico/pico-sdk/lib/tinyusb/src/device/usbd.c.obj
                0x100070e8                usbd_edpt_release
 .text.usbd_edpt_xfer
                0x10007110       0x4c CMakeFiles/test.dir/home/kedar/pico/pico-sdk/lib/tinyusb/src/device/usbd.c.obj
                0x10007110                usbd_edpt_xfer
 .text.tud_control_status
                0x1000715c       0x2c CMakeFiles/test.dir/home/kedar/pico/pico-sdk/lib/tinyusb/src/device/usbd_control.c.obj
                0x1000715c                tud_control_status
 .text.tud_control_xfer
                0x10007188       0xac CMakeFiles/test.dir/home/kedar/pico/pico-sdk/lib/tinyusb/src/device/usbd_control.c.obj
                0x10007188                tud_control_xfer
 .text.usbd_control_reset
                0x10007234       0x14 CMakeFiles/test.dir/home/kedar/pico/pico-sdk/lib/tinyusb/src/device/usbd_control.c.obj
                0x10007234                usbd_control_reset
 .text.usbd_control_set_complete_callback
                0x10007248        0xc CMakeFiles/test.dir/home/kedar/pico/pico-sdk/lib/tinyusb/src/device/usbd_control.c.obj
                0x10007248                usbd_control_set_complete_callback
 .text.usbd_control_set_request
                0x10007254       0x1c CMakeFiles/test.dir/home/kedar/pico/pico-sdk/lib/tinyusb/src/device/usbd_control.c.obj
                0x10007254                usbd_control_set_request
 .text.usbd_control_xfer_cb
                0x10007270       0xf4 CMakeFiles/test.dir/home/kedar/pico/pico-sdk/lib/tinyusb/src/device/usbd_control.c.obj
                0x10007270                usbd_control_xfer_cb
 .text.tud_cdc_n_connected
                0x10007364       0x30 CMakeFiles/test.dir/home/kedar/pico/pico-sdk/lib/tinyusb/src/class/cdc/cdc_device.c.obj
                0x10007364                tud_cdc_n_connected
 .text.tud_cdc_n_available
                0x10007394       0x18 CMakeFiles/test.dir/home/kedar/pico/pico-sdk/lib/tinyusb/src/class/cdc/cdc_device.c.obj
                0x10007394                tud_cdc_n_available
 .text.tud_cdc_n_read
                0x100073ac       0x70 CMakeFiles/test.dir/home/kedar/pico/pico-sdk/lib/tinyusb/src/class/cdc/cdc_device.c.obj
                0x100073ac                tud_cdc_n_read
 .text.tud_cdc_n_write_flush
                0x1000741c       0x78 CMakeFiles/test.dir/home/kedar/pico/pico-sdk/lib/tinyusb/src/class/cdc/cdc_device.c.obj
                0x1000741c                tud_cdc_n_write_flush
 .text.tud_cdc_n_write
                0x10007494       0x34 CMakeFiles/test.dir/home/kedar/pico/pico-sdk/lib/tinyusb/src/class/cdc/cdc_device.c.obj
                0x10007494                tud_cdc_n_write
 .text.tud_cdc_n_write_available
                0x100074c8       0x18 CMakeFiles/test.dir/home/kedar/pico/pico-sdk/lib/tinyusb/src/class/cdc/cdc_device.c.obj
                0x100074c8                tud_cdc_n_write_available
 .text.cdcd_init
                0x100074e0       0x7c CMakeFiles/test.dir/home/kedar/pico/pico-sdk/lib/tinyusb/src/class/cdc/cdc_device.c.obj
                0x100074e0                cdcd_init
 .text.cdcd_reset
                0x1000755c       0x2c CMakeFiles/test.dir/home/kedar/pico/pico-sdk/lib/tinyusb/src/class/cdc/cdc_device.c.obj
                0x1000755c                cdcd_reset
 .text.cdcd_open
                0x10007588       0xe4 CMakeFiles/test.dir/home/kedar/pico/pico-sdk/lib/tinyusb/src/class/cdc/cdc_device.c.obj
                0x10007588                cdcd_open
 .text.cdcd_control_xfer_cb
                0x1000766c       0xe4 CMakeFiles/test.dir/home/kedar/pico/pico-sdk/lib/tinyusb/src/class/cdc/cdc_device.c.obj
                0x1000766c                cdcd_control_xfer_cb
 .text.cdcd_xfer_cb
                0x10007750      0x13c CMakeFiles/test.dir/home/kedar/pico/pico-sdk/lib/tinyusb/src/class/cdc/cdc_device.c.obj
                0x10007750                cdcd_xfer_cb
 .text.tusb_init
                0x1000788c        0xc CMakeFiles/test.dir/home/kedar/pico/pico-sdk/lib/tinyusb/src/tusb.c.obj
                0x1000788c                tusb_init
 .text.tusb_inited
                0x10007898        0x8 CMakeFiles/test.dir/home/kedar/pico/pico-sdk/lib/tinyusb/src/tusb.c.obj
                0x10007898                tusb_inited
 .text.tu_edpt_claim
                0x100078a0       0x50 CMakeFiles/test.dir/home/kedar/pico/pico-sdk/lib/tinyusb/src/tusb.c.obj
                0x100078a0                tu_edpt_claim
 .text.tu_edpt_release
                0x100078f0       0x38 CMakeFiles/test.dir/home/kedar/pico/pico-sdk/lib/tinyusb/src/tusb.c.obj
                0x100078f0                tu_edpt_release
 .text.tu_edpt_validate
                0x10007928       0x7c CMakeFiles/test.dir/home/kedar/pico/pico-sdk/lib/tinyusb/src/tusb.c.obj
                0x10007928                tu_edpt_validate
 .text.tu_edpt_bind_driver
                0x100079a4       0x34 CMakeFiles/test.dir/home/kedar/pico/pico-sdk/lib/tinyusb/src/tusb.c.obj
                0x100079a4                tu_edpt_bind_driver
 .text.tu_fifo_config
                0x100079d8       0x6c CMakeFiles/test.dir/home/kedar/pico/pico-sdk/lib/tinyusb/src/common/tusb_fifo.c.obj
                0x100079d8                tu_fifo_config
 .text.tu_fifo_count
                0x10007a44       0x2c CMakeFiles/test.dir/home/kedar/pico/pico-sdk/lib/tinyusb/src/common/tusb_fifo.c.obj
                0x10007a44                tu_fifo_count
 .text.tu_fifo_empty
                0x10007a70       0x10 CMakeFiles/test.dir/home/kedar/pico/pico-sdk/lib/tinyusb/src/common/tusb_fifo.c.obj
                0x10007a70                tu_fifo_empty
 .text.tu_fifo_remaining
                0x10007a80       0x2c CMakeFiles/test.dir/home/kedar/pico/pico-sdk/lib/tinyusb/src/common/tusb_fifo.c.obj
                0x10007a80                tu_fifo_remaining
 .text.tu_fifo_read
                0x10007aac       0x9c CMakeFiles/test.dir/home/kedar/pico/pico-sdk/lib/tinyusb/src/common/tusb_fifo.c.obj
                0x10007aac                tu_fifo_read
 .text.tu_fifo_read_n
                0x10007b48       0xe8 CMakeFiles/test.dir/home/kedar/pico/pico-sdk/lib/tinyusb/src/common/tusb_fifo.c.obj
                0x10007b48                tu_fifo_read_n
 .text.tu_fifo_write
                0x10007c30       0xa8 CMakeFiles/test.dir/home/kedar/pico/pico-sdk/lib/tinyusb/src/common/tusb_fifo.c.obj
                0x10007c30                tu_fifo_write
 .text.tu_fifo_write_n
                0x10007cd8      0x178 CMakeFiles/test.dir/home/kedar/pico/pico-sdk/lib/tinyusb/src/common/tusb_fifo.c.obj
                0x10007cd8                tu_fifo_write_n
 .text.tu_fifo_clear
                0x10007e50       0x40 CMakeFiles/test.dir/home/kedar/pico/pico-sdk/lib/tinyusb/src/common/tusb_fifo.c.obj
                0x10007e50                tu_fifo_clear
 .text.tu_fifo_set_overwritable
                0x10007e90       0x48 CMakeFiles/test.dir/home/kedar/pico/pico-sdk/lib/tinyusb/src/common/tusb_fifo.c.obj
                0x10007e90                tu_fifo_set_overwritable
 .text          0x10007ed8       0x10 /usr/lib/gcc/arm-none-eabi/13.2.1/../../../arm-none-eabi/lib/thumb/v6-m/nofp/libc.a(libc_a-atexit.o)
                0x10007ed8                atexit
 .text          0x10007ee8       0x5c /usr/lib/gcc/arm-none-eabi/13.2.1/../../../arm-none-eabi/lib/thumb/v6-m/nofp/libc.a(libc_a-strlen-stub.o)
                0x10007ee8                strlen
 .text          0x10007f44       0x28 /usr/lib/gcc/arm-none-eabi/13.2.1/../../../arm-none-eabi/lib/thumb/v6-m/nofp/libc.a(libc_a-fini.o)
                0x10007f44                __libc_fini_array
 .text          0x10007f6c       0x78 /usr/lib/gcc/arm-none-eabi/13.2.1/../../../arm-none-eabi/lib/thumb/v6-m/nofp/libc.a(libc_a-__atexit.o)
                0x10007f6c                __register_exitproc
 .text.startup  0x10007fe4       0x18 /usr/lib/gcc/arm-none-eabi/13.2.1/../../../arm-none-eabi/lib/thumb/v6-m/nofp/libc.a(libc_a-__call_atexit.o)
 *(.fini)
 .fini          0x10007ffc        0x4 /usr/lib/gcc/arm-none-eabi/13.2.1/thumb/v6-m/nofp/crti.o
                0x10007ffc                _fini
 .fini.__stub   0x10008000       0xc0 linker stubs
 *crtbegin.o(.ctors)
 *crtbegin?.o(.ctors)
 *(EXCLUDE_FILE(*crtend.o *crtend?.o) .ctors)
 *(SORT_BY_NAME(.ctors.*))
 *(.ctors)
 *crtbegin.o(.dtors)
 *crtbegin?.o(.dtors)
 *(EXCLUDE_FILE(*crtend.o *crtend?.o) .dtors)
 *(SORT_BY_NAME(.dtors.*))
 *(.dtors)
 *(.eh_frame*)
 .eh_frame      0x100080c0        0x0 /usr/lib/gcc/arm-none-eabi/13.2.1/thumb/v6-m/nofp/crtbegin.o
                0x100080c0                        . = ALIGN (0x4)

.glue_7         0x100080c0        0x0
 .glue_7        0x100080c0        0x0 linker stubs

.glue_7t        0x100080c0        0x0
 .glue_7t       0x100080c0        0x0 linker stubs

.vfp11_veneer   0x100080c0        0x0
 .vfp11_veneer  0x100080c0        0x0 linker stubs

.v4_bx          0x100080c0        0x0
 .v4_bx         0x100080c0        0x0 linker stubs

.iplt           0x100080c0        0x0
 .iplt          0x100080c0        0x0 /usr/lib/gcc/arm-none-eabi/13.2.1/thumb/v6-m/nofp/crtbegin.o

.rodata         0x100080c0      0x7d8
 *(EXCLUDE_FILE(*libm.a: *libc.a:*lib_a-mem*.o *libgcc.a:) .rodata*)
 .rodata._Z27y_axis_limit_switch_handlerv.str1.4
                0x100080c0      0x47b CMakeFiles/test.dir/main.cpp.obj
                                 0x21 (size before relaxing)
 .rodata._Z27x_axis_limit_switch_handlerv.str1.4
                0x1000853b       0x15 CMakeFiles/test.dir/main.cpp.obj
 .rodata._Z11x_axis_initPFvvE.str1.4
                0x1000853b       0x67 CMakeFiles/test.dir/main.cpp.obj
 .rodata._Z13x_axis_configv.str1.4
                0x1000853b       0x6b CMakeFiles/test.dir/main.cpp.obj
 .rodata._Z13x_axis_rotate8Rotationj.str1.4
                0x1000853b       0x52 CMakeFiles/test.dir/main.cpp.obj
 .rodata._Z11x_axis_homev.str1.4
                0x1000853b       0x6c CMakeFiles/test.dir/main.cpp.obj
 .rodata._Z11y_axis_initPFvvE.str1.4
                0x1000853b       0x3b CMakeFiles/test.dir/main.cpp.obj
 .rodata._Z13y_axis_rotate8Rotationj.str1.4
                0x1000853b        0xe CMakeFiles/test.dir/main.cpp.obj
 .rodata._Z11y_axis_homev.str1.4
                0x1000853b       0x2e CMakeFiles/test.dir/main.cpp.obj
 .rodata._Z14small_con_initPFvvE.str1.4
                0x1000853b       0x44 CMakeFiles/test.dir/main.cpp.obj
 .rodata._Z16small_con_rotate8Rotationj.str1.4
                0x1000853b       0x18 CMakeFiles/test.dir/main.cpp.obj
 .rodata._Z14large_con_initPFvvE.str1.4
                0x1000853b       0x44 CMakeFiles/test.dir/main.cpp.obj
 .rodata._Z16large_con_rotate8Rotationj.str1.4
                0x1000853b       0x18 CMakeFiles/test.dir/main.cpp.obj
 .rodata.main.str1.4
                0x1000853b        0x9 CMakeFiles/test.dir/main.cpp.obj
 .rodata.spin_lock_claim_unused.str1.4
                0x1000853b       0x1b CMakeFiles/test.dir/home/kedar/pico/pico-sdk/src/rp2_common/hardware_sync/sync.c.obj
 .rodata.user_irq_claim_unused.str1.4
                0x1000853b       0x1b CMakeFiles/test.dir/home/kedar/pico/pico-sdk/src/rp2_common/hardware_irq/irq.c.obj
 .rodata.hardware_alarm_claim.str1.4
                0x1000853b       0x22 CMakeFiles/test.dir/home/kedar/pico/pico-sdk/src/rp2_common/hardware_timer/timer.c.obj
 .rodata.panic.str1.4
                0x1000853b       0x12 CMakeFiles/test.dir/home/kedar/pico/pico-sdk/src/rp2_common/pico_runtime/runtime.c.obj
 .rodata.hard_assertion_failure.str1.4
                0x1000853b        0xc CMakeFiles/test.dir/home/kedar/pico/pico-sdk/src/rp2_common/pico_runtime/runtime.c.obj
 .rodata._ftoa.str1.4
                0x1000853b       0x15 CMakeFiles/test.dir/home/kedar/pico/pico-sdk/src/rp2_common/pico_printf/printf.c.obj
 *fill*         0x1000853b        0x1 
 .rodata._vsnprintf
                0x1000853c      0x19c CMakeFiles/test.dir/home/kedar/pico/pico-sdk/src/rp2_common/pico_printf/printf.c.obj
 .rodata.pow10.0
                0x100086d8       0x50 CMakeFiles/test.dir/home/kedar/pico/pico-sdk/src/rp2_common/pico_printf/printf.c.obj
 .rodata.str1.4
                0x10008728       0x3c CMakeFiles/test.dir/home/kedar/pico/pico-sdk/src/rp2_common/pico_standard_link/binary_info.c.obj
 .rodata.__bi_81
                0x10008728        0xc CMakeFiles/test.dir/home/kedar/pico/pico-sdk/src/rp2_common/pico_standard_link/binary_info.c.obj
 .rodata.__bi_75
                0x10008734        0xc CMakeFiles/test.dir/home/kedar/pico/pico-sdk/src/rp2_common/pico_standard_link/binary_info.c.obj
 .rodata.__bi_44
                0x10008740        0xc CMakeFiles/test.dir/home/kedar/pico/pico-sdk/src/rp2_common/pico_standard_link/binary_info.c.obj
 .rodata.crlf_str.0
                0x1000874c        0x2 CMakeFiles/test.dir/home/kedar/pico/pico-sdk/src/rp2_common/pico_stdio/stdio.c.obj
 *fill*         0x1000874e        0x2 
 .rodata._resetd_driver
                0x10008750       0x18 CMakeFiles/test.dir/home/kedar/pico/pico-sdk/src/rp2_common/pico_stdio_usb/reset_interface.c.obj
 .rodata.str1.4
                0x10008768       0x13 CMakeFiles/test.dir/home/kedar/pico/pico-sdk/src/rp2_common/pico_stdio_usb/stdio_usb.c.obj
 .rodata.__bi_182.0
                0x10008768        0xc CMakeFiles/test.dir/home/kedar/pico/pico-sdk/src/rp2_common/pico_stdio_usb/stdio_usb.c.obj
 .rodata.str1.4
                0x10008774       0x2a CMakeFiles/test.dir/home/kedar/pico/pico-sdk/src/rp2_common/pico_stdio_usb/stdio_usb_descriptors.c.obj
 .rodata.usbd_desc_str
                0x10008774       0x18 CMakeFiles/test.dir/home/kedar/pico/pico-sdk/src/rp2_common/pico_stdio_usb/stdio_usb_descriptors.c.obj
 .rodata.usbd_desc_cfg
                0x1000878c       0x54 CMakeFiles/test.dir/home/kedar/pico/pico-sdk/src/rp2_common/pico_stdio_usb/stdio_usb_descriptors.c.obj
 .rodata.usbd_desc_device
                0x100087e0       0x12 CMakeFiles/test.dir/home/kedar/pico/pico-sdk/src/rp2_common/pico_stdio_usb/stdio_usb_descriptors.c.obj
 .rodata.str1.4
                0x100087f2       0x14 CMakeFiles/test.dir/home/kedar/pico/pico-sdk/lib/tinyusb/src/portable/raspberrypi/rp2040/dcd_rp2040.c.obj
 .rodata.str1.4
                0x100087f2       0x53 CMakeFiles/test.dir/home/kedar/pico/pico-sdk/lib/tinyusb/src/portable/raspberrypi/rp2040/rp2040_usb.c.obj
 *fill*         0x100087f2        0x2 
 .rodata.tud_task_ext
                0x100087f4       0x8c CMakeFiles/test.dir/home/kedar/pico/pico-sdk/lib/tinyusb/src/device/usbd.c.obj
 .rodata._usbd_driver
                0x10008880       0x18 CMakeFiles/test.dir/home/kedar/pico/pico-sdk/lib/tinyusb/src/device/usbd.c.obj
                0x10008898                        . = ALIGN (0x4)
 *(SORT_BY_ALIGNMENT(SORT_BY_NAME(.flashdata*)))
                0x10008898                        . = ALIGN (0x4)

.ARM.extab
 *(.ARM.extab* .gnu.linkonce.armextab.*)
                0x10008898                        __exidx_start = .

.ARM.exidx
 *(.ARM.exidx* .gnu.linkonce.armexidx.*)
                0x10008898                        __exidx_end = .
                0x10008898                        . = ALIGN (0x4)
                0x10008898                        __binary_info_start = .

.binary_info    0x10008898       0x20
 *(.binary_info.keep.*)
 .binary_info.keep.__bi_ptr81
                0x10008898        0x4 CMakeFiles/test.dir/home/kedar/pico/pico-sdk/src/rp2_common/pico_standard_link/binary_info.c.obj
 .binary_info.keep.__bi_ptr75
                0x1000889c        0x4 CMakeFiles/test.dir/home/kedar/pico/pico-sdk/src/rp2_common/pico_standard_link/binary_info.c.obj
 .binary_info.keep.__bi_ptr50
                0x100088a0        0x4 CMakeFiles/test.dir/home/kedar/pico/pico-sdk/src/rp2_common/pico_standard_link/binary_info.c.obj
 .binary_info.keep.__bi_ptr44
                0x100088a4        0x4 CMakeFiles/test.dir/home/kedar/pico/pico-sdk/src/rp2_common/pico_standard_link/binary_info.c.obj
 .binary_info.keep.__bi_ptr38
                0x100088a8        0x4 CMakeFiles/test.dir/home/kedar/pico/pico-sdk/src/rp2_common/pico_standard_link/binary_info.c.obj
 .binary_info.keep.__bi_ptr30
                0x100088ac        0x4 CMakeFiles/test.dir/home/kedar/pico/pico-sdk/src/rp2_common/pico_standard_link/binary_info.c.obj
 .binary_info.keep.__bi_ptr22
                0x100088b0        0x4 CMakeFiles/test.dir/home/kedar/pico/pico-sdk/src/rp2_common/pico_standard_link/binary_info.c.obj
 *(.binary_info.*)
 .binary_info.__bi_ptr182
                0x100088b4        0x4 CMakeFiles/test.dir/home/kedar/pico/pico-sdk/src/rp2_common/pico_stdio_usb/stdio_usb.c.obj
                0x100088b8                        __binary_info_end = .

.rel.dyn        0x100088b8        0x0
 .rel.iplt      0x100088b8        0x0 /usr/lib/gcc/arm-none-eabi/13.2.1/thumb/v6-m/nofp/crtbegin.o
                0x100088b8                        . = ALIGN (0x4)

.ram_vector_table
                0x20000000       0xc0
 *(.ram_vector_table)
 .ram_vector_table
                0x20000000       0xc0 CMakeFiles/test.dir/home/kedar/pico/pico-sdk/src/rp2_common/pico_runtime/runtime.c.obj
                0x20000000                ram_vector_table

.data           0x200000c0      0xe34 load address 0x100088b8
                0x200000c0                        __data_start__ = .
 *(vtable)
 *(.time_critical*)
 .time_critical.mutex_try_enter
                0x200000c0       0x40 CMakeFiles/test.dir/home/kedar/pico/pico-sdk/src/common/pico_sync/mutex.c.obj
                0x200000c0                mutex_try_enter
 .time_critical.mutex_try_enter_block_until
                0x20000100       0x9c CMakeFiles/test.dir/home/kedar/pico/pico-sdk/src/common/pico_sync/mutex.c.obj
                0x20000100                mutex_try_enter_block_until
 .time_critical.mutex_enter_timeout_ms
                0x2000019c       0x90 CMakeFiles/test.dir/home/kedar/pico/pico-sdk/src/common/pico_sync/mutex.c.obj
                0x2000019c                mutex_enter_timeout_ms
 .time_critical.mutex_exit
                0x2000022c       0x28 CMakeFiles/test.dir/home/kedar/pico/pico-sdk/src/common/pico_sync/mutex.c.obj
                0x2000022c                mutex_exit
 .time_critical.flash_init_boot2_copyout
                0x20000254       0x30 CMakeFiles/test.dir/home/kedar/pico/pico-sdk/src/rp2_common/hardware_flash/flash.c.obj
 .time_critical.flash_enable_xip_via_boot2
                0x20000284        0xc CMakeFiles/test.dir/home/kedar/pico/pico-sdk/src/rp2_common/hardware_flash/flash.c.obj
 .time_critical.flash_cs_force
                0x20000290       0x38 CMakeFiles/test.dir/home/kedar/pico/pico-sdk/src/rp2_common/hardware_flash/flash.c.obj
 .time_critical.flash_do_cmd
                0x200002c8       0xc0 CMakeFiles/test.dir/home/kedar/pico/pico-sdk/src/rp2_common/hardware_flash/flash.c.obj
                0x200002c8                flash_do_cmd
 .time_critical.reset_non_control_endpoints
                0x20000388       0x68 CMakeFiles/test.dir/home/kedar/pico/pico-sdk/lib/tinyusb/src/portable/raspberrypi/rp2040/dcd_rp2040.c.obj
 .time_critical.hw_handle_buff_status
                0x200003f0       0xb0 CMakeFiles/test.dir/home/kedar/pico/pico-sdk/lib/tinyusb/src/portable/raspberrypi/rp2040/dcd_rp2040.c.obj
 .time_critical.dcd_rp2040_irq
                0x200004a0      0x510 CMakeFiles/test.dir/home/kedar/pico/pico-sdk/lib/tinyusb/src/portable/raspberrypi/rp2040/dcd_rp2040.c.obj
 .time_critical.e15_is_bulkin_ep
                0x200009b0       0x28 CMakeFiles/test.dir/home/kedar/pico/pico-sdk/lib/tinyusb/src/portable/raspberrypi/rp2040/rp2040_usb.c.obj
 .time_critical.e15_is_critical_frame_period
                0x200009d8       0x34 CMakeFiles/test.dir/home/kedar/pico/pico-sdk/lib/tinyusb/src/portable/raspberrypi/rp2040/rp2040_usb.c.obj
 .time_critical.prepare_ep_buffer
                0x20000a0c       0x6c CMakeFiles/test.dir/home/kedar/pico/pico-sdk/lib/tinyusb/src/portable/raspberrypi/rp2040/rp2040_usb.c.obj
 .time_critical.sync_ep_buffer
                0x20000a78       0x48 CMakeFiles/test.dir/home/kedar/pico/pico-sdk/lib/tinyusb/src/portable/raspberrypi/rp2040/rp2040_usb.c.obj
 .time_critical._hw_endpoint_xfer_sync
                0x20000ac0       0x28 CMakeFiles/test.dir/home/kedar/pico/pico-sdk/lib/tinyusb/src/portable/raspberrypi/rp2040/rp2040_usb.c.obj
 .time_critical.hw_endpoint_reset_transfer
                0x20000ae8        0xc CMakeFiles/test.dir/home/kedar/pico/pico-sdk/lib/tinyusb/src/portable/raspberrypi/rp2040/rp2040_usb.c.obj
                0x20000ae8                hw_endpoint_reset_transfer
 .time_critical._hw_endpoint_buffer_control_update32
                0x20000af4       0x58 CMakeFiles/test.dir/home/kedar/pico/pico-sdk/lib/tinyusb/src/portable/raspberrypi/rp2040/rp2040_usb.c.obj
                0x20000af4                _hw_endpoint_buffer_control_update32
 .time_critical.hw_endpoint_start_next_buffer
                0x20000b4c       0x6c CMakeFiles/test.dir/home/kedar/pico/pico-sdk/lib/tinyusb/src/portable/raspberrypi/rp2040/rp2040_usb.c.obj
                0x20000b4c                hw_endpoint_start_next_buffer
 .time_critical.hw_endpoint_xfer_continue
                0x20000bb8       0x50 CMakeFiles/test.dir/home/kedar/pico/pico-sdk/lib/tinyusb/src/portable/raspberrypi/rp2040/rp2040_usb.c.obj
                0x20000bb8                hw_endpoint_xfer_continue
 .time_critical.tinyusb
                0x20000c08      0x16c CMakeFiles/test.dir/home/kedar/pico/pico-sdk/lib/tinyusb/src/device/usbd.c.obj
                0x20000c08                dcd_event_handler
 *(.text*)
 .text          0x20000d74        0x4 /usr/lib/gcc/arm-none-eabi/13.2.1/thumb/v6-m/nofp/libgcc.a(_dvmd_tls.o)
                0x20000d74                __aeabi_ldiv0
                0x20000d74                __aeabi_idiv0
 .text.__stub   0x20000d78       0x70 linker stubs
                0x20000de8                        . = ALIGN (0x4)
 *(.rodata*)
                0x20000de8                        . = ALIGN (0x4)
 *(.data*)
 .data.large_con_steps_per_sec
                0x20000de8        0x4 CMakeFiles/test.dir/main.cpp.obj
                0x20000de8                large_con_steps_per_sec
 .data.small_con_steps_per_sec
                0x20000dec        0x4 CMakeFiles/test.dir/main.cpp.obj
                0x20000dec                small_con_steps_per_sec
 .data.y_axis_steps_per_sec
                0x20000df0        0x4 CMakeFiles/test.dir/main.cpp.obj
                0x20000df0                y_axis_steps_per_sec
 .data.x_axis_steps_per_sec
                0x20000df4        0x4 CMakeFiles/test.dir/main.cpp.obj
                0x20000df4                x_axis_steps_per_sec
 .data.striped_spin_lock_num
                0x20000df8        0x1 CMakeFiles/test.dir/home/kedar/pico/pico-sdk/src/rp2_common/hardware_sync/sync.c.obj
 *fill*         0x20000df9        0x3 
 .data          0x20000dfc       0x48 CMakeFiles/test.dir/home/kedar/pico/pico-sdk/src/rp2_common/hardware_irq/irq_handler_chain.S.obj
                0x20000dfc                irq_handler_chain_slots
                0x20000e2c                irq_handler_chain_first_slot
                0x20000e36                irq_handler_chain_remove_tail
 .data.default_alarm_pool
                0x20000e44       0x18 CMakeFiles/test.dir/home/kedar/pico/pico-sdk/src/common/pico_time/time.c.obj
 .data.default_alarm_pool_heap
                0x20000e5c       0x10 CMakeFiles/test.dir/home/kedar/pico/pico-sdk/src/common/pico_time/time.c.obj
 *fill*         0x20000e6c        0x4 
 .data.aeabi_bits_funcs
                0x20000e70       0x10 CMakeFiles/test.dir/home/kedar/pico/pico-sdk/src/rp2_common/pico_bit_ops/bit_ops_aeabi.S.obj
                0x20000e70                aeabi_bits_funcs
                0x20000e80                aeabi_bits_funcs_end
 .data.aeabi_mem_funcs
                0x20000e80       0x10 CMakeFiles/test.dir/home/kedar/pico/pico-sdk/src/rp2_common/pico_mem_ops/mem_ops_aeabi.S.obj
                0x20000e80                aeabi_mem_funcs
                0x20000e90                aeabi_mem_funcs_end
 .data.stdio_usb
                0x20000e90       0x18 CMakeFiles/test.dir/home/kedar/pico/pico-sdk/src/rp2_common/pico_stdio_usb/stdio_usb.c.obj
                0x20000e90                stdio_usb
 .data.ep_dir_string
                0x20000ea8        0x8 CMakeFiles/test.dir/home/kedar/pico/pico-sdk/lib/tinyusb/src/portable/raspberrypi/rp2040/rp2040_usb.c.obj
                0x20000ea8                ep_dir_string
 .data._usbd_qdef
                0x20000eb0       0x1c CMakeFiles/test.dir/home/kedar/pico/pico-sdk/lib/tinyusb/src/device/usbd.c.obj
                0x20000eb0                _usbd_qdef
 .data._usbd_rhport
                0x20000ecc        0x1 CMakeFiles/test.dir/home/kedar/pico/pico-sdk/lib/tinyusb/src/device/usbd.c.obj
                0x20000ed0                        . = ALIGN (0x4)
 *fill*         0x20000ecd        0x3 
 *(.after_data.*)
                0x20000ed0                        . = ALIGN (0x4)
                0x20000ed0                        PROVIDE (__mutex_array_start = .)
 *(SORT_BY_NAME(.mutex_array.*))
 *(.mutex_array)
 .mutex_array   0x20000ed0        0x8 CMakeFiles/test.dir/home/kedar/pico/pico-sdk/src/rp2_common/pico_stdio/stdio.c.obj
                0x20000ed8                        PROVIDE (__mutex_array_end = .)
                0x20000ed8                        . = ALIGN (0x4)
                0x20000ed8                        PROVIDE (__preinit_array_start = .)
 *(SORT_BY_NAME(.preinit_array.*))
 .preinit_array.00001
                0x20000ed8        0x4 CMakeFiles/test.dir/home/kedar/pico/pico-sdk/src/rp2_common/pico_mem_ops/mem_ops_aeabi.S.obj
 .preinit_array.00010
                0x20000edc        0x4 CMakeFiles/test.dir/home/kedar/pico/pico-sdk/src/rp2_common/pico_bit_ops/bit_ops_aeabi.S.obj
 .preinit_array.00020
                0x20000ee0        0x4 CMakeFiles/test.dir/home/kedar/pico/pico-sdk/src/rp2_common/pico_double/double_aeabi.S.obj
 .preinit_array.00020
                0x20000ee4        0x4 CMakeFiles/test.dir/home/kedar/pico/pico-sdk/src/rp2_common/pico_float/float_aeabi.S.obj
 *(.preinit_array)
                0x20000ee8                        PROVIDE (__preinit_array_end = .)
                0x20000ee8                        . = ALIGN (0x4)
                0x20000ee8                        PROVIDE (__init_array_start = .)
 *(SORT_BY_NAME(.init_array.*))
 .init_array.00000
                0x20000ee8        0x4 /usr/lib/gcc/arm-none-eabi/13.2.1/../../../arm-none-eabi/lib/thumb/v6-m/nofp/libc.a(libc_a-__call_atexit.o)
 *(.init_array)
 .init_array    0x20000eec        0x4 /usr/lib/gcc/arm-none-eabi/13.2.1/thumb/v6-m/nofp/crtbegin.o
 .init_array    0x20000ef0        0x4 CMakeFiles/test.dir/home/kedar/pico/pico-sdk/src/rp2_common/pico_unique_id/unique_id.c.obj
                0x20000ef4                        PROVIDE (__init_array_end = .)
                0x20000ef4                        . = ALIGN (0x4)
                0x20000ef4                        PROVIDE (__fini_array_start = .)
 *(SORT_BY_NAME(.fini_array.*))
 *(.fini_array)
                0x20000ef4                        PROVIDE (__fini_array_end = .)
 *(.jcr)
                0x20000ef4                        . = ALIGN (0x4)
                0x20000ef4                        __data_end__ = .
                0x100088b8                        __etext = LOADADDR (.data)

.tm_clone_table
                0x20000ef4        0x0 load address 0x100096ec
 .tm_clone_table
                0x20000ef4        0x0 /usr/lib/gcc/arm-none-eabi/13.2.1/thumb/v6-m/nofp/crtbegin.o
 .tm_clone_table
                0x20000ef4        0x0 /usr/lib/gcc/arm-none-eabi/13.2.1/thumb/v6-m/nofp/crtend.o

.igot.plt       0x20000ef4        0x0 load address 0x100096ec
 .igot.plt      0x20000ef4        0x0 /usr/lib/gcc/arm-none-eabi/13.2.1/thumb/v6-m/nofp/crtbegin.o

.uninitialized_data
                0x20000ef4        0x0 load address 0x100096ec
                0x20000ef4                        . = ALIGN (0x4)
 *(.uninitialized_data*)

.scratch_x      0x20040000        0x0 load address 0x100096ec
                0x20040000                        __scratch_x_start__ = .
 *(.scratch_x.*)
                0x20040000                        . = ALIGN (0x4)
                0x20040000                        __scratch_x_end__ = .
                0x100096ec                        __scratch_x_source__ = LOADADDR (.scratch_x)

.scratch_y      0x20041000        0x0 load address 0x100096ec
                0x20041000                        __scratch_y_start__ = .
 *(.scratch_y.*)
                0x20041000                        . = ALIGN (0x4)
                0x20041000                        __scratch_y_end__ = .
                0x100096ec                        __scratch_y_source__ = LOADADDR (.scratch_y)

.bss            0x20000ef8      0xfd8
                0x20000ef8                        . = ALIGN (0x4)
                0x20000ef8                        __bss_start__ = .
 *(SORT_BY_ALIGNMENT(SORT_BY_NAME(.bss*)))
 .bss.configured_freq
                0x20000ef8       0x28 CMakeFiles/test.dir/home/kedar/pico/pico-sdk/src/rp2_common/hardware_clocks/clocks.c.obj
 .bss.default_alarm_pool_entries
                0x20000f20      0x100 CMakeFiles/test.dir/home/kedar/pico/pico-sdk/src/common/pico_time/time.c.obj
 .bss.large_con_pwm_config
                0x20001020        0xc CMakeFiles/test.dir/main.cpp.obj
                0x20001020                large_con_pwm_config
 *fill*         0x2000102c        0x4 
 .bss.last_avail_time.1
                0x20001030        0x8 CMakeFiles/test.dir/home/kedar/pico/pico-sdk/src/rp2_common/pico_stdio_usb/stdio_usb.c.obj
 .bss.sd_table  0x20001038      0x100 CMakeFiles/test.dir/home/kedar/pico/pico-sdk/src/rp2_common/pico_double/double_init_rom.c.obj
                0x20001038                sd_table
 .bss.sf_table  0x20001138      0x100 CMakeFiles/test.dir/home/kedar/pico/pico-sdk/src/rp2_common/pico_float/float_init_rom.c.obj
                0x20001138                sf_table
 .bss.small_con_pwm_config
                0x20001238        0xc CMakeFiles/test.dir/main.cpp.obj
                0x20001238                small_con_pwm_config
 *fill*         0x20001244        0x4 
 .bss.x_pwm_config
                0x20001248        0xc CMakeFiles/test.dir/main.cpp.obj
                0x20001248                x_pwm_config
 *fill*         0x20001254        0x4 
 .bss.x_trigger_time
                0x20001258        0x8 CMakeFiles/test.dir/main.cpp.obj
                0x20001258                x_trigger_time
 .bss.y_pwm_config
                0x20001260        0xc CMakeFiles/test.dir/main.cpp.obj
                0x20001260                y_pwm_config
 *fill*         0x2000126c        0x4 
 .bss.y_trigger_time
                0x20001270        0x8 CMakeFiles/test.dir/main.cpp.obj
                0x20001270                y_trigger_time
 .bss           0x20001278       0x1c /usr/lib/gcc/arm-none-eabi/13.2.1/thumb/v6-m/nofp/crtbegin.o
 .bss           0x20001294      0x190 /usr/lib/gcc/arm-none-eabi/13.2.1/../../../arm-none-eabi/lib/thumb/v6-m/nofp/libc.a(libc_a-__atexit.o)
                0x20001294                __atexit0
 .bss           0x20001424        0x4 /usr/lib/gcc/arm-none-eabi/13.2.1/../../../arm-none-eabi/lib/thumb/v6-m/nofp/libc.a(libc_a-__call_atexit.o)
                0x20001424                __atexit
 .bss._app_driver
                0x20001428        0x4 CMakeFiles/test.dir/home/kedar/pico/pico-sdk/lib/tinyusb/src/device/usbd.c.obj
 .bss._cdcd_itf
                0x2000142c      0x2c8 CMakeFiles/test.dir/home/kedar/pico/pico-sdk/lib/tinyusb/src/class/cdc/cdc_device.c.obj
 .bss._ctrl_xfer
                0x200016f4       0x14 CMakeFiles/test.dir/home/kedar/pico/pico-sdk/lib/tinyusb/src/device/usbd_control.c.obj
 .bss._ubsd_mutexdef
                0x20001708        0x8 CMakeFiles/test.dir/home/kedar/pico/pico-sdk/lib/tinyusb/src/device/usbd.c.obj
 .bss._usbd_ctrl_buf
                0x20001710       0x40 CMakeFiles/test.dir/home/kedar/pico/pico-sdk/lib/tinyusb/src/device/usbd_control.c.obj
 .bss._usbd_dev
                0x20001750       0x53 CMakeFiles/test.dir/home/kedar/pico/pico-sdk/lib/tinyusb/src/device/usbd.c.obj
 *fill*         0x200017a3        0x1 
 .bss._usbd_mutex
                0x200017a4        0x4 CMakeFiles/test.dir/home/kedar/pico/pico-sdk/lib/tinyusb/src/device/usbd.c.obj
 .bss._usbd_q   0x200017a8        0x4 CMakeFiles/test.dir/home/kedar/pico/pico-sdk/lib/tinyusb/src/device/usbd.c.obj
 .bss._usbd_qdef_buf
                0x200017ac       0xc0 CMakeFiles/test.dir/home/kedar/pico/pico-sdk/lib/tinyusb/src/device/usbd.c.obj
                0x200017ac                _usbd_qdef_buf
 .bss.alarm_callbacks
                0x2000186c       0x10 CMakeFiles/test.dir/home/kedar/pico/pico-sdk/src/rp2_common/hardware_timer/timer.c.obj
 .bss.boot2_copyout
                0x2000187c      0x100 CMakeFiles/test.dir/home/kedar/pico/pico-sdk/src/rp2_common/hardware_flash/flash.c.obj
 .bss.chars_available_callback
                0x2000197c        0x4 CMakeFiles/test.dir/home/kedar/pico/pico-sdk/src/rp2_common/pico_stdio_usb/stdio_usb.c.obj
 .bss.chars_available_param
                0x20001980        0x4 CMakeFiles/test.dir/home/kedar/pico/pico-sdk/src/rp2_common/pico_stdio_usb/stdio_usb.c.obj
 .bss.claimed   0x20001984        0x4 CMakeFiles/test.dir/home/kedar/pico/pico-sdk/src/rp2_common/hardware_sync/sync.c.obj
 .bss.default_alarm_pool_entry_ids_high
                0x20001988       0x10 CMakeFiles/test.dir/home/kedar/pico/pico-sdk/src/common/pico_time/time.c.obj
 .bss.default_alarm_pool_heap_nodes
                0x20001998       0x30 CMakeFiles/test.dir/home/kedar/pico/pico-sdk/src/common/pico_time/time.c.obj
 .bss.desc_str.0
                0x200019c8       0x28 CMakeFiles/test.dir/home/kedar/pico/pico-sdk/src/rp2_common/pico_stdio_usb/stdio_usb_descriptors.c.obj
 .bss.drivers   0x200019f0        0x4 CMakeFiles/test.dir/home/kedar/pico/pico-sdk/src/rp2_common/pico_stdio/stdio.c.obj
 .bss.e15_last_sof
                0x200019f4        0x4 CMakeFiles/test.dir/home/kedar/pico/pico-sdk/lib/tinyusb/src/portable/raspberrypi/rp2040/rp2040_usb.c.obj
                0x200019f4                e15_last_sof
 .bss.filter    0x200019f8        0x4 CMakeFiles/test.dir/home/kedar/pico/pico-sdk/src/rp2_common/pico_stdio/stdio.c.obj
 .bss.hw_endpoints
                0x200019fc      0x400 CMakeFiles/test.dir/home/kedar/pico/pico-sdk/lib/tinyusb/src/portable/raspberrypi/rp2040/dcd_rp2040.c.obj
 .bss.large_con_clk_src
                0x20001dfc        0x4 CMakeFiles/test.dir/main.cpp.obj
                0x20001dfc                large_con_clk_src
 .bss.large_con_pulse_slice
                0x20001e00        0x4 CMakeFiles/test.dir/main.cpp.obj
                0x20001e00                large_con_pulse_slice
 .bss.large_con_step_count
                0x20001e04        0x4 CMakeFiles/test.dir/main.cpp.obj
                0x20001e04                large_con_step_count
 .bss.large_con_steps_to_take
                0x20001e08        0x4 CMakeFiles/test.dir/main.cpp.obj
                0x20001e08                large_con_steps_to_take
 .bss.large_con_wrap_val
                0x20001e0c        0x4 CMakeFiles/test.dir/main.cpp.obj
                0x20001e0c                large_con_wrap_val
 .bss.lazy_vsnprintf
                0x20001e10        0x4 CMakeFiles/test.dir/home/kedar/pico/pico-sdk/src/rp2_common/pico_printf/printf.c.obj
 .bss.load_value
                0x20001e14        0x4 CMakeFiles/test.dir/home/kedar/pico/pico-sdk/src/rp2_common/hardware_watchdog/watchdog.c.obj
 .bss.next_buffer_ptr
                0x20001e18        0x4 CMakeFiles/test.dir/home/kedar/pico/pico-sdk/lib/tinyusb/src/portable/raspberrypi/rp2040/dcd_rp2040.c.obj
 .bss.one_shot_timer_crit_sec
                0x20001e1c        0x8 CMakeFiles/test.dir/home/kedar/pico/pico-sdk/src/rp2_common/pico_stdio_usb/stdio_usb.c.obj
 .bss.pools     0x20001e24       0x10 CMakeFiles/test.dir/home/kedar/pico/pico-sdk/src/common/pico_time/time.c.obj
 .bss.raw_irq_mask
                0x20001e34        0x8 CMakeFiles/test.dir/home/kedar/pico/pico-sdk/src/rp2_common/hardware_gpio/gpio.c.obj
 .bss.retrieved_id
                0x20001e3c        0x8 CMakeFiles/test.dir/home/kedar/pico/pico-sdk/src/rp2_common/pico_unique_id/unique_id.c.obj
 .bss.sf_clz_func
                0x20001e44        0x4 CMakeFiles/test.dir/home/kedar/pico/pico-sdk/src/rp2_common/pico_double/double_init_rom.c.obj
                0x20001e44                sf_clz_func
 .bss.sleep_notifier
                0x20001e48        0x4 CMakeFiles/test.dir/home/kedar/pico/pico-sdk/src/common/pico_time/time.c.obj
 .bss.small_con_clk_src
                0x20001e4c        0x4 CMakeFiles/test.dir/main.cpp.obj
                0x20001e4c                small_con_clk_src
 .bss.small_con_pulse_slice
                0x20001e50        0x4 CMakeFiles/test.dir/main.cpp.obj
                0x20001e50                small_con_pulse_slice
 .bss.small_con_step_count
                0x20001e54        0x4 CMakeFiles/test.dir/main.cpp.obj
                0x20001e54                small_con_step_count
 .bss.small_con_steps_to_take
                0x20001e58        0x4 CMakeFiles/test.dir/main.cpp.obj
                0x20001e58                small_con_steps_to_take
 .bss.small_con_wrap_val
                0x20001e5c        0x4 CMakeFiles/test.dir/main.cpp.obj
                0x20001e5c                small_con_wrap_val
 .bss.stdio_usb_mutex
                0x20001e60        0x8 CMakeFiles/test.dir/home/kedar/pico/pico-sdk/src/rp2_common/pico_stdio_usb/stdio_usb.c.obj
 .bss.target_hi
                0x20001e68       0x10 CMakeFiles/test.dir/home/kedar/pico/pico-sdk/src/rp2_common/hardware_timer/timer.c.obj
 .bss.usbd_serial_str
                0x20001e78       0x11 CMakeFiles/test.dir/home/kedar/pico/pico-sdk/src/rp2_common/pico_stdio_usb/stdio_usb_descriptors.c.obj
 *fill*         0x20001e89        0x3 
 .bss.x_axis_clk_src
                0x20001e8c        0x4 CMakeFiles/test.dir/main.cpp.obj
                0x20001e8c                x_axis_clk_src
 .bss.x_axis_pulse_slice
                0x20001e90        0x4 CMakeFiles/test.dir/main.cpp.obj
                0x20001e90                x_axis_pulse_slice
 .bss.x_axis_step_count
                0x20001e94        0x4 CMakeFiles/test.dir/main.cpp.obj
                0x20001e94                x_axis_step_count
 .bss.x_axis_steps_to_take
                0x20001e98        0x4 CMakeFiles/test.dir/main.cpp.obj
                0x20001e98                x_axis_steps_to_take
 .bss.x_axis_wrap_val
                0x20001e9c        0x4 CMakeFiles/test.dir/main.cpp.obj
                0x20001e9c                x_axis_wrap_val
 .bss.y_axis_clk_src
                0x20001ea0        0x4 CMakeFiles/test.dir/main.cpp.obj
                0x20001ea0                y_axis_clk_src
 .bss.y_axis_pulse_slice
                0x20001ea4        0x4 CMakeFiles/test.dir/main.cpp.obj
                0x20001ea4                y_axis_pulse_slice
 .bss.y_axis_step_count
                0x20001ea8        0x4 CMakeFiles/test.dir/main.cpp.obj
                0x20001ea8                y_axis_step_count
 .bss.y_axis_steps_to_take
                0x20001eac        0x4 CMakeFiles/test.dir/main.cpp.obj
                0x20001eac                y_axis_steps_to_take
 .bss.y_axis_wrap_val
                0x20001eb0        0x4 CMakeFiles/test.dir/main.cpp.obj
                0x20001eb0                y_axis_wrap_val
 .bss._app_driver_count
                0x20001eb4        0x1 CMakeFiles/test.dir/home/kedar/pico/pico-sdk/lib/tinyusb/src/device/usbd.c.obj
 .bss._sof_enable
                0x20001eb5        0x1 CMakeFiles/test.dir/home/kedar/pico/pico-sdk/lib/tinyusb/src/portable/raspberrypi/rp2040/dcd_rp2040.c.obj
 .bss.boot2_copyout_valid
                0x20001eb6        0x1 CMakeFiles/test.dir/home/kedar/pico/pico-sdk/src/rp2_common/hardware_flash/flash.c.obj
 .bss.claimed   0x20001eb7        0x1 CMakeFiles/test.dir/home/kedar/pico/pico-sdk/src/rp2_common/hardware_timer/timer.c.obj
 .bss.irq_hander_chain_free_slot_head
                0x20001eb8        0x1 CMakeFiles/test.dir/home/kedar/pico/pico-sdk/src/rp2_common/hardware_irq/irq.c.obj
 .bss.itf_num   0x20001eb9        0x1 CMakeFiles/test.dir/home/kedar/pico/pico-sdk/src/rp2_common/pico_stdio_usb/reset_interface.c.obj
 .bss.large_con_current_rotation
                0x20001eba        0x1 CMakeFiles/test.dir/main.cpp.obj
                0x20001eba                large_con_current_rotation
 .bss.large_con_primary_rotation
                0x20001ebb        0x1 CMakeFiles/test.dir/main.cpp.obj
                0x20001ebb                large_con_primary_rotation
 .bss.large_con_speed_mode
                0x20001ebc        0x1 CMakeFiles/test.dir/main.cpp.obj
                0x20001ebc                large_con_speed_mode
 .bss.large_con_status
                0x20001ebd        0x1 CMakeFiles/test.dir/main.cpp.obj
                0x20001ebd                large_con_status
 .bss.low_priority_irq_num
                0x20001ebe        0x1 CMakeFiles/test.dir/home/kedar/pico/pico-sdk/src/rp2_common/pico_stdio_usb/stdio_usb.c.obj
 .bss.one_shot_timer_pending
                0x20001ebf        0x1 CMakeFiles/test.dir/home/kedar/pico/pico-sdk/src/rp2_common/pico_stdio_usb/stdio_usb.c.obj
 .bss.small_con_current_rotation
                0x20001ec0        0x1 CMakeFiles/test.dir/main.cpp.obj
                0x20001ec0                small_con_current_rotation
 .bss.small_con_primary_rotation
                0x20001ec1        0x1 CMakeFiles/test.dir/main.cpp.obj
                0x20001ec1                small_con_primary_rotation
 .bss.small_con_speed_mode
                0x20001ec2        0x1 CMakeFiles/test.dir/main.cpp.obj
                0x20001ec2                small_con_speed_mode
 .bss.small_con_status
                0x20001ec3        0x1 CMakeFiles/test.dir/main.cpp.obj
                0x20001ec3                small_con_status
 .bss.timer_callbacks_pending
                0x20001ec4        0x1 CMakeFiles/test.dir/home/kedar/pico/pico-sdk/src/rp2_common/hardware_timer/timer.c.obj
 .bss.user_irq_claimed
                0x20001ec5        0x1 CMakeFiles/test.dir/home/kedar/pico/pico-sdk/src/rp2_common/hardware_irq/irq.c.obj
 .bss.x_axis_current_rotation
                0x20001ec6        0x1 CMakeFiles/test.dir/main.cpp.obj
                0x20001ec6                x_axis_current_rotation
 .bss.x_axis_limit_reached
                0x20001ec7        0x1 CMakeFiles/test.dir/main.cpp.obj
                0x20001ec7                x_axis_limit_reached
 .bss.x_axis_primary_rotation
                0x20001ec8        0x1 CMakeFiles/test.dir/main.cpp.obj
                0x20001ec8                x_axis_primary_rotation
 .bss.x_axis_speed_mode
                0x20001ec9        0x1 CMakeFiles/test.dir/main.cpp.obj
                0x20001ec9                x_axis_speed_mode
 .bss.x_status  0x20001eca        0x1 CMakeFiles/test.dir/main.cpp.obj
                0x20001eca                x_status
 .bss.y_axis_current_rotation
                0x20001ecb        0x1 CMakeFiles/test.dir/main.cpp.obj
                0x20001ecb                y_axis_current_rotation
 .bss.y_axis_limit_reached
                0x20001ecc        0x1 CMakeFiles/test.dir/main.cpp.obj
                0x20001ecc                y_axis_limit_reached
 .bss.y_axis_primary_rotation
                0x20001ecd        0x1 CMakeFiles/test.dir/main.cpp.obj
                0x20001ecd                y_axis_primary_rotation
 .bss.y_axis_speed_mode
                0x20001ece        0x1 CMakeFiles/test.dir/main.cpp.obj
                0x20001ece                y_axis_speed_mode
 .bss.y_status  0x20001ecf        0x1 CMakeFiles/test.dir/main.cpp.obj
                0x20001ecf                y_status
 *(COMMON)
                0x20001ed0                        . = ALIGN (0x4)
                0x20001ed0                        __bss_end__ = .

.heap           0x20001ed0      0x800
                0x20001ed0                        __end__ = .
                0x20001ed0                        end = __end__
 *(.heap*)
 .heap          0x20001ed0      0x800 CMakeFiles/test.dir/home/kedar/pico/pico-sdk/src/rp2_common/pico_standard_link/crt0.S.obj
                0x200026d0                        __HeapLimit = .

.stack1_dummy
 *(.stack1*)

.stack_dummy    0x20041000      0x800
 *(.stack*)
 .stack         0x20041000      0x800 CMakeFiles/test.dir/home/kedar/pico/pico-sdk/src/rp2_common/pico_standard_link/crt0.S.obj

.flash_end      0x100096ec        0x0
                0x100096ec                        PROVIDE (__flash_binary_end = .)
                0x20040000                        __StackLimit = (ORIGIN (RAM) + LENGTH (RAM))
                0x20041000                        __StackOneTop = (ORIGIN (SCRATCH_X) + LENGTH (SCRATCH_X))
                0x20042000                        __StackTop = (ORIGIN (SCRATCH_Y) + LENGTH (SCRATCH_Y))
                0x20041000                        __StackOneBottom = (__StackOneTop - SIZEOF (.stack1_dummy))
                0x20041800                        __StackBottom = (__StackTop - SIZEOF (.stack_dummy))
                0x20042000                        PROVIDE (__stack = __StackTop)
                0x00000001                        ASSERT ((__StackLimit >= __HeapLimit), region RAM overflowed)
                0x00000001                        ASSERT (((__binary_info_header_end - __logical_binary_start) <= 0x100), Binary info must be in first 256 bytes of the binary)
LOAD CMakeFiles/test.dir/main.cpp.obj
LOAD CMakeFiles/test.dir/home/kedar/pico/pico-sdk/src/rp2_common/pico_stdlib/stdlib.c.obj
LOAD CMakeFiles/test.dir/home/kedar/pico/pico-sdk/src/rp2_common/hardware_gpio/gpio.c.obj
LOAD CMakeFiles/test.dir/home/kedar/pico/pico-sdk/src/rp2_common/pico_platform/platform.c.obj
LOAD CMakeFiles/test.dir/home/kedar/pico/pico-sdk/src/rp2_common/hardware_claim/claim.c.obj
LOAD CMakeFiles/test.dir/home/kedar/pico/pico-sdk/src/rp2_common/hardware_sync/sync.c.obj
LOAD CMakeFiles/test.dir/home/kedar/pico/pico-sdk/src/rp2_common/hardware_irq/irq.c.obj
LOAD CMakeFiles/test.dir/home/kedar/pico/pico-sdk/src/rp2_common/hardware_irq/irq_handler_chain.S.obj
LOAD CMakeFiles/test.dir/home/kedar/pico/pico-sdk/src/common/pico_sync/sem.c.obj
LOAD CMakeFiles/test.dir/home/kedar/pico/pico-sdk/src/common/pico_sync/lock_core.c.obj
LOAD CMakeFiles/test.dir/home/kedar/pico/pico-sdk/src/common/pico_sync/mutex.c.obj
LOAD CMakeFiles/test.dir/home/kedar/pico/pico-sdk/src/common/pico_sync/critical_section.c.obj
LOAD CMakeFiles/test.dir/home/kedar/pico/pico-sdk/src/common/pico_time/time.c.obj
LOAD CMakeFiles/test.dir/home/kedar/pico/pico-sdk/src/common/pico_time/timeout_helper.c.obj
LOAD CMakeFiles/test.dir/home/kedar/pico/pico-sdk/src/rp2_common/hardware_timer/timer.c.obj
LOAD CMakeFiles/test.dir/home/kedar/pico/pico-sdk/src/common/pico_util/datetime.c.obj
LOAD CMakeFiles/test.dir/home/kedar/pico/pico-sdk/src/common/pico_util/pheap.c.obj
LOAD CMakeFiles/test.dir/home/kedar/pico/pico-sdk/src/common/pico_util/queue.c.obj
LOAD CMakeFiles/test.dir/home/kedar/pico/pico-sdk/src/rp2_common/hardware_uart/uart.c.obj
LOAD CMakeFiles/test.dir/home/kedar/pico/pico-sdk/src/rp2_common/hardware_clocks/clocks.c.obj
LOAD CMakeFiles/test.dir/home/kedar/pico/pico-sdk/src/rp2_common/hardware_pll/pll.c.obj
LOAD CMakeFiles/test.dir/home/kedar/pico/pico-sdk/src/rp2_common/hardware_vreg/vreg.c.obj
LOAD CMakeFiles/test.dir/home/kedar/pico/pico-sdk/src/rp2_common/hardware_watchdog/watchdog.c.obj
LOAD CMakeFiles/test.dir/home/kedar/pico/pico-sdk/src/rp2_common/hardware_xosc/xosc.c.obj
LOAD CMakeFiles/test.dir/home/kedar/pico/pico-sdk/src/rp2_common/hardware_divider/divider.S.obj
LOAD CMakeFiles/test.dir/home/kedar/pico/pico-sdk/src/rp2_common/pico_runtime/runtime.c.obj
LOAD CMakeFiles/test.dir/home/kedar/pico/pico-sdk/src/rp2_common/pico_printf/printf.c.obj
LOAD CMakeFiles/test.dir/home/kedar/pico/pico-sdk/src/rp2_common/pico_bit_ops/bit_ops_aeabi.S.obj
LOAD CMakeFiles/test.dir/home/kedar/pico/pico-sdk/src/rp2_common/pico_bootrom/bootrom.c.obj
LOAD CMakeFiles/test.dir/home/kedar/pico/pico-sdk/src/rp2_common/pico_divider/divider.S.obj
LOAD CMakeFiles/test.dir/home/kedar/pico/pico-sdk/src/rp2_common/pico_double/double_aeabi.S.obj
LOAD CMakeFiles/test.dir/home/kedar/pico/pico-sdk/src/rp2_common/pico_double/double_init_rom.c.obj
LOAD CMakeFiles/test.dir/home/kedar/pico/pico-sdk/src/rp2_common/pico_double/double_math.c.obj
LOAD CMakeFiles/test.dir/home/kedar/pico/pico-sdk/src/rp2_common/pico_double/double_v1_rom_shim.S.obj
LOAD CMakeFiles/test.dir/home/kedar/pico/pico-sdk/src/rp2_common/pico_int64_ops/pico_int64_ops_aeabi.S.obj
LOAD CMakeFiles/test.dir/home/kedar/pico/pico-sdk/src/rp2_common/pico_float/float_aeabi.S.obj
LOAD CMakeFiles/test.dir/home/kedar/pico/pico-sdk/src/rp2_common/pico_float/float_init_rom.c.obj
LOAD CMakeFiles/test.dir/home/kedar/pico/pico-sdk/src/rp2_common/pico_float/float_math.c.obj
LOAD CMakeFiles/test.dir/home/kedar/pico/pico-sdk/src/rp2_common/pico_float/float_v1_rom_shim.S.obj
LOAD CMakeFiles/test.dir/home/kedar/pico/pico-sdk/src/rp2_common/pico_malloc/pico_malloc.c.obj
LOAD CMakeFiles/test.dir/home/kedar/pico/pico-sdk/src/rp2_common/pico_mem_ops/mem_ops_aeabi.S.obj
LOAD CMakeFiles/test.dir/home/kedar/pico/pico-sdk/src/rp2_common/pico_standard_link/crt0.S.obj
LOAD CMakeFiles/test.dir/home/kedar/pico/pico-sdk/src/rp2_common/pico_standard_link/new_delete.cpp.obj
LOAD CMakeFiles/test.dir/home/kedar/pico/pico-sdk/src/rp2_common/pico_standard_link/binary_info.c.obj
LOAD CMakeFiles/test.dir/home/kedar/pico/pico-sdk/src/rp2_common/pico_stdio/stdio.c.obj
LOAD CMakeFiles/test.dir/home/kedar/pico/pico-sdk/src/rp2_common/pico_stdio_usb/reset_interface.c.obj
LOAD CMakeFiles/test.dir/home/kedar/pico/pico-sdk/src/rp2_common/pico_stdio_usb/stdio_usb.c.obj
LOAD CMakeFiles/test.dir/home/kedar/pico/pico-sdk/src/rp2_common/pico_stdio_usb/stdio_usb_descriptors.c.obj
LOAD CMakeFiles/test.dir/home/kedar/pico/pico-sdk/src/rp2_common/pico_unique_id/unique_id.c.obj
LOAD CMakeFiles/test.dir/home/kedar/pico/pico-sdk/src/rp2_common/hardware_flash/flash.c.obj
LOAD CMakeFiles/test.dir/home/kedar/pico/pico-sdk/lib/tinyusb/src/portable/raspberrypi/rp2040/dcd_rp2040.c.obj
LOAD CMakeFiles/test.dir/home/kedar/pico/pico-sdk/lib/tinyusb/src/portable/raspberrypi/rp2040/rp2040_usb.c.obj
LOAD CMakeFiles/test.dir/home/kedar/pico/pico-sdk/lib/tinyusb/src/device/usbd.c.obj
LOAD CMakeFiles/test.dir/home/kedar/pico/pico-sdk/lib/tinyusb/src/device/usbd_control.c.obj
LOAD CMakeFiles/test.dir/home/kedar/pico/pico-sdk/lib/tinyusb/src/class/audio/audio_device.c.obj
LOAD CMakeFiles/test.dir/home/kedar/pico/pico-sdk/lib/tinyusb/src/class/cdc/cdc_device.c.obj
LOAD CMakeFiles/test.dir/home/kedar/pico/pico-sdk/lib/tinyusb/src/class/dfu/dfu_device.c.obj
LOAD CMakeFiles/test.dir/home/kedar/pico/pico-sdk/lib/tinyusb/src/class/dfu/dfu_rt_device.c.obj
LOAD CMakeFiles/test.dir/home/kedar/pico/pico-sdk/lib/tinyusb/src/class/hid/hid_device.c.obj
LOAD CMakeFiles/test.dir/home/kedar/pico/pico-sdk/lib/tinyusb/src/class/midi/midi_device.c.obj
LOAD CMakeFiles/test.dir/home/kedar/pico/pico-sdk/lib/tinyusb/src/class/msc/msc_device.c.obj
LOAD CMakeFiles/test.dir/home/kedar/pico/pico-sdk/lib/tinyusb/src/class/net/ecm_rndis_device.c.obj
LOAD CMakeFiles/test.dir/home/kedar/pico/pico-sdk/lib/tinyusb/src/class/net/ncm_device.c.obj
LOAD CMakeFiles/test.dir/home/kedar/pico/pico-sdk/lib/tinyusb/src/class/usbtmc/usbtmc_device.c.obj
LOAD CMakeFiles/test.dir/home/kedar/pico/pico-sdk/lib/tinyusb/src/class/vendor/vendor_device.c.obj
LOAD CMakeFiles/test.dir/home/kedar/pico/pico-sdk/lib/tinyusb/src/class/video/video_device.c.obj
LOAD CMakeFiles/test.dir/home/kedar/pico/pico-sdk/lib/tinyusb/src/portable/raspberrypi/pio_usb/dcd_pio_usb.c.obj
LOAD CMakeFiles/test.dir/home/kedar/pico/pico-sdk/lib/tinyusb/src/tusb.c.obj
LOAD CMakeFiles/test.dir/home/kedar/pico/pico-sdk/lib/tinyusb/src/common/tusb_fifo.c.obj
LOAD CMakeFiles/test.dir/home/kedar/pico/pico-sdk/src/rp2_common/pico_fix/rp2040_usb_device_enumeration/rp2040_usb_device_enumeration.c.obj
LOAD /tmp/ccsrEJHN.o
LOAD /usr/lib/gcc/arm-none-eabi/13.2.1/../../../arm-none-eabi/lib/thumb/v6-m/nofp/libstdc++.a
LOAD /usr/lib/gcc/arm-none-eabi/13.2.1/../../../arm-none-eabi/lib/thumb/v6-m/nofp/libm.a
START GROUP
LOAD /usr/lib/gcc/arm-none-eabi/13.2.1/thumb/v6-m/nofp/libgcc.a
LOAD /usr/lib/gcc/arm-none-eabi/13.2.1/../../../arm-none-eabi/lib/thumb/v6-m/nofp/libc.a
END GROUP
START GROUP
LOAD /usr/lib/gcc/arm-none-eabi/13.2.1/thumb/v6-m/nofp/libgcc.a
LOAD /usr/lib/gcc/arm-none-eabi/13.2.1/../../../arm-none-eabi/lib/thumb/v6-m/nofp/libc.a
LOAD /usr/lib/gcc/arm-none-eabi/13.2.1/../../../arm-none-eabi/lib/thumb/v6-m/nofp/libnosys.a
END GROUP
LOAD /usr/lib/gcc/arm-none-eabi/13.2.1/thumb/v6-m/nofp/crtend.o
LOAD /usr/lib/gcc/arm-none-eabi/13.2.1/thumb/v6-m/nofp/crtn.o
OUTPUT(test.elf elf32-littlearm)
LOAD linker stubs

.ARM.attributes
                0x00000000       0x28
 .ARM.attributes
                0x00000000       0x1e /usr/lib/gcc/arm-none-eabi/13.2.1/thumb/v6-m/nofp/crti.o
 .ARM.attributes
                0x0000001e       0x2c /usr/lib/gcc/arm-none-eabi/13.2.1/thumb/v6-m/nofp/crtbegin.o
 .ARM.attributes
                0x0000004a       0x2c CMakeFiles/test.dir/main.cpp.obj
 .ARM.attributes
                0x00000076       0x2c CMakeFiles/test.dir/home/kedar/pico/pico-sdk/src/rp2_common/hardware_gpio/gpio.c.obj
 .ARM.attributes